07-06 06:24:23.176 D/BatteryMeterDrawable( 3582): Charging false mPluggedIn false
07-06 06:24:23.176 E/QtiImsExtUtils( 3720): getConfigForPhoneId subId is invalid
07-06 06:24:23.176 E/QtiImsExtUtils( 3720): isCarrierConfigEnabled bundle is null
07-06 06:24:23.176 D/KeyguardUpdateMonitor( 3582): handleBatteryUpdate
07-06 06:24:27.972 I/MSM-irqbalance(  720): Decided to move IRQ200 from CPU3 to CPU2
07-06 06:24:32.972 I/MSM-irqbalance(  720): Decided to move IRQ155 from CPU3 to CPU2
07-06 06:24:37.942 D/HeadsetPhoneState( 3520): Enter onSignalStrengthsChanged
07-06 06:24:37.942 D/HeadsetPhoneState( 3520): Exit onSignalStrengthsChanged
07-06 06:24:37.969 I/MSM-irqbalance(  720): Decided to move IRQ200 from CPU6 [P:0] to CPU3 [P:1] (banned)
07-06 06:24:37.972 E/XTCC-5.1.0.19-a( 2396): [CS-RIL-LISTENER] handleRilCellUpdate failed, result = -1
07-06 06:24:42.969 I/MSM-irqbalance(  720): Decided to move IRQ200 from CPU6 [P:0] to CPU1 [P:1] (banned)
07-06 06:24:44.739 I/chatty  (13302): uid=1000(system) /system/bin/ATFWD-daemon expire 10 lines
07-06 06:24:47.972 I/MSM-irqbalance(  720): Decided to move IRQ200 from CPU6 [P:0] to CPU1 [P:1] (banned)
07-06 06:24:50.715 D/KeyguardUpdateMonitor( 3582): received broadcast android.intent.action.BATTERY_CHANGED
07-06 06:24:50.716 W/QCNEJ   ( 4347): |CORE| CNE received unexpected action: android.intent.action.BATTERY_CHANGED
07-06 06:24:50.716 D/HeadsetStateMachine( 3520): Disconnected process message: 10, size: 0
07-06 06:24:50.716 D/HeadsetStateMachine( 3520): Enter processIntentBatteryChanged()
07-06 06:24:50.716 D/HeadsetStateMachine( 3520): Exit processIntentBatteryChanged()
07-06 06:24:50.716 D/HeadsetStateMachine( 3520): Exit Disconnected processMessage() 
07-06 06:24:50.718 D/BatteryMeterDrawable( 3582): Charging false mPluggedIn false
07-06 06:24:50.718 D/BatteryMeterDrawable( 3582): Charging false mPluggedIn false
07-06 06:24:50.718 D/KeyguardUpdateMonitor( 3582): handleBatteryUpdate
07-06 06:24:50.719 E/QtiImsExtUtils( 3720): getConfigForPhoneId subId is invalid
07-06 06:24:50.719 E/QtiImsExtUtils( 3720): isCarrierConfigEnabled bundle is null
07-06 06:24:52.973 I/MSM-irqbalance(  720): Decided to move IRQ200 from CPU1 to CPU2
07-06 06:24:57.974 I/MSM-irqbalance(  720): Decided to move IRQ203 from CPU1 to CPU2
07-06 06:25:00.005 D/KeyguardUpdateMonitor( 3582): received broadcast android.intent.action.TIME_TICK
07-06 06:25:00.005 D/KeyguardUpdateMonitor( 3582): handleTimeUpdate
07-06 06:25:02.847 D/QcrilMsgTunnelSocket( 3923): Response ID in RIL_UNSOL_OEM_HOOK_RAW is 525295
07-06 06:25:02.847 D/QcrilMsgTunnelSocket( 3923): yjo factory test id is 525319
07-06 06:25:02.847 D/QcrilMsgTunnelIfaceManager( 3923): handleMessage what = 0
07-06 06:25:02.849 D/QC_RIL_OEM_HOOK( 3720): Received Broadcast Intent ACTION_UNSOL_RESPONSE_OEM_HOOK_RAW
07-06 06:25:02.850 D/QC_RIL_OEM_HOOK( 3720): Oem ID in QCRILHOOK UNSOL RESP is QOEMHOOK
07-06 06:25:02.850 D/QC_RIL_OEM_HOOK( 3720): Received Broadcast Intent ACTION_UNSOL_RESPONSE_OEM_HOOK_RAW
07-06 06:25:02.850 D/QC_RIL_OEM_HOOK( 6113): Received Broadcast Intent ACTION_UNSOL_RESPONSE_OEM_HOOK_RAW
07-06 06:25:02.850 D/QC_RIL_OEM_HOOK( 3720): Oem ID in QCRILHOOK UNSOL RESP is QOEMHOOK
07-06 06:25:02.850 D/QC_RIL_OEM_HOOK( 3720): Received Broadcast Intent ACTION_UNSOL_RESPONSE_OEM_HOOK_RAW
07-06 06:25:02.850 D/QC_RIL_OEM_HOOK( 3720): Oem ID in QCRILHOOK UNSOL RESP is QOEMHOOK
07-06 06:25:02.850 D/QC_RIL_OEM_HOOK( 6113): Oem ID in QCRILHOOK UNSOL RESP is QOEMHOOK
07-06 06:25:02.855 D/QcrilMsgTunnelSocket( 3923): Response ID in RIL_UNSOL_OEM_HOOK_RAW is 525295
07-06 06:25:02.855 D/QcrilMsgTunnelSocket( 3923): yjo factory test id is 525319
07-06 06:25:02.855 D/QcrilMsgTunnelIfaceManager( 3923): handleMessage what = 0
07-06 06:25:02.858 D/QC_RIL_OEM_HOOK( 6113): Received Broadcast Intent ACTION_UNSOL_RESPONSE_OEM_HOOK_RAW
07-06 06:25:02.858 D/QC_RIL_OEM_HOOK( 6113): Oem ID in QCRILHOOK UNSOL RESP is QOEMHOOK
07-06 06:25:02.861 D/HeadsetPhoneState( 3520): Enter onSignalStrengthsChanged
07-06 06:25:02.861 D/HeadsetPhoneState( 3520): Exit onSignalStrengthsChanged
07-06 06:25:02.861 D/QC_RIL_OEM_HOOK( 3720): Received Broadcast Intent ACTION_UNSOL_RESPONSE_OEM_HOOK_RAW
07-06 06:25:02.862 D/QC_RIL_OEM_HOOK( 3720): Oem ID in QCRILHOOK UNSOL RESP is QOEMHOOK
07-06 06:25:02.862 D/QC_RIL_OEM_HOOK( 3720): Received Broadcast Intent ACTION_UNSOL_RESPONSE_OEM_HOOK_RAW
07-06 06:25:02.862 D/QC_RIL_OEM_HOOK( 3720): Oem ID in QCRILHOOK UNSOL RESP is QOEMHOOK
07-06 06:25:02.862 D/QC_RIL_OEM_HOOK( 3720): Received Broadcast Intent ACTION_UNSOL_RESPONSE_OEM_HOOK_RAW
07-06 06:25:02.863 D/QC_RIL_OEM_HOOK( 3720): Oem ID in QCRILHOOK UNSOL RESP is QOEMHOOK
07-06 06:25:02.984 I/MSM-irqbalance(  720): Decided to move IRQ200 from CPU6 [P:0] to CPU1 [P:1] (banned)
07-06 06:25:07.992 I/MSM-irqbalance(  720): Decided to move IRQ200 from CPU6 [P:0] to CPU1 [P:1] (banned)
07-06 06:25:07.993 I/MSM-irqbalance(  720): Decided to move IRQ203 from CPU6 [P:0] to CPU3 [P:1] (banned)
07-06 06:25:08.750 I/chatty  (13302): uid=1000(system) /system/bin/ATFWD-daemon expire 6 lines
07-06 06:25:11.561 E/BatteryStatsService( 3248): no controller energy info supplied
07-06 06:25:11.585 E/BatteryStatsService( 3248): modem info is invalid: ModemActivityInfo{ mTimestamp=162506230 mSleepTimeMs=160909810 mIdleTimeMs=-160775937 mTxTimeMs[]=[0, 0, 0, 0, 0] mRxTimeMs=7360 mEnergyUsed=0}
07-06 06:25:11.596 D/KeyguardUpdateMonitor( 3582): received broadcast android.intent.action.BATTERY_CHANGED
07-06 06:25:11.596 D/HeadsetStateMachine( 3520): Disconnected process message: 10, size: 0
07-06 06:25:11.596 W/QCNEJ   ( 4347): |CORE| CNE received unexpected action: android.intent.action.BATTERY_CHANGED
07-06 06:25:11.596 D/HeadsetStateMachine( 3520): Enter processIntentBatteryChanged()
07-06 06:25:11.596 D/HeadsetStateMachine( 3520): Exit processIntentBatteryChanged()
07-06 06:25:11.596 D/HeadsetStateMachine( 3520): Exit Disconnected processMessage() 
07-06 06:25:11.597 D/BatteryMeterDrawable( 3582): Charging false mPluggedIn false
07-06 06:25:11.597 D/BatteryMeterDrawable( 3582): Charging false mPluggedIn false
07-06 06:25:11.598 D/KeyguardUpdateMonitor( 3582): handleBatteryUpdate
07-06 06:25:11.599 E/QtiImsExtUtils( 3720): getConfigForPhoneId subId is invalid
07-06 06:25:11.599 E/QtiImsExtUtils( 3720): isCarrierConfigEnabled bundle is null
07-06 06:25:12.992 I/MSM-irqbalance(  720): Decided to move IRQ200 from CPU6 [P:0] to CPU1 [P:1] (banned)
07-06 06:25:13.218 D/KeyguardUpdateMonitor( 3582): received broadcast android.intent.action.BATTERY_CHANGED
07-06 06:25:13.220 D/HeadsetStateMachine( 3520): Disconnected process message: 10, size: 0
07-06 06:25:13.220 D/HeadsetStateMachine( 3520): Enter processIntentBatteryChanged()
07-06 06:25:13.220 W/QCNEJ   ( 4347): |CORE| CNE received unexpected action: android.intent.action.BATTERY_CHANGED
07-06 06:25:13.220 D/HeadsetStateMachine( 3520): Exit processIntentBatteryChanged()
07-06 06:25:13.220 D/HeadsetStateMachine( 3520): Exit Disconnected processMessage() 
07-06 06:25:13.221 D/KeyguardUpdateMonitor( 3582): handleBatteryUpdate
07-06 06:25:13.221 D/BatteryMeterDrawable( 3582): Charging false mPluggedIn false
07-06 06:25:13.221 D/BatteryMeterDrawable( 3582): Charging false mPluggedIn false
07-06 06:25:13.224 E/QtiImsExtUtils( 3720): getConfigForPhoneId subId is invalid
07-06 06:25:13.224 E/QtiImsExtUtils( 3720): isCarrierConfigEnabled bundle is null
07-06 06:25:15.550 I/Quasar  (12131): start to send events
07-06 06:25:15.578 W/Quasar  (12131): java.net.UnknownHostException: Unable to resolve host "inst.platform.bing.com": No address associated with hostname
07-06 06:25:18.012 I/MSM-irqbalance(  720): Decided to move IRQ203 from CPU1 to CPU2
07-06 06:25:20.782 D/KeyguardUpdateMonitor( 3582): received broadcast android.intent.action.BATTERY_CHANGED
07-06 06:25:20.784 D/KeyguardUpdateMonitor( 3582): handleBatteryUpdate
07-06 06:25:20.784 D/HeadsetStateMachine( 3520): Disconnected process message: 10, size: 0
07-06 06:25:20.784 D/HeadsetStateMachine( 3520): Enter processIntentBatteryChanged()
07-06 06:25:20.784 W/QCNEJ   ( 4347): |CORE| CNE received unexpected action: android.intent.action.BATTERY_CHANGED
07-06 06:25:20.785 D/HeadsetStateMachine( 3520): Exit processIntentBatteryChanged()
07-06 06:25:20.785 D/HeadsetStateMachine( 3520): Exit Disconnected processMessage() 
07-06 06:25:20.785 D/BatteryMeterDrawable( 3582): Charging false mPluggedIn false
07-06 06:25:20.785 D/BatteryMeterDrawable( 3582): Charging false mPluggedIn false
07-06 06:25:20.787 E/QtiImsExtUtils( 3720): getConfigForPhoneId subId is invalid
07-06 06:25:20.787 E/QtiImsExtUtils( 3720): isCarrierConfigEnabled bundle is null
07-06 06:25:23.022 I/MSM-irqbalance(  720): Decided to move IRQ200 from CPU6 [P:0] to CPU1 [P:1] (banned)
07-06 06:25:28.022 I/MSM-irqbalance(  720): Decided to move IRQ200 from CPU6 [P:0] to CPU1 [P:1] (banned)
07-06 06:25:33.032 I/MSM-irqbalance(  720): Decided to move IRQ200 from CPU6 [P:0] to CPU1 [P:1] (banned)
07-06 06:25:33.033 I/MSM-irqbalance(  720): Decided to move IRQ203 from CPU6 [P:0] to CPU3 [P:1] (banned)
07-06 06:25:33.757 I/ServiceManager(13302): Waiting for service AtCmdFwd...
07-06 06:25:34.758 W/Atfwd_Sendcmd(13302): AtCmdFwd service not published, waiting... retryCnt : 5
07-06 06:25:38.043 I/MSM-irqbalance(  720): Decided to move IRQ200 from CPU6 [P:0] to CPU1 [P:1] (banned)
07-06 06:25:43.062 I/MSM-irqbalance(  720): Decided to move IRQ200 from CPU6 [P:0] to CPU1 [P:1] (banned)
07-06 06:25:43.063 I/MSM-irqbalance(  720): Decided to move IRQ203 from CPU6 [P:0] to CPU3 [P:1] (banned)
07-06 06:25:48.073 I/MSM-irqbalance(  720): Decided to move IRQ200 from CPU6 [P:0] to CPU1 [P:1] (banned)
07-06 06:25:53.083 I/MSM-irqbalance(  720): Decided to move IRQ200 from CPU6 [P:0] to CPU1 [P:1] (banned)
07-06 06:25:58.083 I/MSM-irqbalance(  720): Decided to move IRQ200 from CPU6 [P:0] to CPU1 [P:1] (banned)
07-06 06:25:59.758 I/Atfwd_Sendcmd(13302): AtCmdFwd service not ready - Exhausted retry attempts - :6
07-06 06:25:59.758 I/Atfwd_Daemon(13302): result : -1 	 ,Init step :2 	 ,qmiErrorCode: 0
07-06 06:25:59.758 I/Atfwd_Daemon(13302): 
07-06 06:25:59.758 I/Atfwd_Daemon(13302):  Sleeping...
07-06 06:26:00.002 D/KeyguardUpdateMonitor( 3582): received broadcast android.intent.action.TIME_TICK
07-06 06:26:00.002 D/KeyguardUpdateMonitor( 3582): handleTimeUpdate
07-06 06:26:03.082 I/MSM-irqbalance(  720): Decided to move IRQ200 from CPU6 [P:0] to CPU1 [P:1] (banned)
07-06 06:26:08.082 I/MSM-irqbalance(  720): Decided to move IRQ200 from CPU6 [P:0] to CPU1 [P:1] (banned)
07-06 06:26:10.692 I/ProcessStatsService( 3248): Prepared write state in 5ms
07-06 06:26:13.092 I/MSM-irqbalance(  720): Decided to move IRQ200 from CPU6 [P:0] to CPU1 [P:1] (banned)
07-06 06:26:14.024 E/ctxmgr  ( 5493): [BaseServerTask]Failed network request due to no network connectivity: expired
07-06 06:26:14.027 E/ctxmgr  ( 5493): [DailyCheckinOperation]Failed daily get config: network status=1
07-06 06:26:15.633 I/Quasar  (12131): start to send events
07-06 06:26:15.664 W/Quasar  (12131): java.net.UnknownHostException: Unable to resolve host "inst.platform.bing.com": No address associated with hostname
07-06 06:26:18.102 I/MSM-irqbalance(  720): Decided to move IRQ200 from CPU6 [P:0] to CPU1 [P:1] (banned)
07-06 06:26:18.103 I/MSM-irqbalance(  720): Decided to move IRQ203 from CPU6 [P:0] to CPU3 [P:1] (banned)
07-06 06:26:19.759 I/Atfwd_Daemon(13302): 
07-06 06:26:19.759 I/Atfwd_Daemon(13302):  Out of sleep...
07-06 06:26:19.759 I/Atfwd_Daemon(13302): 
07-06 06:26:19.759 I/Atfwd_Daemon(13302): 
07-06 06:26:19.759 I/Atfwd_Daemon(13302):  TrtyInit: retryCnt: 5
07-06 06:26:19.759 I/ServiceManager(13302): Waiting for service AtCmdFwd...
07-06 06:26:20.761 I/ServiceManager(13302): Waiting for service AtCmdFwd...
07-06 06:26:20.869 D/KeyguardUpdateMonitor( 3582): received broadcast android.intent.action.BATTERY_CHANGED
07-06 06:26:20.871 W/QCNEJ   ( 4347): |CORE| CNE received unexpected action: android.intent.action.BATTERY_CHANGED
07-06 06:26:20.871 D/HeadsetStateMachine( 3520): Disconnected process message: 10, size: 0
07-06 06:26:20.871 D/HeadsetStateMachine( 3520): Enter processIntentBatteryChanged()
07-06 06:26:20.871 D/HeadsetStateMachine( 3520): Exit processIntentBatteryChanged()
07-06 06:26:20.871 D/HeadsetStateMachine( 3520): Exit Disconnected processMessage() 
07-06 06:26:20.872 D/KeyguardUpdateMonitor( 3582): handleBatteryUpdate
07-06 06:26:20.872 D/BatteryMeterDrawable( 3582): Charging false mPluggedIn false
07-06 06:26:20.872 D/BatteryMeterDrawable( 3582): Charging false mPluggedIn false
07-06 06:26:20.874 E/QtiImsExtUtils( 3720): getConfigForPhoneId subId is invalid
07-06 06:26:20.874 E/QtiImsExtUtils( 3720): isCarrierConfigEnabled bundle is null
07-06 06:26:21.763 I/ServiceManager(13302): Waiting for service AtCmdFwd...
07-06 06:26:22.764 I/ServiceManager(13302): Waiting for service AtCmdFwd...
07-06 06:26:23.103 I/MSM-irqbalance(  720): Decided to move IRQ200 from CPU6 [P:0] to CPU1 [P:1] (banned)
07-06 06:26:23.765 I/ServiceManager(13302): Waiting for service AtCmdFwd...
07-06 06:26:24.765 W/Atfwd_Sendcmd(13302): AtCmdFwd service not published, waiting... retryCnt : 1
07-06 06:26:28.102 I/MSM-irqbalance(  720): Decided to move IRQ200 from CPU6 [P:0] to CPU1 [P:1] (banned)
07-06 06:26:29.767 I/ServiceManager(13302): Waiting for service AtCmdFwd...
07-06 06:26:30.767 I/ServiceManager(13302): Waiting for service AtCmdFwd...
07-06 06:26:31.768 I/ServiceManager(13302): Waiting for service AtCmdFwd...
07-06 06:26:32.769 I/ServiceManager(13302): Waiting for service AtCmdFwd...
07-06 06:26:33.123 I/MSM-irqbalance(  720): Decided to move IRQ200 from CPU6 [P:0] to CPU1 [P:1] (banned)
07-06 06:26:33.769 I/ServiceManager(13302): Waiting for service AtCmdFwd...
07-06 06:26:34.771 W/Atfwd_Sendcmd(13302): AtCmdFwd service not published, waiting... retryCnt : 2
07-06 06:26:38.132 I/MSM-irqbalance(  720): Decided to move IRQ200 from CPU6 [P:0] to CPU1 [P:1] (banned)
07-06 06:26:43.133 I/MSM-irqbalance(  720): Decided to move IRQ200 from CPU6 [P:0] to CPU1 [P:1] (banned)
07-06 06:26:43.133 I/MSM-irqbalance(  720): Decided to move IRQ203 from CPU6 [P:0] to CPU3 [P:1] (banned)
07-06 06:26:44.772 I/ServiceManager(13302): Waiting for service AtCmdFwd...
07-06 06:26:45.772 I/ServiceManager(13302): Waiting for service AtCmdFwd...
07-06 06:26:46.773 I/ServiceManager(13302): Waiting for service AtCmdFwd...
07-06 06:26:47.775 I/ServiceManager(13302): Waiting for service AtCmdFwd...
07-06 06:26:48.132 I/MSM-irqbalance(  720): Decided to move IRQ200 from CPU6 [P:0] to CPU1 [P:1] (banned)
07-06 06:26:48.775 I/ServiceManager(13302): Waiting for service AtCmdFwd...
07-06 06:26:49.775 W/Atfwd_Sendcmd(13302): AtCmdFwd service not published, waiting... retryCnt : 3
07-06 06:26:50.253 I/chatty  ( 4722): uid=1010(wifi) /system/bin/wpa_supplicant expire 174 lines
07-06 06:26:51.094 D/KeyguardUpdateMonitor( 3582): received broadcast android.intent.action.BATTERY_CHANGED
07-06 06:26:51.095 D/HeadsetStateMachine( 3520): Disconnected process message: 10, size: 0
07-06 06:26:51.096 D/HeadsetStateMachine( 3520): Enter processIntentBatteryChanged()
07-06 06:26:51.096 W/QCNEJ   ( 4347): |CORE| CNE received unexpected action: android.intent.action.BATTERY_CHANGED
07-06 06:26:51.096 D/HeadsetStateMachine( 3520): Exit processIntentBatteryChanged()
07-06 06:26:51.096 D/HeadsetStateMachine( 3520): Exit Disconnected processMessage() 
07-06 06:26:51.097 D/BatteryMeterDrawable( 3582): Charging false mPluggedIn false
07-06 06:26:51.097 D/BatteryMeterDrawable( 3582): Charging false mPluggedIn false
07-06 06:26:51.097 D/KeyguardUpdateMonitor( 3582): handleBatteryUpdate
07-06 06:26:51.099 E/QtiImsExtUtils( 3720): getConfigForPhoneId subId is invalid
07-06 06:26:51.099 E/QtiImsExtUtils( 3720): isCarrierConfigEnabled bundle is null
07-06 06:26:53.132 I/MSM-irqbalance(  720): Decided to move IRQ200 from CPU6 [P:0] to CPU1 [P:1] (banned)
07-06 06:26:53.133 I/MSM-irqbalance(  720): Decided to move IRQ203 from CPU6 [P:0] to CPU3 [P:1] (banned)
07-06 06:26:58.132 I/MSM-irqbalance(  720): Decided to move IRQ200 from CPU6 [P:0] to CPU1 [P:1] (banned)
07-06 06:27:00.005 D/KeyguardUpdateMonitor( 3582): received broadcast android.intent.action.TIME_TICK
07-06 06:27:00.005 D/KeyguardUpdateMonitor( 3582): handleTimeUpdate
07-06 06:27:03.132 I/MSM-irqbalance(  720): Decided to move IRQ200 from CPU6 [P:0] to CPU1 [P:1] (banned)
07-06 06:27:04.776 I/ServiceManager(13302): Waiting for service AtCmdFwd...
07-06 06:27:05.777 I/ServiceManager(13302): Waiting for service AtCmdFwd...
07-06 06:27:06.778 I/ServiceManager(13302): Waiting for service AtCmdFwd...
07-06 06:27:07.780 I/ServiceManager(13302): Waiting for service AtCmdFwd...
07-06 06:27:07.985 D/KeyguardUpdateMonitor( 3582): received broadcast android.intent.action.BATTERY_CHANGED
07-06 06:27:07.987 D/HeadsetStateMachine( 3520): Disconnected process message: 10, size: 0
07-06 06:27:07.987 D/HeadsetStateMachine( 3520): Enter processIntentBatteryChanged()
07-06 06:27:07.988 W/QCNEJ   ( 4347): |CORE| CNE received unexpected action: android.intent.action.BATTERY_CHANGED
07-06 06:27:07.988 D/HeadsetStateMachine( 3520): Exit processIntentBatteryChanged()
07-06 06:27:07.988 D/HeadsetStateMachine( 3520): Exit Disconnected processMessage() 
07-06 06:27:07.993 E/BatteryStatsService( 3248): no controller energy info supplied
07-06 06:27:07.998 E/QtiImsExtUtils( 3720): getConfigForPhoneId subId is invalid
07-06 06:27:07.998 E/QtiImsExtUtils( 3720): isCarrierConfigEnabled bundle is null
07-06 06:27:07.998 D/BatteryMeterDrawable( 3582): Charging false mPluggedIn true
07-06 06:27:07.998 D/BatteryMeterDrawable( 3582): Charging false mPluggedIn true
07-06 06:27:07.998 D/KeyguardUpdateMonitor( 3582): handleBatteryUpdate
07-06 06:27:08.000 I/chatty  ( 3248): uid=1000(system) FLP Service Cal expire 10 lines
07-06 06:27:08.002 I/EntropyMixer( 3248): Writing entropy...
07-06 06:27:08.017 E/BatteryStatsService( 3248): modem info is invalid: ModemActivityInfo{ mTimestamp=162622663 mSleepTimeMs=161024850 mIdleTimeMs=-160909588 mTxTimeMs[]=[0, 0, 0, 0, 0] mRxTimeMs=1170 mEnergyUsed=0}
07-06 06:27:08.059 E/NetworkScheduler.SR( 5493): Invalid parameter app
07-06 06:27:08.059 E/NetworkScheduler.SR( 5493): Invalid package name : Perhaps you didn't include a PendingIntent in the extras?
07-06 06:27:08.130 I/MSM-irqbalance(  720): Decided to move IRQ200 from CPU6 [P:0] to CPU1 [P:1] (banned)
07-06 06:27:08.266 D/KeyguardUpdateMonitor( 3582): received broadcast android.intent.action.BATTERY_CHANGED
07-06 06:27:08.267 D/KeyguardUpdateMonitor( 3582): handleBatteryUpdate
07-06 06:27:08.268 D/HeadsetStateMachine( 3520): Disconnected process message: 10, size: 0
07-06 06:27:08.268 D/HeadsetStateMachine( 3520): Enter processIntentBatteryChanged()
07-06 06:27:08.268 D/HeadsetStateMachine( 3520): Exit processIntentBatteryChanged()
07-06 06:27:08.268 W/QCNEJ   ( 4347): |CORE| CNE received unexpected action: android.intent.action.BATTERY_CHANGED
07-06 06:27:08.268 D/HeadsetStateMachine( 3520): Exit Disconnected processMessage() 
07-06 06:27:08.268 D/BatteryMeterDrawable( 3582): Charging false mPluggedIn true
07-06 06:27:08.268 D/BatteryMeterDrawable( 3582): Charging false mPluggedIn true
07-06 06:27:08.270 E/QtiImsExtUtils( 3720): getConfigForPhoneId subId is invalid
07-06 06:27:08.270 E/QtiImsExtUtils( 3720): isCarrierConfigEnabled bundle is null
07-06 06:27:08.379 D/com.smartron.tronx.service.NotificationService( 4444): >>> onNotificationPosted <<<
07-06 06:27:08.386 W/QCNEJ   ( 4347): |CORE| CNE received unexpected action: android.intent.action.BATTERY_CHANGED
07-06 06:27:08.387 D/HeadsetStateMachine( 3520): Disconnected process message: 10, size: 0
07-06 06:27:08.387 D/HeadsetStateMachine( 3520): Enter processIntentBatteryChanged()
07-06 06:27:08.387 D/HeadsetStateMachine( 3520): Exit processIntentBatteryChanged()
07-06 06:27:08.387 D/HeadsetStateMachine( 3520): Exit Disconnected processMessage() 
07-06 06:27:08.393 D/com.smartron.tronx.service.NotificationService( 4444): >>> onNotificationPosted <<<
07-06 06:27:08.394 E/QtiImsExtUtils( 3720): getConfigForPhoneId subId is invalid
07-06 06:27:08.394 E/QtiImsExtUtils( 3720): isCarrierConfigEnabled bundle is null
07-06 06:27:08.430 D/KeyguardUpdateMonitor( 3582): received broadcast android.intent.action.BATTERY_CHANGED
07-06 06:27:08.431 D/BatteryMeterDrawable( 3582): Charging true mPluggedIn true
07-06 06:27:08.431 D/BatteryMeterDrawable( 3582): Charging true mPluggedIn true
07-06 06:27:08.436 D/KeyguardUpdateMonitor( 3582): handleBatteryUpdate
07-06 06:27:08.504 D/KeyguardUpdateMonitor( 3582): received broadcast android.intent.action.BATTERY_CHANGED
07-06 06:27:08.504 W/QCNEJ   ( 4347): |CORE| CNE received unexpected action: android.intent.action.BATTERY_CHANGED
07-06 06:27:08.504 D/HeadsetStateMachine( 3520): Disconnected process message: 10, size: 0
07-06 06:27:08.504 D/HeadsetStateMachine( 3520): Enter processIntentBatteryChanged()
07-06 06:27:08.504 D/HeadsetStateMachine( 3520): Exit processIntentBatteryChanged()
07-06 06:27:08.504 D/HeadsetStateMachine( 3520): Exit Disconnected processMessage() 
07-06 06:27:08.505 D/BatteryMeterDrawable( 3582): Charging true mPluggedIn true
07-06 06:27:08.505 D/BatteryMeterDrawable( 3582): Charging true mPluggedIn true
07-06 06:27:08.505 D/KeyguardUpdateMonitor( 3582): handleBatteryUpdate
07-06 06:27:08.505 E/QtiImsExtUtils( 3720): getConfigForPhoneId subId is invalid
07-06 06:27:08.505 E/QtiImsExtUtils( 3720): isCarrierConfigEnabled bundle is null
07-06 06:27:08.572 D/MtpService( 4787): starting MTP server in MTP mode
07-06 06:27:08.780 I/ServiceManager(13302): Waiting for service AtCmdFwd...
07-06 06:27:09.781 W/Atfwd_Sendcmd(13302): AtCmdFwd service not published, waiting... retryCnt : 4
07-06 06:27:13.152 I/MSM-irqbalance(  720): Decided to move IRQ222 from CPU3 to CPU2
07-06 06:27:13.740 W/QCNEJ   ( 4347): |CORE| CNE received unexpected action: android.intent.action.BATTERY_CHANGED
07-06 06:27:13.743 D/KeyguardUpdateMonitor( 3582): received broadcast android.intent.action.BATTERY_CHANGED
07-06 06:27:13.744 D/HeadsetStateMachine( 3520): Disconnected process message: 10, size: 0
07-06 06:27:13.744 D/HeadsetStateMachine( 3520): Enter processIntentBatteryChanged()
07-06 06:27:13.744 D/HeadsetStateMachine( 3520): Exit processIntentBatteryChanged()
07-06 06:27:13.744 D/HeadsetStateMachine( 3520): Exit Disconnected processMessage() 
07-06 06:27:13.745 E/BatteryStatsService( 3248): no controller energy info supplied
07-06 06:27:13.747 D/KeyguardUpdateMonitor( 3582): handleBatteryUpdate
07-06 06:27:13.747 D/BatteryMeterDrawable( 3582): Charging true mPluggedIn false
07-06 06:27:13.747 D/BatteryMeterDrawable( 3582): Charging true mPluggedIn false
07-06 06:27:13.750 E/QtiImsExtUtils( 3720): getConfigForPhoneId subId is invalid
07-06 06:27:13.751 E/QtiImsExtUtils( 3720): isCarrierConfigEnabled bundle is null
07-06 06:27:13.765 W/QCNEJ   ( 4347): |CORE| CNE received unexpected action: android.intent.action.BATTERY_CHANGED
07-06 06:27:13.766 D/HeadsetStateMachine( 3520): Disconnected process message: 10, size: 0
07-06 06:27:13.766 D/HeadsetStateMachine( 3520): Enter processIntentBatteryChanged()
07-06 06:27:13.766 D/HeadsetStateMachine( 3520): Exit processIntentBatteryChanged()
07-06 06:27:13.766 D/HeadsetStateMachine( 3520): Exit Disconnected processMessage() 
07-06 06:27:13.766 D/KeyguardUpdateMonitor( 3582): received broadcast android.intent.action.BATTERY_CHANGED
07-06 06:27:13.769 D/BatteryMeterDrawable( 3582): Charging false mPluggedIn false
07-06 06:27:13.769 D/BatteryMeterDrawable( 3582): Charging false mPluggedIn false
07-06 06:27:13.769 D/KeyguardUpdateMonitor( 3582): handleBatteryUpdate
07-06 06:27:13.770 E/QtiImsExtUtils( 3720): getConfigForPhoneId subId is invalid
07-06 06:27:13.770 E/QtiImsExtUtils( 3720): isCarrierConfigEnabled bundle is null
07-06 06:27:13.773 E/BatteryStatsService( 3248): modem info is invalid: ModemActivityInfo{ mTimestamp=162628417 mSleepTimeMs=161030487 mIdleTimeMs=-161024825 mTxTimeMs[]=[0, 0, 0, 0, 0] mRxTimeMs=94 mEnergyUsed=0}
07-06 06:27:13.799 W/ProcessCpuTracker( 3248): Skipping unknown process pid 14252
07-06 06:27:14.825 D/Msg     ( 4444): Notification Removed
07-06 06:27:14.827 D/Msg     ( 4444): Notification Removed
07-06 06:27:15.716 I/Quasar  (12131): start to send events
07-06 06:27:15.733 W/Quasar  (12131): java.net.UnknownHostException: Unable to resolve host "inst.platform.bing.com": No address associated with hostname
07-06 06:27:16.522 D/KeyguardUpdateMonitor( 3582): received broadcast android.intent.action.BATTERY_CHANGED
07-06 06:27:16.522 W/QCNEJ   ( 4347): |CORE| CNE received unexpected action: android.intent.action.BATTERY_CHANGED
07-06 06:27:16.525 D/HeadsetStateMachine( 3520): Disconnected process message: 10, size: 0
07-06 06:27:16.528 D/HeadsetStateMachine( 3520): Enter processIntentBatteryChanged()
07-06 06:27:16.528 D/HeadsetStateMachine( 3520): Exit processIntentBatteryChanged()
07-06 06:27:16.528 D/HeadsetStateMachine( 3520): Exit Disconnected processMessage() 
07-06 06:27:16.529 D/BatteryMeterDrawable( 3582): Charging false mPluggedIn true
07-06 06:27:16.529 D/BatteryMeterDrawable( 3582): Charging false mPluggedIn true
07-06 06:27:16.529 D/KeyguardUpdateMonitor( 3582): handleBatteryUpdate
07-06 06:27:16.530 I/EntropyMixer( 3248): Writing entropy...
07-06 06:27:16.532 E/BatteryStatsService( 3248): no controller energy info supplied
07-06 06:27:16.534 E/QtiImsExtUtils( 3720): getConfigForPhoneId subId is invalid
07-06 06:27:16.534 E/QtiImsExtUtils( 3720): isCarrierConfigEnabled bundle is null
07-06 06:27:16.563 E/BatteryStatsService( 3248): modem info is invalid: ModemActivityInfo{ mTimestamp=162631206 mSleepTimeMs=161030487 mIdleTimeMs=-161024825 mTxTimeMs[]=[0, 0, 0, 0, 0] mRxTimeMs=94 mEnergyUsed=0}
07-06 06:27:16.584 E/NetworkScheduler.SR( 5493): Invalid parameter app
07-06 06:27:16.584 E/NetworkScheduler.SR( 5493): Invalid package name : Perhaps you didn't include a PendingIntent in the extras?
07-06 06:27:16.786 D/KeyguardUpdateMonitor( 3582): received broadcast android.intent.action.BATTERY_CHANGED
07-06 06:27:16.787 W/QCNEJ   ( 4347): |CORE| CNE received unexpected action: android.intent.action.BATTERY_CHANGED
07-06 06:27:16.787 D/HeadsetStateMachine( 3520): Disconnected process message: 10, size: 0
07-06 06:27:16.787 D/HeadsetStateMachine( 3520): Enter processIntentBatteryChanged()
07-06 06:27:16.787 D/HeadsetStateMachine( 3520): Exit processIntentBatteryChanged()
07-06 06:27:16.788 D/HeadsetStateMachine( 3520): Exit Disconnected processMessage() 
07-06 06:27:16.789 D/KeyguardUpdateMonitor( 3582): handleBatteryUpdate
07-06 06:27:16.789 D/BatteryMeterDrawable( 3582): Charging false mPluggedIn true
07-06 06:27:16.789 D/BatteryMeterDrawable( 3582): Charging false mPluggedIn true
07-06 06:27:16.791 E/QtiImsExtUtils( 3720): getConfigForPhoneId subId is invalid
07-06 06:27:16.791 E/QtiImsExtUtils( 3720): isCarrierConfigEnabled bundle is null
07-06 06:27:16.903 D/com.smartron.tronx.service.NotificationService( 4444): >>> onNotificationPosted <<<
07-06 06:27:16.906 D/com.smartron.tronx.service.NotificationService( 4444): >>> onNotificationPosted <<<
07-06 06:27:16.913 W/QCNEJ   ( 4347): |CORE| CNE received unexpected action: android.intent.action.BATTERY_CHANGED
07-06 06:27:16.914 D/HeadsetStateMachine( 3520): Disconnected process message: 10, size: 0
07-06 06:27:16.914 D/HeadsetStateMachine( 3520): Enter processIntentBatteryChanged()
07-06 06:27:16.914 D/HeadsetStateMachine( 3520): Exit processIntentBatteryChanged()
07-06 06:27:16.914 D/HeadsetStateMachine( 3520): Exit Disconnected processMessage() 
07-06 06:27:16.917 E/QtiImsExtUtils( 3720): getConfigForPhoneId subId is invalid
07-06 06:27:16.917 E/QtiImsExtUtils( 3720): isCarrierConfigEnabled bundle is null
07-06 06:27:16.952 D/KeyguardUpdateMonitor( 3582): received broadcast android.intent.action.BATTERY_CHANGED
07-06 06:27:16.953 D/BatteryMeterDrawable( 3582): Charging true mPluggedIn true
07-06 06:27:16.953 D/BatteryMeterDrawable( 3582): Charging true mPluggedIn true
07-06 06:27:16.999 D/KeyguardUpdateMonitor( 3582): handleBatteryUpdate
07-06 06:27:17.023 D/KeyguardUpdateMonitor( 3582): received broadcast android.intent.action.BATTERY_CHANGED
07-06 06:27:17.024 W/QCNEJ   ( 4347): |CORE| CNE received unexpected action: android.intent.action.BATTERY_CHANGED
07-06 06:27:17.024 D/HeadsetStateMachine( 3520): Disconnected process message: 10, size: 0
07-06 06:27:17.024 D/HeadsetStateMachine( 3520): Enter processIntentBatteryChanged()
07-06 06:27:17.024 D/HeadsetStateMachine( 3520): Exit processIntentBatteryChanged()
07-06 06:27:17.024 D/HeadsetStateMachine( 3520): Exit Disconnected processMessage() 
07-06 06:27:17.025 D/BatteryMeterDrawable( 3582): Charging true mPluggedIn true
07-06 06:27:17.025 D/BatteryMeterDrawable( 3582): Charging true mPluggedIn true
07-06 06:27:17.025 D/KeyguardUpdateMonitor( 3582): handleBatteryUpdate
07-06 06:27:17.026 E/QtiImsExtUtils( 3720): getConfigForPhoneId subId is invalid
07-06 06:27:17.026 E/QtiImsExtUtils( 3720): isCarrierConfigEnabled bundle is null
07-06 06:27:17.101 D/MtpService( 4787): starting MTP server in MTP mode
07-06 06:27:17.988 D/KeyguardUpdateMonitor( 3582): received broadcast android.intent.action.BATTERY_CHANGED
07-06 06:27:17.988 D/KeyguardUpdateMonitor( 3582): handleBatteryUpdate
07-06 06:27:17.991 W/QCNEJ   ( 4347): |CORE| CNE received unexpected action: android.intent.action.BATTERY_CHANGED
07-06 06:27:17.992 D/HeadsetStateMachine( 3520): Disconnected process message: 10, size: 0
07-06 06:27:17.992 D/HeadsetStateMachine( 3520): Enter processIntentBatteryChanged()
07-06 06:27:17.992 D/HeadsetStateMachine( 3520): Exit processIntentBatteryChanged()
07-06 06:27:17.993 D/HeadsetStateMachine( 3520): Exit Disconnected processMessage() 
07-06 06:27:17.993 E/BatteryStatsService( 3248): no controller energy info supplied
07-06 06:27:17.999 D/BatteryMeterDrawable( 3582): Charging true mPluggedIn false
07-06 06:27:17.999 D/BatteryMeterDrawable( 3582): Charging true mPluggedIn false
07-06 06:27:18.000 E/QtiImsExtUtils( 3720): getConfigForPhoneId subId is invalid
07-06 06:27:18.000 E/QtiImsExtUtils( 3720): isCarrierConfigEnabled bundle is null
07-06 06:27:18.021 E/BatteryStatsService( 3248): modem info is invalid: ModemActivityInfo{ mTimestamp=162632666 mSleepTimeMs=161030487 mIdleTimeMs=-161024825 mTxTimeMs[]=[0, 0, 0, 0, 0] mRxTimeMs=94 mEnergyUsed=0}
07-06 06:27:18.145 W/QCNEJ   ( 4347): |CORE| CNE received unexpected action: android.intent.action.BATTERY_CHANGED
07-06 06:27:18.147 D/HeadsetStateMachine( 3520): Disconnected process message: 10, size: 0
07-06 06:27:18.147 D/HeadsetStateMachine( 3520): Enter processIntentBatteryChanged()
07-06 06:27:18.147 D/HeadsetStateMachine( 3520): Exit processIntentBatteryChanged()
07-06 06:27:18.147 D/HeadsetStateMachine( 3520): Exit Disconnected processMessage() 
07-06 06:27:18.148 D/KeyguardUpdateMonitor( 3582): received broadcast android.intent.action.BATTERY_CHANGED
07-06 06:27:18.150 E/BatteryStatsService( 3248): no controller energy info supplied
07-06 06:27:18.151 D/BatteryMeterDrawable( 3582): Charging false mPluggedIn true
07-06 06:27:18.151 D/BatteryMeterDrawable( 3582): Charging false mPluggedIn true
07-06 06:27:18.151 D/KeyguardUpdateMonitor( 3582): handleBatteryUpdate
07-06 06:27:18.152 E/QtiImsExtUtils( 3720): getConfigForPhoneId subId is invalid
07-06 06:27:18.152 E/QtiImsExtUtils( 3720): isCarrierConfigEnabled bundle is null
07-06 06:27:18.152 I/EntropyMixer( 3248): Writing entropy...
07-06 06:27:18.153 I/MSM-irqbalance(  720): Decided to move IRQ203 from CPU6 [P:0] to CPU1 [P:1] (banned)
07-06 06:27:18.153 I/MSM-irqbalance(  720): Decided to move IRQ200 from CPU6 [P:0] to CPU0 [P:1] (banned)
07-06 06:27:18.172 E/BatteryStatsService( 3248): modem info is invalid: ModemActivityInfo{ mTimestamp=162632818 mSleepTimeMs=161030487 mIdleTimeMs=-161024825 mTxTimeMs[]=[0, 0, 0, 0, 0] mRxTimeMs=94 mEnergyUsed=0}
07-06 06:27:18.200 E/NetworkScheduler.SR( 5493): Invalid parameter app
07-06 06:27:18.200 E/NetworkScheduler.SR( 5493): Invalid package name : Perhaps you didn't include a PendingIntent in the extras?
07-06 06:27:18.254 D/KeyguardUpdateMonitor( 3582): received broadcast android.intent.action.BATTERY_CHANGED
07-06 06:27:18.255 W/QCNEJ   ( 4347): |CORE| CNE received unexpected action: android.intent.action.BATTERY_CHANGED
07-06 06:27:18.255 D/KeyguardUpdateMonitor( 3582): handleBatteryUpdate
07-06 06:27:18.255 D/HeadsetStateMachine( 3520): Disconnected process message: 10, size: 0
07-06 06:27:18.255 D/HeadsetStateMachine( 3520): Enter processIntentBatteryChanged()
07-06 06:27:18.255 D/HeadsetStateMachine( 3520): Exit processIntentBatteryChanged()
07-06 06:27:18.255 D/HeadsetStateMachine( 3520): Exit Disconnected processMessage() 
07-06 06:27:18.255 D/BatteryMeterDrawable( 3582): Charging true mPluggedIn true
07-06 06:27:18.256 D/BatteryMeterDrawable( 3582): Charging true mPluggedIn true
07-06 06:27:18.257 E/QtiImsExtUtils( 3720): getConfigForPhoneId subId is invalid
07-06 06:27:18.257 E/QtiImsExtUtils( 3720): isCarrierConfigEnabled bundle is null
07-06 06:27:18.380 D/KeyguardUpdateMonitor( 3582): received broadcast android.intent.action.BATTERY_CHANGED
07-06 06:27:18.380 W/QCNEJ   ( 4347): |CORE| CNE received unexpected action: android.intent.action.BATTERY_CHANGED
07-06 06:27:18.380 D/HeadsetStateMachine( 3520): Disconnected process message: 10, size: 0
07-06 06:27:18.381 D/HeadsetStateMachine( 3520): Enter processIntentBatteryChanged()
07-06 06:27:18.381 D/HeadsetStateMachine( 3520): Exit processIntentBatteryChanged()
07-06 06:27:18.381 D/HeadsetStateMachine( 3520): Exit Disconnected processMessage() 
07-06 06:27:18.382 D/BatteryMeterDrawable( 3582): Charging true mPluggedIn true
07-06 06:27:18.382 D/BatteryMeterDrawable( 3582): Charging true mPluggedIn true
07-06 06:27:18.382 D/KeyguardUpdateMonitor( 3582): handleBatteryUpdate
07-06 06:27:18.382 E/QtiImsExtUtils( 3720): getConfigForPhoneId subId is invalid
07-06 06:27:18.382 E/QtiImsExtUtils( 3720): isCarrierConfigEnabled bundle is null
07-06 06:27:18.460 D/MtpService( 4787): starting MTP server in MTP mode
07-06 06:27:21.237 D/KeyguardUpdateMonitor( 3582): received broadcast android.intent.action.BATTERY_CHANGED
07-06 06:27:21.239 W/QCNEJ   ( 4347): |CORE| CNE received unexpected action: android.intent.action.BATTERY_CHANGED
07-06 06:27:21.239 D/HeadsetStateMachine( 3520): Disconnected process message: 10, size: 0
07-06 06:27:21.239 D/HeadsetStateMachine( 3520): Enter processIntentBatteryChanged()
07-06 06:27:21.239 D/HeadsetStateMachine( 3520): Exit processIntentBatteryChanged()
07-06 06:27:21.239 D/HeadsetStateMachine( 3520): Exit Disconnected processMessage() 
07-06 06:27:21.241 D/BatteryMeterDrawable( 3582): Charging true mPluggedIn false
07-06 06:27:21.241 D/BatteryMeterDrawable( 3582): Charging true mPluggedIn false
07-06 06:27:21.241 D/KeyguardUpdateMonitor( 3582): handleBatteryUpdate
07-06 06:27:21.245 E/BatteryStatsService( 3248): no controller energy info supplied
07-06 06:27:21.246 E/QtiImsExtUtils( 3720): getConfigForPhoneId subId is invalid
07-06 06:27:21.246 E/QtiImsExtUtils( 3720): isCarrierConfigEnabled bundle is null
07-06 06:27:21.278 E/BatteryStatsService( 3248): modem info is invalid: ModemActivityInfo{ mTimestamp=162635919 mSleepTimeMs=161037879 mIdleTimeMs=-161030414 mTxTimeMs[]=[0, 0, 0, 0, 0] mRxTimeMs=37 mEnergyUsed=0}
07-06 06:27:21.301 W/ProcessCpuTracker( 3248): Skipping unknown process pid 14308
07-06 06:27:21.304 D/KeyguardUpdateMonitor( 3582): received broadcast android.intent.action.BATTERY_CHANGED
07-06 06:27:21.305 W/QCNEJ   ( 4347): |CORE| CNE received unexpected action: android.intent.action.BATTERY_CHANGED
07-06 06:27:21.305 D/HeadsetStateMachine( 3520): Disconnected process message: 10, size: 0
07-06 06:27:21.305 D/HeadsetStateMachine( 3520): Enter processIntentBatteryChanged()
07-06 06:27:21.305 D/HeadsetStateMachine( 3520): Exit processIntentBatteryChanged()
07-06 06:27:21.305 D/HeadsetStateMachine( 3520): Exit Disconnected processMessage() 
07-06 06:27:21.306 E/QtiImsExtUtils( 3720): getConfigForPhoneId subId is invalid
07-06 06:27:21.306 E/QtiImsExtUtils( 3720): isCarrierConfigEnabled bundle is null
07-06 06:27:21.306 D/BatteryMeterDrawable( 3582): Charging false mPluggedIn false
07-06 06:27:21.306 D/BatteryMeterDrawable( 3582): Charging false mPluggedIn false
07-06 06:27:21.306 D/KeyguardUpdateMonitor( 3582): handleBatteryUpdate
07-06 06:27:22.335 D/Msg     ( 4444): Notification Removed
07-06 06:27:22.339 D/Msg     ( 4444): Notification Removed
07-06 06:27:23.018 W/QCNEJ   ( 4347): |CORE| CNE received unexpected action: android.intent.action.BATTERY_CHANGED
07-06 06:27:23.020 D/HeadsetStateMachine( 3520): Disconnected process message: 10, size: 0
07-06 06:27:23.020 D/HeadsetStateMachine( 3520): Enter processIntentBatteryChanged()
07-06 06:27:23.020 D/HeadsetStateMachine( 3520): Exit processIntentBatteryChanged()
07-06 06:27:23.020 D/HeadsetStateMachine( 3520): Exit Disconnected processMessage() 
07-06 06:27:23.022 I/EntropyMixer( 3248): Writing entropy...
07-06 06:27:23.024 E/BatteryStatsService( 3248): no controller energy info supplied
07-06 06:27:23.024 D/KeyguardUpdateMonitor( 3582): received broadcast android.intent.action.BATTERY_CHANGED
07-06 06:27:23.030 E/QtiImsExtUtils( 3720): getConfigForPhoneId subId is invalid
07-06 06:27:23.030 E/QtiImsExtUtils( 3720): isCarrierConfigEnabled bundle is null
07-06 06:27:23.037 D/BatteryMeterDrawable( 3582): Charging false mPluggedIn true
07-06 06:27:23.037 D/BatteryMeterDrawable( 3582): Charging false mPluggedIn true
07-06 06:27:23.037 D/KeyguardUpdateMonitor( 3582): handleBatteryUpdate
07-06 06:27:23.056 E/BatteryStatsService( 3248): modem info is invalid: ModemActivityInfo{ mTimestamp=162637698 mSleepTimeMs=161037879 mIdleTimeMs=-161030414 mTxTimeMs[]=[0, 0, 0, 0, 0] mRxTimeMs=37 mEnergyUsed=0}
07-06 06:27:23.080 E/NetworkScheduler.SR( 5493): Invalid parameter app
07-06 06:27:23.080 E/NetworkScheduler.SR( 5493): Invalid package name : Perhaps you didn't include a PendingIntent in the extras?
07-06 06:27:23.149 I/MSM-irqbalance(  720): Decided to move IRQ203 from CPU1 to CPU3
07-06 06:27:23.275 D/KeyguardUpdateMonitor( 3582): received broadcast android.intent.action.BATTERY_CHANGED
07-06 06:27:23.276 D/HeadsetStateMachine( 3520): Disconnected process message: 10, size: 0
07-06 06:27:23.276 D/HeadsetStateMachine( 3520): Enter processIntentBatteryChanged()
07-06 06:27:23.276 D/HeadsetStateMachine( 3520): Exit processIntentBatteryChanged()
07-06 06:27:23.276 D/HeadsetStateMachine( 3520): Exit Disconnected processMessage() 
07-06 06:27:23.277 W/QCNEJ   ( 4347): |CORE| CNE received unexpected action: android.intent.action.BATTERY_CHANGED
07-06 06:27:23.277 D/BatteryMeterDrawable( 3582): Charging false mPluggedIn true
07-06 06:27:23.277 D/BatteryMeterDrawable( 3582): Charging false mPluggedIn true
07-06 06:27:23.278 D/KeyguardUpdateMonitor( 3582): handleBatteryUpdate
07-06 06:27:23.280 E/QtiImsExtUtils( 3720): getConfigForPhoneId subId is invalid
07-06 06:27:23.280 E/QtiImsExtUtils( 3720): isCarrierConfigEnabled bundle is null
07-06 06:27:23.383 D/com.smartron.tronx.service.NotificationService( 4444): >>> onNotificationPosted <<<
07-06 06:27:23.386 D/com.smartron.tronx.service.NotificationService( 4444): >>> onNotificationPosted <<<
07-06 06:27:23.391 D/HeadsetStateMachine( 3520): Disconnected process message: 10, size: 0
07-06 06:27:23.391 D/HeadsetStateMachine( 3520): Enter processIntentBatteryChanged()
07-06 06:27:23.391 D/HeadsetStateMachine( 3520): Exit processIntentBatteryChanged()
07-06 06:27:23.391 D/HeadsetStateMachine( 3520): Exit Disconnected processMessage() 
07-06 06:27:23.392 W/QCNEJ   ( 4347): |CORE| CNE received unexpected action: android.intent.action.BATTERY_CHANGED
07-06 06:27:23.394 E/QtiImsExtUtils( 3720): getConfigForPhoneId subId is invalid
07-06 06:27:23.394 E/QtiImsExtUtils( 3720): isCarrierConfigEnabled bundle is null
07-06 06:27:23.434 D/KeyguardUpdateMonitor( 3582): received broadcast android.intent.action.BATTERY_CHANGED
07-06 06:27:23.435 D/BatteryMeterDrawable( 3582): Charging true mPluggedIn true
07-06 06:27:23.435 D/BatteryMeterDrawable( 3582): Charging true mPluggedIn true
07-06 06:27:23.484 D/KeyguardUpdateMonitor( 3582): handleBatteryUpdate
07-06 06:27:23.513 D/KeyguardUpdateMonitor( 3582): received broadcast android.intent.action.BATTERY_CHANGED
07-06 06:27:23.514 D/HeadsetStateMachine( 3520): Disconnected process message: 10, size: 0
07-06 06:27:23.514 D/HeadsetStateMachine( 3520): Enter processIntentBatteryChanged()
07-06 06:27:23.514 W/QCNEJ   ( 4347): |CORE| CNE received unexpected action: android.intent.action.BATTERY_CHANGED
07-06 06:27:23.514 D/HeadsetStateMachine( 3520): Exit processIntentBatteryChanged()
07-06 06:27:23.514 D/HeadsetStateMachine( 3520): Exit Disconnected processMessage() 
07-06 06:27:23.516 D/BatteryMeterDrawable( 3582): Charging true mPluggedIn true
07-06 06:27:23.516 D/BatteryMeterDrawable( 3582): Charging true mPluggedIn true
07-06 06:27:23.516 D/KeyguardUpdateMonitor( 3582): handleBatteryUpdate
07-06 06:27:23.517 E/QtiImsExtUtils( 3720): getConfigForPhoneId subId is invalid
07-06 06:27:23.517 E/QtiImsExtUtils( 3720): isCarrierConfigEnabled bundle is null
07-06 06:27:23.582 D/MtpService( 4787): starting MTP server in MTP mode
07-06 06:27:28.172 I/MSM-irqbalance(  720): Decided to move IRQ200 from CPU0 to CPU3
07-06 06:27:29.781 I/ServiceManager(13302): Waiting for service AtCmdFwd...
07-06 06:27:30.629 I/PlayCommon(23412): [475] com.google.android.play.a.g.e(909): Preparing logs for uploading
07-06 06:27:30.645 W/PlayCommon(23412): [475] com.google.android.play.a.g.a(1253): No account for auth token provided
07-06 06:27:30.645 I/PlayCommon(23412): [475] com.google.android.play.a.g.a(1049): Connecting to server: https://play.googleapis.com/play/log?format=raw&proto_v2=true
07-06 06:27:30.652 E/PlayCommon(23412): [475] com.google.android.play.a.g.a(1060): Failed to connect to server: java.net.UnknownHostException: Unable to resolve host "play.googleapis.com": No address associated with hostname
07-06 06:27:30.782 I/ServiceManager(13302): Waiting for service AtCmdFwd...
07-06 06:27:31.783 I/ServiceManager(13302): Waiting for service AtCmdFwd...
07-06 06:27:32.784 I/ServiceManager(13302): Waiting for service AtCmdFwd...
07-06 06:27:33.372 I/MSM-irqbalance(  720): Decided to move IRQ215 from CPU2 to CPU3
07-06 06:27:33.784 I/ServiceManager(13302): Waiting for service AtCmdFwd...
07-06 06:27:34.785 W/Atfwd_Sendcmd(13302): AtCmdFwd service not published, waiting... retryCnt : 5
07-06 06:27:43.603 I/MSM-irqbalance(  720): Decided to move IRQ200 from CPU1 to CPU3
07-06 06:27:48.623 I/MSM-irqbalance(  720): Decided to move IRQ203 from CPU1 to CPU3
07-06 06:27:53.622 I/MSM-irqbalance(  720): Decided to move IRQ200 from CPU1 to CPU3
07-06 06:27:58.623 I/MSM-irqbalance(  720): Decided to move IRQ47 from CPU2 to CPU3
07-06 06:27:59.785 I/Atfwd_Sendcmd(13302): AtCmdFwd service not ready - Exhausted retry attempts - :6
07-06 06:27:59.785 I/Atfwd_Daemon(13302): result : -1 	 ,Init step :2 	 ,qmiErrorCode: 0
07-06 06:27:59.785 I/Atfwd_Daemon(13302): 
07-06 06:27:59.785 I/Atfwd_Daemon(13302):  Sleeping...
07-06 06:28:00.005 D/KeyguardUpdateMonitor( 3582): received broadcast android.intent.action.TIME_TICK
07-06 06:28:00.005 D/KeyguardUpdateMonitor( 3582): handleTimeUpdate
07-06 06:28:03.623 I/MSM-irqbalance(  720): Decided to move IRQ200 from CPU6 [P:0] to CPU1 [P:1] (banned)
07-06 06:28:03.623 I/MSM-irqbalance(  720): Decided to move IRQ203 from CPU6 [P:0] to CPU2 [P:1] (banned)
07-06 06:28:08.632 I/MSM-irqbalance(  720): Decided to move IRQ200 from CPU1 to CPU3
07-06 06:28:13.643 I/MSM-irqbalance(  720): Decided to move IRQ321 from CPU1 to CPU3
07-06 06:28:14.055 E/ctxmgr  ( 5493): [BaseServerTask]Failed network request due to no network connectivity: expired
07-06 06:28:14.059 E/ctxmgr  ( 5493): [DailyCheckinOperation]Failed daily get config: network status=1
07-06 06:28:15.785 I/Quasar  (12131): start to send events
07-06 06:28:15.809 W/Quasar  (12131): java.net.UnknownHostException: Unable to resolve host "inst.platform.bing.com": No address associated with hostname
07-06 06:28:18.726 I/MSM-irqbalance(  720): Decided to move IRQ200 from CPU2 to CPU3
07-06 06:28:23.723 I/MSM-irqbalance(  720): Decided to move IRQ155 from CPU2 to CPU3
07-06 06:28:24.785 I/Atfwd_Daemon(13302): 
07-06 06:28:24.785 I/Atfwd_Daemon(13302):  Out of sleep...
07-06 06:28:24.785 I/Atfwd_Daemon(13302): 
07-06 06:28:24.785 I/Atfwd_Daemon(13302):  Back to main.
07-06 06:28:24.785 I/Atfwd_Daemon(13302):  tryinit complete with connectresult: -1
07-06 06:28:24.786 I/Atfwd_Daemon(13302): QCCI not supported for target msm8952, use legacy QCCI
07-06 06:28:24.790 E/QC-QMI  (13302): qmi_client [13302] 1bd: failed to locate client data
07-06 06:28:24.791 E/QC-DS-LIB(  630): qmuxd: RX on fd=15 returned error=0 errno[2:No such file or directory]
07-06 06:28:24.791 E/QC-QMI  (  630): QMUX qmux_client_id=1bd not found in qmux client list, unable to remove
07-06 06:28:24.792 I/Atfwd_Daemon(13302): Stop the daemon....
07-06 06:28:24.828 I/chatty  (14420): uid=1000(system) /system/bin/ATFWD-daemon expire 36 lines
07-06 06:28:28.723 I/MSM-irqbalance(  720): Decided to move IRQ200 from CPU2 to CPU3
07-06 06:28:33.723 I/MSM-irqbalance(  720): Decided to move IRQ222 from CPU2 to CPU3
07-06 06:28:38.722 I/MSM-irqbalance(  720): Decided to move IRQ215 from CPU3 to CPU1
07-06 06:28:38.865 I/chatty  (14420): uid=1000(system) /system/bin/ATFWD-daemon expire 11 lines
07-06 06:28:43.812 I/MSM-irqbalance(  720): Decided to move IRQ57 from CPU3 to CPU1
07-06 06:28:48.816 I/MSM-irqbalance(  720): Decided to move IRQ239 from CPU3 to CPU1
07-06 06:28:53.842 I/MSM-irqbalance(  720): Decided to move IRQ200 from CPU3 to CPU1
07-06 06:28:58.862 I/MSM-irqbalance(  720): Decided to move IRQ65 from CPU3 to CPU1
07-06 06:29:00.005 D/KeyguardUpdateMonitor( 3582): received broadcast android.intent.action.TIME_TICK
07-06 06:29:00.006 D/KeyguardUpdateMonitor( 3582): handleTimeUpdate
07-06 06:29:04.012 I/MSM-irqbalance(  720): Decided to move IRQ200 from CPU6 [P:0] to CPU3 [P:1] (banned)
07-06 06:29:09.203 I/MSM-irqbalance(  720): Decided to move IRQ200 from CPU3 to CPU1
07-06 06:29:11.897 I/chatty  ( 3248): uid=1000(system) Binder:3248_1 expire 1 line
07-06 06:29:12.877 I/chatty  (14420): uid=1000(system) /system/bin/ATFWD-daemon expire 12 lines
07-06 06:29:14.223 I/MSM-irqbalance(  720): Decided to move IRQ203 from CPU3 to CPU1
07-06 06:29:15.858 I/Quasar  (12131): start to send events
07-06 06:29:15.883 W/Quasar  (12131): java.net.UnknownHostException: Unable to resolve host "inst.platform.bing.com": No address associated with hostname
07-06 06:29:19.222 I/MSM-irqbalance(  720): Decided to move IRQ155 from CPU3 to CPU1
07-06 06:29:24.262 I/MSM-irqbalance(  720): Decided to move IRQ222 from CPU3 to CPU1
07-06 06:29:29.263 I/MSM-irqbalance(  720): Decided to move IRQ200 from CPU3 to CPU1
07-06 06:29:34.262 I/MSM-irqbalance(  720): Decided to move IRQ104 from CPU2 to CPU1
07-06 06:29:39.262 I/MSM-irqbalance(  720): Decided to move IRQ200 from CPU3 to CPU1
07-06 06:29:44.432 I/MSM-irqbalance(  720): Decided to move IRQ203 from CPU0 to CPU1
07-06 06:29:49.468 I/MSM-irqbalance(  720): Decided to move IRQ200 from CPU3 to CPU2
07-06 06:29:54.463 I/MSM-irqbalance(  720): Decided to move IRQ47 from CPU3 to CPU2
07-06 06:29:59.462 I/MSM-irqbalance(  720): Decided to move IRQ200 from CPU3 to CPU2
07-06 06:30:00.003 D/KeyguardUpdateMonitor( 3582): received broadcast android.intent.action.TIME_TICK
07-06 06:30:00.006 D/KeyguardUpdateMonitor( 3582): handleTimeUpdate
07-06 06:30:04.633 I/MSM-irqbalance(  720): Decided to move IRQ216 from CPU3 to CPU2
07-06 06:30:09.683 I/MSM-irqbalance(  720): Decided to move IRQ200 from CPU3 to CPU2
07-06 06:30:09.887 I/chatty  (14420): uid=1000(system) /system/bin/ATFWD-daemon expire 10 lines
07-06 06:30:14.086 E/ctxmgr  ( 5493): [BaseServerTask]Failed network request due to no network connectivity: expired
07-06 06:30:14.088 E/ctxmgr  ( 5493): [DailyCheckinOperation]Failed daily get config: network status=1
07-06 06:30:14.803 I/MSM-irqbalance(  720): Decided to move IRQ321 from CPU3 to CPU2
07-06 06:30:15.935 I/Quasar  (12131): start to send events
07-06 06:30:15.980 W/Quasar  (12131): java.net.UnknownHostException: Unable to resolve host "inst.platform.bing.com": No address associated with hostname
07-06 06:30:20.122 I/MSM-irqbalance(  720): Decided to move IRQ65 from CPU1 to CPU2
07-06 06:30:20.895 I/chatty  (14420): uid=1000(system) /system/bin/ATFWD-daemon expire 11 lines
07-06 06:30:25.183 I/MSM-irqbalance(  720): Decided to move IRQ200 from CPU1 to CPU2
07-06 06:30:30.282 I/MSM-irqbalance(  720): Decided to move IRQ215 from CPU1 to CPU2
07-06 06:30:35.293 I/MSM-irqbalance(  720): Decided to move IRQ155 from CPU1 to CPU2
07-06 06:30:40.323 I/MSM-irqbalance(  720): Decided to move IRQ200 from CPU1 to CPU2
07-06 06:30:45.324 I/MSM-irqbalance(  720): Decided to move IRQ239 from CPU1 to CPU3
07-06 06:30:50.677 I/MSM-irqbalance(  720): Decided to move IRQ57 from CPU1 to CPU3
07-06 06:30:54.908 I/chatty  (14420): uid=1000(system) /system/bin/ATFWD-daemon expire 10 lines
07-06 06:30:55.843 I/MSM-irqbalance(  720): Decided to move IRQ222 from CPU1 to CPU3
07-06 06:31:00.005 D/KeyguardUpdateMonitor( 3582): received broadcast android.intent.action.TIME_TICK
07-06 06:31:00.005 D/KeyguardUpdateMonitor( 3582): handleTimeUpdate
07-06 06:31:00.843 I/MSM-irqbalance(  720): Decided to move IRQ200 from CPU1 to CPU3
07-06 06:31:05.863 I/MSM-irqbalance(  720): Decided to move IRQ65 from CPU2 to CPU3
07-06 06:31:10.862 I/MSM-irqbalance(  720): Decided to move IRQ215 from CPU2 to CPU3
