07-05 03:39:27.793 I/ActivityManager( 3248): START u0 {act=android.intent.action.MAIN cat=[android.intent.category.LAUNCHER] flg=0x10200000 cmp=com.smartron.camera/.CameraLauncher} from uid 2000 on display 0
07-05 03:39:28.807 I/ActivityManager( 3248): START u0 {act=android.intent.action.MAIN cat=[android.intent.category.LAUNCHER] flg=0x10200000 cmp=com.smartron.camera/.CameraLauncher} from uid 2000 on display 0
07-05 03:39:36.201 W/ActivityManager( 3248): android.hardware.action.NEW_PICTURE no longer allowed; dropping from u0a30
07-05 03:39:36.948 W/BackupManagerService( 3248): dataChanged but no participant pkg='com.smartron.camera' uid=10030
07-05 03:39:37.976 I/ActivityManager( 3248): Not finishing activity because controller resumed
07-05 03:39:42.538 W/BackupManagerService( 3248): dataChanged but no participant pkg='com.smartron.camera' uid=10030
07-05 03:39:43.046 I/ActivityManager( 3248): START u0 {act=android.intent.action.MAIN cat=[android.intent.category.HOME] flg=0x10200000 cmp=com.smartron.launcher/com.smartron.smextension.SmartronLauncher (has extras)} from uid 1000 on display 0
07-05 03:39:46.582 I/ActivityManager( 3248): START u0 {act=android.intent.action.MAIN cat=[android.intent.category.HOME] flg=0x10200000 cmp=com.smartron.launcher/com.smartron.smextension.SmartronLauncher (has extras)} from uid 1000 on display 0
07-05 03:39:47.640 W/BackupManagerService( 3248): dataChanged but no participant pkg='com.smartron.camera' uid=10030
07-05 03:39:47.654 W/BackupManagerService( 3248): dataChanged but no participant pkg='com.smartron.camera' uid=10030
07-05 03:39:47.669 W/BackupManagerService( 3248): dataChanged but no participant pkg='com.smartron.camera' uid=10030
07-05 03:39:48.695 W/BackupManagerService( 3248): dataChanged but no participant pkg='com.smartron.camera' uid=10030
07-05 03:39:48.710 W/BackupManagerService( 3248): dataChanged but no participant pkg='com.smartron.camera' uid=10030
07-05 03:39:48.724 W/BackupManagerService( 3248): dataChanged but no participant pkg='com.smartron.camera' uid=10030
07-05 03:39:48.741 W/BackupManagerService( 3248): dataChanged but no participant pkg='com.smartron.camera' uid=10030
07-05 03:39:49.462 W/BackupManagerService( 3248): dataChanged but no participant pkg='com.smartron.camera' uid=10030
07-05 03:39:49.462 W/BackupManagerService( 3248): dataChanged but no participant pkg='com.smartron.camera' uid=10030
07-05 03:39:49.633 W/BackupManagerService( 3248): dataChanged but no participant pkg='com.smartron.camera' uid=10030
07-05 03:39:49.634 W/BackupManagerService( 3248): dataChanged but no participant pkg='com.smartron.camera' uid=10030
07-05 03:39:49.635 W/BackupManagerService( 3248): dataChanged but no participant pkg='com.smartron.camera' uid=10030
07-05 03:39:49.636 W/BackupManagerService( 3248): dataChanged but no participant pkg='com.smartron.camera' uid=10030
07-05 03:39:49.637 W/BackupManagerService( 3248): dataChanged but no participant pkg='com.smartron.camera' uid=10030
07-05 03:39:49.638 W/BackupManagerService( 3248): dataChanged but no participant pkg='com.smartron.camera' uid=10030
07-05 03:39:49.639 W/BackupManagerService( 3248): dataChanged but no participant pkg='com.smartron.camera' uid=10030
07-05 03:39:49.639 W/BackupManagerService( 3248): dataChanged but no participant pkg='com.smartron.camera' uid=10030
07-05 03:39:49.641 W/BackupManagerService( 3248): dataChanged but no participant pkg='com.smartron.camera' uid=10030
07-05 03:39:49.645 W/BackupManagerService( 3248): dataChanged but no participant pkg='com.smartron.camera' uid=10030
07-05 03:39:53.288 W/BackupManagerService( 3248): dataChanged but no participant pkg='com.smartron.camera' uid=10030
07-05 03:40:03.458 I/ActivityManager( 3248): START u0 {act=android.intent.action.MAIN cat=[android.intent.category.HOME] flg=0x10200000 cmp=com.smartron.launcher/com.smartron.smextension.SmartronLauncher (has extras)} from uid 1000 on display 0
07-05 03:40:08.249 W/InputMethodManagerService( 3248): Window already focused, ignoring focus gain of: com.android.internal.view.IInputMethodClient$Stub$Proxy@1bc2e46 attribute=null, token = android.os.BinderProxy@839c691
07-05 03:40:19.845 I/ActivityManager( 3248): START u0 {act=android.intent.action.MAIN cat=[android.intent.category.LAUNCHER] flg=0x10200000 cmp=com.smartron.camera/.CameraLauncher} from uid 2000 on display 0
07-05 03:40:20.355 I/ActivityManager( 3248): START u0 {act=android.intent.action.MAIN cat=[android.intent.category.LAUNCHER] flg=0x10200000 cmp=com.smartron.camera/.CameraLauncher} from uid 2000 on display 0
07-05 03:40:55.558 I/ActivityManager( 3248): START u0 {act=android.intent.action.MAIN cat=[android.intent.category.LAUNCHER] flg=0x10200000 cmp=com.smartron.gallery/.activities.SplashActivity} from uid 2000 on display 0
07-05 03:40:57.115 W/InputMethodManagerService( 3248): Window already focused, ignoring focus gain of: com.android.internal.view.IInputMethodClient$Stub$Proxy@a1d0adf attribute=null, token = android.os.BinderProxy@14b2f1f
07-05 03:42:09.308 I/UsageStatsService( 3248): User[0] Flushing usage stats to disk
07-05 03:47:18.528 I/ActivityManager( 3248): Start proc 29641:com.google.android.apps.maps/u0a92 for service com.google.android.apps.maps/com.google.android.apps.gmm.offline.OfflineAutoUpdateJobService
07-05 03:47:18.750 D/CryptdConnector( 3248): SND -> {18 cryptfs getpwtype}
07-05 03:47:18.751 D/VoldCryptCmdListener(  379): cryptfs getpwtype
07-05 03:47:18.751 D/CryptdConnector( 3248): RCV <- {213 18 default}
07-05 03:48:20.807 E/BatteryStatsService( 3248): no controller energy info supplied
07-05 03:48:20.837 E/BatteryStatsService( 3248): modem info is invalid: ModemActivityInfo{ mTimestamp=66695476 mSleepTimeMs=66018778 mIdleTimeMs=-65332298 mTxTimeMs[]=[0, 0, 0, 0, 0] mRxTimeMs=3227 mEnergyUsed=0}
07-05 03:57:18.877 I/JobServiceContext( 3248): Client timed out while executing (no jobFinished received). sending onStop. ae172fa #u0a92/137303609 com.google.android.apps.maps/com.google.android.apps.gmm.offline.OfflineAutoUpdateJobService
07-05 03:57:18.917 I/ActivityManager( 3248): Killing 5659:com.google.android.calendar/u0a57 (adj 906): empty #17
07-05 03:57:19.037 D/ActivityManager( 3248): cleanUpApplicationRecord -- 5659
07-05 04:00:34.725 E/BatteryStatsService( 3248): no controller energy info supplied
07-05 04:00:34.743 E/BatteryStatsService( 3248): modem info is invalid: ModemActivityInfo{ mTimestamp=67429390 mSleepTimeMs=66747991 mIdleTimeMs=-66017630 mTxTimeMs[]=[0, 0, 0, 0, 0] mRxTimeMs=3555 mEnergyUsed=0}
07-05 04:01:00.101 I/ProcessStatsService( 3248): Prepared write state in 8ms
07-05 04:01:06.336 E/BatteryStatsService( 3248): no controller energy info supplied
07-05 04:01:06.370 E/BatteryStatsService( 3248): modem info is invalid: ModemActivityInfo{ mTimestamp=67461011 mSleepTimeMs=66779379 mIdleTimeMs=-66747922 mTxTimeMs[]=[0, 0, 0, 0, 0] mRxTimeMs=163 mEnergyUsed=0}
07-05 04:08:34.311 E/BatteryStatsService( 3248): no controller energy info supplied
07-05 04:08:34.345 E/BatteryStatsService( 3248): modem info is invalid: ModemActivityInfo{ mTimestamp=67908985 mSleepTimeMs=67224364 mIdleTimeMs=-66778681 mTxTimeMs[]=[0, 0, 0, 0, 0] mRxTimeMs=2287 mEnergyUsed=0}
07-05 04:08:34.346 I/BatteryStatsImpl( 3248): Resetting battery stats: level=95 status=2 dischargeLevel=95 lowAmount=3 highAmount=4
07-05 04:08:34.374 W/ProcessCpuTracker( 3248): Skipping unknown process pid 31685
07-05 04:13:28.451 I/ActivityManager( 3248): START u0 {act=android.intent.action.MAIN cat=[android.intent.category.HOME] flg=0x10200000 cmp=com.smartron.launcher/com.smartron.smextension.SmartronLauncher (has extras)} from uid 1000 on display 0
07-05 04:16:51.099 E/BatteryStatsService( 3248): no controller energy info supplied
07-05 04:16:51.126 E/BatteryStatsService( 3248): modem info is invalid: ModemActivityInfo{ mTimestamp=68405770 mSleepTimeMs=67717806 mIdleTimeMs=-67223676 mTxTimeMs[]=[0, 0, 0, 0, 0] mRxTimeMs=2659 mEnergyUsed=0}
07-05 04:26:40.487 E/BatteryStatsService( 3248): no controller energy info supplied
07-05 04:26:40.531 E/BatteryStatsService( 3248): modem info is invalid: ModemActivityInfo{ mTimestamp=68995157 mSleepTimeMs=68302968 mIdleTimeMs=-67717018 mTxTimeMs[]=[0, 0, 0, 0, 0] mRxTimeMs=3438 mEnergyUsed=0}
07-05 04:30:34.767 E/BatteryStatsService( 3248): no controller energy info supplied
07-05 04:30:34.787 E/BatteryStatsService( 3248): modem info is invalid: ModemActivityInfo{ mTimestamp=69229432 mSleepTimeMs=68535392 mIdleTimeMs=-68302647 mTxTimeMs[]=[0, 0, 0, 0, 0] mRxTimeMs=1530 mEnergyUsed=0}
07-05 04:31:00.111 I/ProcessStatsService( 3248): Prepared write state in 8ms
07-05 04:31:00.206 I/ProcessStatsService( 3248): Pruning old procstats: /data/system/procstats/state-2017-07-01-23-06-35.bin
07-05 04:33:28.547 I/UsageStatsService( 3248): User[0] Flushing usage stats to disk
07-05 04:36:51.097 E/BatteryStatsService( 3248): no controller energy info supplied
07-05 04:36:51.161 E/BatteryStatsService( 3248): modem info is invalid: ModemActivityInfo{ mTimestamp=69605806 mSleepTimeMs=68909044 mIdleTimeMs=-68534906 mTxTimeMs[]=[0, 0, 0, 0, 0] mRxTimeMs=2195 mEnergyUsed=0}
07-05 04:43:28.451 I/PowerManagerService( 3248): Going to sleep due to screen timeout (uid 1000)...
07-05 04:43:28.983 I/DisplayManagerService( 3248): Display device changed state: "Built-in Screen", OFF
07-05 04:43:29.237 E/ActivityThread( 5493): Service com.google.android.location.places.service.PlaceDetectionAsyncService has leaked IntentReceiver amth@ca4181d that was originally registered here. Are you missing a call to unregisterReceiver()?
07-05 04:43:29.237 E/ActivityThread( 5493): android.app.IntentReceiverLeaked: Service com.google.android.location.places.service.PlaceDetectionAsyncService has leaked IntentReceiver amth@ca4181d that was originally registered here. Are you missing a call to unregisterReceiver()?
07-05 04:43:29.237 E/ActivityThread( 5493): 	at android.app.LoadedApk$ReceiverDispatcher.<init>(LoadedApk.java:1159)
07-05 04:43:29.237 E/ActivityThread( 5493): 	at android.app.LoadedApk.getReceiverDispatcher(LoadedApk.java:946)
07-05 04:43:29.237 E/ActivityThread( 5493): 	at android.app.ContextImpl.registerReceiverInternal(ContextImpl.java:1302)
07-05 04:43:29.237 E/ActivityThread( 5493): 	at android.app.ContextImpl.registerReceiver(ContextImpl.java:1282)
07-05 04:43:29.237 E/ActivityThread( 5493): 	at android.content.ContextWrapper.registerReceiver(ContextWrapper.java:593)
07-05 04:43:29.237 E/ActivityThread( 5493): 	at android.content.ContextWrapper.registerReceiver(ContextWrapper.java:593)
07-05 04:43:29.237 E/ActivityThread( 5493): 	at android.content.ContextWrapper.registerReceiver(ContextWrapper.java:593)
07-05 04:43:29.237 E/ActivityThread( 5493): 	at android.content.ContextWrapper.registerReceiver(ContextWrapper.java:593)
07-05 04:43:29.237 E/ActivityThread( 5493): 	at amrb.run(:com.google.android.gms:4414)
07-05 04:43:29.237 E/ActivityThread( 5493): 	at android.os.Handler.handleCallback(Handler.java:751)
07-05 04:43:29.237 E/ActivityThread( 5493): 	at android.os.Handler.dispatchMessage(Handler.java:95)
07-05 04:43:29.237 E/ActivityThread( 5493): 	at android.os.Looper.loop(Looper.java:154)
07-05 04:43:29.237 E/ActivityThread( 5493): 	at android.os.HandlerThread.run(HandlerThread.java:61)
07-05 04:43:29.269 I/DreamManagerService( 3248): Entering dreamland.
07-05 04:43:29.269 I/PowerManagerService( 3248): Dozing...
07-05 04:43:29.272 I/DreamController( 3248): Starting dream: name=ComponentInfo{com.android.systemui/com.android.systemui.doze.DozeService}, isTest=false, canDoze=true, userId=0
07-05 04:43:30.655 I/ActivityManager( 3248): Killing 6693:com.google.android.deskclock/u0a49 (adj 906): empty #17
07-05 04:43:30.761 D/ActivityManager( 3248): cleanUpApplicationRecord -- 6693
07-05 04:43:33.471 I/ActivityManager( 3248): Setting hasTopUi=true for pid=3582
07-05 04:43:33.512 V/KeyguardStatusView( 3582): refresh statusview showing:true
07-05 04:43:33.529 V/KeyguardDisplayManager( 3582): show
07-05 04:46:53.069 E/BatteryStatsService( 3248): no controller energy info supplied
07-05 04:46:53.092 E/BatteryStatsService( 3248): modem info is invalid: ModemActivityInfo{ mTimestamp=70207736 mSleepTimeMs=69467133 mIdleTimeMs=-68868445 mTxTimeMs[]=[0, 0, 0, 0, 0] mRxTimeMs=3282 mEnergyUsed=0}
07-05 05:17:05.075 W/ProcessCpuTracker( 3248): Skipping unknown process pid 3085
07-05 05:27:20.552 I/PowerManagerService( 3248): Waking up from dozing (uid 1000)...
07-05 05:27:20.565 I/EntropyMixer( 3248): Writing entropy...
07-05 05:27:20.574 E/BatteryStatsService( 3248): no controller energy info supplied
07-05 05:27:20.584 I/DisplayPowerController( 3248): Blocking screen on until initial contents have been drawn.
07-05 05:27:20.589 I/DisplayManagerService( 3248): Display device changed state: "Built-in Screen", ON
07-05 05:27:20.660 E/BatteryStatsService( 3248): modem info is invalid: ModemActivityInfo{ mTimestamp=72635307 mSleepTimeMs=71880507 mIdleTimeMs=-69465241 mTxTimeMs[]=[0, 0, 0, 0, 0] mRxTimeMs=12275 mEnergyUsed=0}
07-05 05:27:20.840 E/BatteryStatsService( 3248): no controller energy info supplied
07-05 05:27:20.859 E/BatteryStatsService( 3248): modem info is invalid: ModemActivityInfo{ mTimestamp=72635506 mSleepTimeMs=71880507 mIdleTimeMs=-69465241 mTxTimeMs[]=[0, 0, 0, 0, 0] mRxTimeMs=12275 mEnergyUsed=0}
07-05 05:27:20.966 I/DisplayPowerController( 3248): Unblocked screen on after 382 ms
07-05 05:27:20.970 I/DreamManagerService( 3248): Gently waking up from dream.
07-05 05:27:21.036 I/DreamManagerService( 3248): Leaving dreamland.
07-05 05:27:21.037 I/DreamController( 3248): Stopping dream: name=ComponentInfo{com.android.systemui/com.android.systemui.doze.DozeService}, isTest=false, canDoze=true, userId=0
07-05 05:27:22.017 V/KeyguardDisplayManager( 3582): hide
07-05 05:27:22.040 W/InputMethodManagerService( 3248): Window already focused, ignoring focus gain of: com.android.internal.view.IInputMethodClient$Stub$Proxy@b50e614 attribute=android.view.inputmethod.EditorInfo@f043ebd, token = android.os.BinderProxy@42f0d00
07-05 05:27:22.460 I/ActivityManager( 3248): Setting hasTopUi=false for pid=3582
07-05 05:35:54.453 I/ActivityManager( 3248): START u0 {act=android.intent.action.MAIN cat=[android.intent.category.HOME] flg=0x10200000 cmp=com.smartron.launcher/com.smartron.smextension.SmartronLauncher (has extras)} from uid 1000 on display 0
07-05 05:36:09.052 I/ActivityManager( 3248): START u0 {act=android.intent.action.MAIN cat=[android.intent.category.HOME] flg=0x10200000 cmp=com.smartron.launcher/com.smartron.smextension.SmartronLauncher (has extras)} from uid 1000 on display 0
07-05 05:36:10.339 I/ActivityManager( 3248): START u0 {flg=0x10804000 cmp=com.android.systemui/.recents.RecentsActivity} from uid 10036 on display 0
07-05 05:36:10.676 E/ActivityThread( 5493): Service com.google.android.location.places.service.PlaceDetectionAsyncService has leaked IntentReceiver amth@14d07d8 that was originally registered here. Are you missing a call to unregisterReceiver()?
07-05 05:36:10.676 E/ActivityThread( 5493): android.app.IntentReceiverLeaked: Service com.google.android.location.places.service.PlaceDetectionAsyncService has leaked IntentReceiver amth@14d07d8 that was originally registered here. Are you missing a call to unregisterReceiver()?
07-05 05:36:10.676 E/ActivityThread( 5493): 	at android.app.LoadedApk$ReceiverDispatcher.<init>(LoadedApk.java:1159)
07-05 05:36:10.676 E/ActivityThread( 5493): 	at android.app.LoadedApk.getReceiverDispatcher(LoadedApk.java:946)
07-05 05:36:10.676 E/ActivityThread( 5493): 	at android.app.ContextImpl.registerReceiverInternal(ContextImpl.java:1302)
07-05 05:36:10.676 E/ActivityThread( 5493): 	at android.app.ContextImpl.registerReceiver(ContextImpl.java:1282)
07-05 05:36:10.676 E/ActivityThread( 5493): 	at android.content.ContextWrapper.registerReceiver(ContextWrapper.java:593)
07-05 05:36:10.676 E/ActivityThread( 5493): 	at android.content.ContextWrapper.registerReceiver(ContextWrapper.java:593)
07-05 05:36:10.676 E/ActivityThread( 5493): 	at android.content.ContextWrapper.registerReceiver(ContextWrapper.java:593)
07-05 05:36:10.676 E/ActivityThread( 5493): 	at android.content.ContextWrapper.registerReceiver(ContextWrapper.java:593)
07-05 05:36:10.676 E/ActivityThread( 5493): 	at amrb.run(:com.google.android.gms:4414)
07-05 05:36:10.676 E/ActivityThread( 5493): 	at android.os.Handler.handleCallback(Handler.java:751)
07-05 05:36:10.676 E/ActivityThread( 5493): 	at android.os.Handler.dispatchMessage(Handler.java:95)
07-05 05:36:10.676 E/ActivityThread( 5493): 	at android.os.Looper.loop(Looper.java:154)
07-05 05:36:10.676 E/ActivityThread( 5493): 	at android.os.HandlerThread.run(HandlerThread.java:61)
07-05 05:36:13.749 I/ActivityManager( 3248): Killing 26618:com.smartron.camera/u0a30 (adj 902): remove task
07-05 05:36:13.750 I/ActivityManager( 3248): START u0 {act=android.intent.action.MAIN cat=[android.intent.category.HOME] flg=0x10200000 cmp=com.smartron.launcher/com.smartron.smextension.SmartronLauncher} from uid 10036 on display 0
07-05 05:36:13.768 I/ActivityManager( 3248): Killing 25026:com.android.contacts/u0a14 (adj 900): remove task
07-05 05:36:13.773 I/ActivityManager( 3248): Killing 20207:com.smartron.gallery/u0a12 (adj 900): remove task
07-05 05:36:13.809 D/ActivityManager( 3248): cleanUpApplicationRecord -- 25026
07-05 05:36:13.813 I/WindowManager( 3248): WIN DEATH: Window{fef91db u0 com.android.contacts/com.android.contacts.activities.PeopleActivity}
07-05 05:36:13.881 D/ActivityManager( 3248): cleanUpApplicationRecord -- 26618
07-05 05:36:13.882 I/WindowManager( 3248): WIN DEATH: Window{658b26c u0 com.smartron.gallery/com.smartron.gallery.activities.GalleryActivity}
07-05 05:36:13.883 D/ActivityManager( 3248): cleanUpApplicationRecord -- 20207
07-05 05:36:15.488 I/ActivityManager( 3248): START u0 {act=android.intent.action.MAIN cat=[android.intent.category.HOME] flg=0x10200000 cmp=com.smartron.launcher/com.smartron.smextension.SmartronLauncher (has extras)} from uid 1000 on display 0
07-05 05:36:30.019 I/ActivityManager( 3248): START u0 {act=android.intent.action.MAIN cat=[android.intent.category.HOME] flg=0x10200000 cmp=com.smartron.launcher/com.smartron.smextension.SmartronLauncher (has extras)} from uid 1000 on display 0
07-05 05:36:31.318 I/ActivityManager( 3248): START u0 {flg=0x10804000 cmp=com.android.systemui/.recents.RecentsActivity} from uid 10036 on display 0
07-05 05:36:31.712 E/ActivityThread( 5493): Service com.google.android.location.places.service.PlaceDetectionAsyncService has leaked IntentReceiver amth@362be1b that was originally registered here. Are you missing a call to unregisterReceiver()?
07-05 05:36:31.712 E/ActivityThread( 5493): android.app.IntentReceiverLeaked: Service com.google.android.location.places.service.PlaceDetectionAsyncService has leaked IntentReceiver amth@362be1b that was originally registered here. Are you missing a call to unregisterReceiver()?
07-05 05:36:31.712 E/ActivityThread( 5493): 	at android.app.LoadedApk$ReceiverDispatcher.<init>(LoadedApk.java:1159)
07-05 05:36:31.712 E/ActivityThread( 5493): 	at android.app.LoadedApk.getReceiverDispatcher(LoadedApk.java:946)
07-05 05:36:31.712 E/ActivityThread( 5493): 	at android.app.ContextImpl.registerReceiverInternal(ContextImpl.java:1302)
07-05 05:36:31.712 E/ActivityThread( 5493): 	at android.app.ContextImpl.registerReceiver(ContextImpl.java:1282)
07-05 05:36:31.712 E/ActivityThread( 5493): 	at android.content.ContextWrapper.registerReceiver(ContextWrapper.java:593)
07-05 05:36:31.712 E/ActivityThread( 5493): 	at android.content.ContextWrapper.registerReceiver(ContextWrapper.java:593)
07-05 05:36:31.712 E/ActivityThread( 5493): 	at android.content.ContextWrapper.registerReceiver(ContextWrapper.java:593)
07-05 05:36:31.712 E/ActivityThread( 5493): 	at android.content.ContextWrapper.registerReceiver(ContextWrapper.java:593)
07-05 05:36:31.712 E/ActivityThread( 5493): 	at amrb.run(:com.google.android.gms:4414)
07-05 05:36:31.712 E/ActivityThread( 5493): 	at android.os.Handler.handleCallback(Handler.java:751)
07-05 05:36:31.712 E/ActivityThread( 5493): 	at android.os.Handler.dispatchMessage(Handler.java:95)
07-05 05:36:31.712 E/ActivityThread( 5493): 	at android.os.Looper.loop(Looper.java:154)
07-05 05:36:31.712 E/ActivityThread( 5493): 	at android.os.HandlerThread.run(HandlerThread.java:61)
07-05 05:36:34.362 I/ActivityManager( 3248): START u0 {act=android.intent.action.MAIN cat=[android.intent.category.HOME] flg=0x10200000 cmp=com.smartron.launcher/com.smartron.smextension.SmartronLauncher} from uid 10036 on display 0
07-05 05:36:48.968 I/ActivityManager( 3248): START u0 {act=android.intent.action.MAIN cat=[android.intent.category.HOME] flg=0x10200000 cmp=com.smartron.launcher/com.smartron.smextension.SmartronLauncher (has extras)} from uid 1000 on display 0
07-05 05:36:50.260 I/ActivityManager( 3248): START u0 {flg=0x10804000 cmp=com.android.systemui/.recents.RecentsActivity} from uid 10036 on display 0
07-05 05:36:50.561 E/ActivityThread( 5493): Service com.google.android.location.places.service.PlaceDetectionAsyncService has leaked IntentReceiver amth@58fcd53 that was originally registered here. Are you missing a call to unregisterReceiver()?
07-05 05:36:50.561 E/ActivityThread( 5493): android.app.IntentReceiverLeaked: Service com.google.android.location.places.service.PlaceDetectionAsyncService has leaked IntentReceiver amth@58fcd53 that was originally registered here. Are you missing a call to unregisterReceiver()?
07-05 05:36:50.561 E/ActivityThread( 5493): 	at android.app.LoadedApk$ReceiverDispatcher.<init>(LoadedApk.java:1159)
07-05 05:36:50.561 E/ActivityThread( 5493): 	at android.app.LoadedApk.getReceiverDispatcher(LoadedApk.java:946)
07-05 05:36:50.561 E/ActivityThread( 5493): 	at android.app.ContextImpl.registerReceiverInternal(ContextImpl.java:1302)
07-05 05:36:50.561 E/ActivityThread( 5493): 	at android.app.ContextImpl.registerReceiver(ContextImpl.java:1282)
07-05 05:36:50.561 E/ActivityThread( 5493): 	at android.content.ContextWrapper.registerReceiver(ContextWrapper.java:593)
07-05 05:36:50.561 E/ActivityThread( 5493): 	at android.content.ContextWrapper.registerReceiver(ContextWrapper.java:593)
07-05 05:36:50.561 E/ActivityThread( 5493): 	at android.content.ContextWrapper.registerReceiver(ContextWrapper.java:593)
07-05 05:36:50.561 E/ActivityThread( 5493): 	at android.content.ContextWrapper.registerReceiver(ContextWrapper.java:593)
07-05 05:36:50.561 E/ActivityThread( 5493): 	at amrb.run(:com.google.android.gms:4414)
07-05 05:36:50.561 E/ActivityThread( 5493): 	at android.os.Handler.handleCallback(Handler.java:751)
07-05 05:36:50.561 E/ActivityThread( 5493): 	at android.os.Handler.dispatchMessage(Handler.java:95)
07-05 05:36:50.561 E/ActivityThread( 5493): 	at android.os.Looper.loop(Looper.java:154)
07-05 05:36:50.561 E/ActivityThread( 5493): 	at android.os.HandlerThread.run(HandlerThread.java:61)
07-05 05:36:50.669 E/ActivityThread( 5493): Service com.google.android.location.places.service.PlaceDetectionAsyncService has leaked IntentReceiver amth@255cda4 that was originally registered here. Are you missing a call to unregisterReceiver()?
07-05 05:36:50.669 E/ActivityThread( 5493): android.app.IntentReceiverLeaked: Service com.google.android.location.places.service.PlaceDetectionAsyncService has leaked IntentReceiver amth@255cda4 that was originally registered here. Are you missing a call to unregisterReceiver()?
07-05 05:36:50.669 E/ActivityThread( 5493): 	at android.app.LoadedApk$ReceiverDispatcher.<init>(LoadedApk.java:1159)
07-05 05:36:50.669 E/ActivityThread( 5493): 	at android.app.LoadedApk.getReceiverDispatcher(LoadedApk.java:946)
07-05 05:36:50.669 E/ActivityThread( 5493): 	at android.app.ContextImpl.registerReceiverInternal(ContextImpl.java:1302)
07-05 05:36:50.669 E/ActivityThread( 5493): 	at android.app.ContextImpl.registerReceiver(ContextImpl.java:1282)
07-05 05:36:50.669 E/ActivityThread( 5493): 	at android.content.ContextWrapper.registerReceiver(ContextWrapper.java:593)
07-05 05:36:50.669 E/ActivityThread( 5493): 	at android.content.ContextWrapper.registerReceiver(ContextWrapper.java:593)
07-05 05:36:50.669 E/ActivityThread( 5493): 	at android.content.ContextWrapper.registerReceiver(ContextWrapper.java:593)
07-05 05:36:50.669 E/ActivityThread( 5493): 	at android.content.ContextWrapper.registerReceiver(ContextWrapper.java:593)
07-05 05:36:50.669 E/ActivityThread( 5493): 	at amrb.run(:com.google.android.gms:4414)
07-05 05:36:50.669 E/ActivityThread( 5493): 	at android.os.Handler.handleCallback(Handler.java:751)
07-05 05:36:50.669 E/ActivityThread( 5493): 	at android.os.Handler.dispatchMessage(Handler.java:95)
07-05 05:36:50.669 E/ActivityThread( 5493): 	at android.os.Looper.loop(Looper.java:154)
07-05 05:36:50.669 E/ActivityThread( 5493): 	at android.os.HandlerThread.run(HandlerThread.java:61)
07-05 05:36:51.098 E/BatteryStatsService( 3248): no controller energy info supplied
07-05 05:36:51.123 E/BatteryStatsService( 3248): modem info is invalid: ModemActivityInfo{ mTimestamp=73205766 mSleepTimeMs=72446945 mIdleTimeMs=-71879458 mTxTimeMs[]=[0, 0, 0, 0, 0] mRxTimeMs=3002 mEnergyUsed=0}
07-05 05:36:53.315 I/ActivityManager( 3248): START u0 {act=android.intent.action.MAIN cat=[android.intent.category.HOME] flg=0x10200000 cmp=com.smartron.launcher/com.smartron.smextension.SmartronLauncher} from uid 10036 on display 0
07-05 05:37:07.747 I/ActivityManager( 3248): START u0 {act=android.intent.action.MAIN cat=[android.intent.category.HOME] flg=0x10200000 cmp=com.smartron.launcher/com.smartron.smextension.SmartronLauncher (has extras)} from uid 1000 on display 0
07-05 05:37:09.041 I/ActivityManager( 3248): START u0 {flg=0x10804000 cmp=com.android.systemui/.recents.RecentsActivity} from uid 10036 on display 0
07-05 05:37:09.431 E/ActivityThread( 5493): Service com.google.android.location.places.service.PlaceDetectionAsyncService has leaked IntentReceiver amth@1cc4fee that was originally registered here. Are you missing a call to unregisterReceiver()?
07-05 05:37:09.431 E/ActivityThread( 5493): android.app.IntentReceiverLeaked: Service com.google.android.location.places.service.PlaceDetectionAsyncService has leaked IntentReceiver amth@1cc4fee that was originally registered here. Are you missing a call to unregisterReceiver()?
07-05 05:37:09.431 E/ActivityThread( 5493): 	at android.app.LoadedApk$ReceiverDispatcher.<init>(LoadedApk.java:1159)
07-05 05:37:09.431 E/ActivityThread( 5493): 	at android.app.LoadedApk.getReceiverDispatcher(LoadedApk.java:946)
07-05 05:37:09.431 E/ActivityThread( 5493): 	at android.app.ContextImpl.registerReceiverInternal(ContextImpl.java:1302)
07-05 05:37:09.431 E/ActivityThread( 5493): 	at android.app.ContextImpl.registerReceiver(ContextImpl.java:1282)
07-05 05:37:09.431 E/ActivityThread( 5493): 	at android.content.ContextWrapper.registerReceiver(ContextWrapper.java:593)
07-05 05:37:09.431 E/ActivityThread( 5493): 	at android.content.ContextWrapper.registerReceiver(ContextWrapper.java:593)
07-05 05:37:09.431 E/ActivityThread( 5493): 	at android.content.ContextWrapper.registerReceiver(ContextWrapper.java:593)
07-05 05:37:09.431 E/ActivityThread( 5493): 	at android.content.ContextWrapper.registerReceiver(ContextWrapper.java:593)
07-05 05:37:09.431 E/ActivityThread( 5493): 	at amrb.run(:com.google.android.gms:4414)
07-05 05:37:09.431 E/ActivityThread( 5493): 	at android.os.Handler.handleCallback(Handler.java:751)
07-05 05:37:09.431 E/ActivityThread( 5493): 	at android.os.Handler.dispatchMessage(Handler.java:95)
07-05 05:37:09.431 E/ActivityThread( 5493): 	at android.os.Looper.loop(Looper.java:154)
07-05 05:37:09.431 E/ActivityThread( 5493): 	at android.os.HandlerThread.run(HandlerThread.java:61)
07-05 05:37:12.097 I/ActivityManager( 3248): START u0 {act=android.intent.action.MAIN cat=[android.intent.category.HOME] flg=0x10200000 cmp=com.smartron.launcher/com.smartron.smextension.SmartronLauncher} from uid 10036 on display 0
07-05 05:37:26.678 I/ActivityManager( 3248): START u0 {act=android.intent.action.MAIN cat=[android.intent.category.HOME] flg=0x10200000 cmp=com.smartron.launcher/com.smartron.smextension.SmartronLauncher (has extras)} from uid 1000 on display 0
07-05 05:37:27.971 I/ActivityManager( 3248): START u0 {flg=0x10804000 cmp=com.android.systemui/.recents.RecentsActivity} from uid 10036 on display 0
07-05 05:37:28.361 E/ActivityThread( 5493): Service com.google.android.location.places.service.PlaceDetectionAsyncService has leaked IntentReceiver amth@73de20b that was originally registered here. Are you missing a call to unregisterReceiver()?
07-05 05:37:28.361 E/ActivityThread( 5493): android.app.IntentReceiverLeaked: Service com.google.android.location.places.service.PlaceDetectionAsyncService has leaked IntentReceiver amth@73de20b that was originally registered here. Are you missing a call to unregisterReceiver()?
07-05 05:37:28.361 E/ActivityThread( 5493): 	at android.app.LoadedApk$ReceiverDispatcher.<init>(LoadedApk.java:1159)
07-05 05:37:28.361 E/ActivityThread( 5493): 	at android.app.LoadedApk.getReceiverDispatcher(LoadedApk.java:946)
07-05 05:37:28.361 E/ActivityThread( 5493): 	at android.app.ContextImpl.registerReceiverInternal(ContextImpl.java:1302)
07-05 05:37:28.361 E/ActivityThread( 5493): 	at android.app.ContextImpl.registerReceiver(ContextImpl.java:1282)
07-05 05:37:28.361 E/ActivityThread( 5493): 	at android.content.ContextWrapper.registerReceiver(ContextWrapper.java:593)
07-05 05:37:28.361 E/ActivityThread( 5493): 	at android.content.ContextWrapper.registerReceiver(ContextWrapper.java:593)
07-05 05:37:28.361 E/ActivityThread( 5493): 	at android.content.ContextWrapper.registerReceiver(ContextWrapper.java:593)
07-05 05:37:28.361 E/ActivityThread( 5493): 	at android.content.ContextWrapper.registerReceiver(ContextWrapper.java:593)
07-05 05:37:28.361 E/ActivityThread( 5493): 	at amrb.run(:com.google.android.gms:4414)
07-05 05:37:28.361 E/ActivityThread( 5493): 	at android.os.Handler.handleCallback(Handler.java:751)
07-05 05:37:28.361 E/ActivityThread( 5493): 	at android.os.Handler.dispatchMessage(Handler.java:95)
07-05 05:37:28.361 E/ActivityThread( 5493): 	at android.os.Looper.loop(Looper.java:154)
07-05 05:37:28.361 E/ActivityThread( 5493): 	at android.os.HandlerThread.run(HandlerThread.java:61)
07-05 05:37:31.061 I/ActivityManager( 3248): START u0 {act=android.intent.action.MAIN cat=[android.intent.category.HOME] flg=0x10200000 cmp=com.smartron.launcher/com.smartron.smextension.SmartronLauncher} from uid 10036 on display 0
07-05 05:37:40.462 E/BatteryStatsService( 3248): no controller energy info supplied
07-05 05:37:40.489 E/BatteryStatsService( 3248): modem info is invalid: ModemActivityInfo{ mTimestamp=73255134 mSleepTimeMs=72495936 mIdleTimeMs=-72446808 mTxTimeMs[]=[0, 0, 0, 0, 0] mRxTimeMs=240 mEnergyUsed=0}
07-05 05:37:40.489 I/BatteryStatsImpl( 3248): Resetting battery stats: level=92 status=2 dischargeLevel=92 lowAmount=3 highAmount=4
07-05 05:37:40.511 W/ProcessCpuTracker( 3248): Skipping unknown process pid 4803
07-05 05:37:40.735 W/WindowManager( 3248): Attempted to remove non-existing token: android.os.Binder@33f5dab
07-05 05:40:11.145 E/BatteryStatsService( 3248): no controller energy info supplied
07-05 05:40:11.170 E/BatteryStatsService( 3248): modem info is invalid: ModemActivityInfo{ mTimestamp=73405814 mSleepTimeMs=72645599 mIdleTimeMs=-72495745 mTxTimeMs[]=[0, 0, 0, 0, 0] mRxTimeMs=826 mEnergyUsed=0}
07-05 05:40:11.997 E/BatteryStatsService( 3248): no controller energy info supplied
07-05 05:40:12.005 I/EntropyMixer( 3248): Writing entropy...
07-05 05:40:12.038 E/BatteryStatsService( 3248): modem info is invalid: ModemActivityInfo{ mTimestamp=73406678 mSleepTimeMs=72645599 mIdleTimeMs=-72495745 mTxTimeMs[]=[0, 0, 0, 0, 0] mRxTimeMs=826 mEnergyUsed=0}
07-05 05:41:20.257 I/ActivityManager( 3248): START u0 {act=android.intent.action.MAIN cat=[android.intent.category.LAUNCHER] flg=0x10200000 cmp=com.smartron.gallery/.activities.SplashActivity} from uid 2000 on display 0
07-05 05:41:20.287 I/ActivityManager( 3248): Start proc 5259:com.smartron.gallery/u0a12 for activity com.smartron.gallery/.activities.SplashActivity
07-05 05:41:20.528 E/ActivityThread( 5493): Service com.google.android.location.places.service.PlaceDetectionAsyncService has leaked IntentReceiver amth@90758b6 that was originally registered here. Are you missing a call to unregisterReceiver()?
07-05 05:41:20.528 E/ActivityThread( 5493): android.app.IntentReceiverLeaked: Service com.google.android.location.places.service.PlaceDetectionAsyncService has leaked IntentReceiver amth@90758b6 that was originally registered here. Are you missing a call to unregisterReceiver()?
07-05 05:41:20.528 E/ActivityThread( 5493): 	at android.app.LoadedApk$ReceiverDispatcher.<init>(LoadedApk.java:1159)
07-05 05:41:20.528 E/ActivityThread( 5493): 	at android.app.LoadedApk.getReceiverDispatcher(LoadedApk.java:946)
07-05 05:41:20.528 E/ActivityThread( 5493): 	at android.app.ContextImpl.registerReceiverInternal(ContextImpl.java:1302)
07-05 05:41:20.528 E/ActivityThread( 5493): 	at android.app.ContextImpl.registerReceiver(ContextImpl.java:1282)
07-05 05:41:20.528 E/ActivityThread( 5493): 	at android.content.ContextWrapper.registerReceiver(ContextWrapper.java:593)
07-05 05:41:20.528 E/ActivityThread( 5493): 	at android.content.ContextWrapper.registerReceiver(ContextWrapper.java:593)
07-05 05:41:20.528 E/ActivityThread( 5493): 	at android.content.ContextWrapper.registerReceiver(ContextWrapper.java:593)
07-05 05:41:20.528 E/ActivityThread( 5493): 	at android.content.ContextWrapper.registerReceiver(ContextWrapper.java:593)
07-05 05:41:20.528 E/ActivityThread( 5493): 	at amrb.run(:com.google.android.gms:4414)
07-05 05:41:20.528 E/ActivityThread( 5493): 	at android.os.Handler.handleCallback(Handler.java:751)
07-05 05:41:20.528 E/ActivityThread( 5493): 	at android.os.Handler.dispatchMessage(Handler.java:95)
07-05 05:41:20.528 E/ActivityThread( 5493): 	at android.os.Looper.loop(Looper.java:154)
07-05 05:41:20.528 E/ActivityThread( 5493): 	at android.os.HandlerThread.run(HandlerThread.java:61)
07-05 05:41:21.415 I/ActivityManager( 3248): START u0 {cmp=com.smartron.gallery/.activities.GalleryActivity} from uid 10012 on display 0
07-05 05:41:27.918 I/ActivityManager( 3248): START u0 {cmp=com.smartron.gallery/.activities.AlbumDetailViewActivity (has extras)} from uid 10012 on display 0
07-05 05:41:39.217 I/ActivityManager( 3248): START u0 {act=android.intent.action.MAIN cat=[android.intent.category.LAUNCHER] flg=0x10200000 cmp=com.smartron.gallery/.activities.SplashActivity} from uid 2000 on display 0
07-05 05:43:17.648 E/BatteryStatsService( 3248): no controller energy info supplied
07-05 05:43:17.667 E/BatteryStatsService( 3248): modem info is invalid: ModemActivityInfo{ mTimestamp=73592314 mSleepTimeMs=72830961 mIdleTimeMs=-72645265 mTxTimeMs[]=[0, 0, 0, 0, 0] mRxTimeMs=805 mEnergyUsed=0}
07-05 05:43:59.290 I/ProcessStatsService( 3248): Prepared write state in 7ms
07-05 05:46:11.888 I/UsageStatsService( 3248): User[0] Flushing usage stats to disk
07-05 05:46:51.099 E/BatteryStatsService( 3248): no controller energy info supplied
07-05 05:46:51.130 E/BatteryStatsService( 3248): modem info is invalid: ModemActivityInfo{ mTimestamp=73805772 mSleepTimeMs=73043145 mIdleTimeMs=-72830629 mTxTimeMs[]=[0, 0, 0, 0, 0] mRxTimeMs=941 mEnergyUsed=0}
07-05 05:56:29.707 E/BatteryStatsService( 3248): no controller energy info supplied
07-05 05:56:29.732 E/BatteryStatsService( 3248): modem info is invalid: ModemActivityInfo{ mTimestamp=74384377 mSleepTimeMs=73618416 mIdleTimeMs=-73042188 mTxTimeMs[]=[0, 0, 0, 0, 0] mRxTimeMs=2376 mEnergyUsed=0}
07-05 05:58:34.846 I/ActivityManager( 3248): START u0 {act=android.intent.action.MAIN cat=[android.intent.category.HOME] flg=0x10200000 cmp=com.smartron.launcher/com.smartron.smextension.SmartronLauncher (has extras)} from uid 1000 on display 0
07-05 05:58:49.466 I/ActivityManager( 3248): START u0 {act=android.intent.action.MAIN cat=[android.intent.category.HOME] flg=0x10200000 cmp=com.smartron.launcher/com.smartron.smextension.SmartronLauncher (has extras)} from uid 1000 on display 0
07-05 05:58:49.999 I/ActivityManager( 3248): START u0 {flg=0x10804000 cmp=com.android.systemui/.recents.RecentsActivity} from uid 10036 on display 0
07-05 05:58:50.412 E/ActivityThread( 5493): Service com.google.android.location.places.service.PlaceDetectionAsyncService has leaked IntentReceiver amth@b0a0022 that was originally registered here. Are you missing a call to unregisterReceiver()?
07-05 05:58:50.412 E/ActivityThread( 5493): android.app.IntentReceiverLeaked: Service com.google.android.location.places.service.PlaceDetectionAsyncService has leaked IntentReceiver amth@b0a0022 that was originally registered here. Are you missing a call to unregisterReceiver()?
07-05 05:58:50.412 E/ActivityThread( 5493): 	at android.app.LoadedApk$ReceiverDispatcher.<init>(LoadedApk.java:1159)
07-05 05:58:50.412 E/ActivityThread( 5493): 	at android.app.LoadedApk.getReceiverDispatcher(LoadedApk.java:946)
07-05 05:58:50.412 E/ActivityThread( 5493): 	at android.app.ContextImpl.registerReceiverInternal(ContextImpl.java:1302)
07-05 05:58:50.412 E/ActivityThread( 5493): 	at android.app.ContextImpl.registerReceiver(ContextImpl.java:1282)
07-05 05:58:50.412 E/ActivityThread( 5493): 	at android.content.ContextWrapper.registerReceiver(ContextWrapper.java:593)
07-05 05:58:50.412 E/ActivityThread( 5493): 	at android.content.ContextWrapper.registerReceiver(ContextWrapper.java:593)
07-05 05:58:50.412 E/ActivityThread( 5493): 	at android.content.ContextWrapper.registerReceiver(ContextWrapper.java:593)
07-05 05:58:50.412 E/ActivityThread( 5493): 	at android.content.ContextWrapper.registerReceiver(ContextWrapper.java:593)
07-05 05:58:50.412 E/ActivityThread( 5493): 	at amrb.run(:com.google.android.gms:4414)
07-05 05:58:50.412 E/ActivityThread( 5493): 	at android.os.Handler.handleCallback(Handler.java:751)
07-05 05:58:50.412 E/ActivityThread( 5493): 	at android.os.Handler.dispatchMessage(Handler.java:95)
07-05 05:58:50.412 E/ActivityThread( 5493): 	at android.os.Looper.loop(Looper.java:154)
07-05 05:58:50.412 E/ActivityThread( 5493): 	at android.os.HandlerThread.run(HandlerThread.java:61)
07-05 05:58:53.329 I/ActivityManager( 3248): Killing 5259:com.smartron.gallery/u0a12 (adj 900): remove task
07-05 05:58:53.330 I/ActivityManager( 3248): START u0 {act=android.intent.action.MAIN cat=[android.intent.category.HOME] flg=0x10200000 cmp=com.smartron.launcher/com.smartron.smextension.SmartronLauncher} from uid 10036 on display 0
07-05 05:58:53.439 I/WindowManager( 3248): WIN DEATH: Window{6703005 u0 SubPanel:com.smartron.gallery/com.smartron.gallery.activities.AlbumDetailViewActivity}
07-05 05:58:53.440 D/ActivityManager( 3248): cleanUpApplicationRecord -- 5259
07-05 05:58:53.442 I/WindowManager( 3248): WIN DEATH: Window{75a3453 u0 com.smartron.gallery/com.smartron.gallery.activities.AlbumDetailViewActivity}
07-05 05:58:53.444 I/WindowManager( 3248): WIN DEATH: Window{ee78060 u0 com.smartron.gallery/com.smartron.gallery.activities.GalleryActivity}
07-05 05:58:55.119 I/ActivityManager( 3248): START u0 {act=android.intent.action.MAIN cat=[android.intent.category.HOME] flg=0x10200000 cmp=com.smartron.launcher/com.smartron.smextension.SmartronLauncher (has extras)} from uid 1000 on display 0
07-05 05:59:04.720 E/BatteryStatsService( 3248): no controller energy info supplied
07-05 05:59:04.753 E/BatteryStatsService( 3248): modem info is invalid: ModemActivityInfo{ mTimestamp=74539392 mSleepTimeMs=73772502 mIdleTimeMs=-73618148 mTxTimeMs[]=[0, 0, 0, 0, 0] mRxTimeMs=660 mEnergyUsed=0}
07-05 05:59:04.756 I/BatteryStatsImpl( 3248): Resetting battery stats: level=93 status=2 dischargeLevel=93 lowAmount=0 highAmount=1
07-05 05:59:04.783 W/ProcessCpuTracker( 3248): Skipping unknown process pid 7269
07-05 05:59:04.823 W/WindowManager( 3248): Attempted to remove non-existing token: android.os.Binder@8b69cb9
07-05 06:06:51.096 E/BatteryStatsService( 3248): no controller energy info supplied
07-05 06:06:51.126 E/BatteryStatsService( 3248): modem info is invalid: ModemActivityInfo{ mTimestamp=75005769 mSleepTimeMs=74235196 mIdleTimeMs=-73771849 mTxTimeMs[]=[0, 0, 0, 0, 0] mRxTimeMs=3032 mEnergyUsed=0}
07-05 06:11:11.071 E/BatteryStatsService( 3248): no controller energy info supplied
07-05 06:11:11.100 E/BatteryStatsService( 3248): modem info is invalid: ModemActivityInfo{ mTimestamp=75265740 mSleepTimeMs=74493608 mIdleTimeMs=-74234828 mTxTimeMs[]=[0, 0, 0, 0, 0] mRxTimeMs=1191 mEnergyUsed=0}
07-05 06:13:17.647 E/BatteryStatsService( 3248): no controller energy info supplied
07-05 06:13:17.671 E/BatteryStatsService( 3248): modem info is invalid: ModemActivityInfo{ mTimestamp=75392316 mSleepTimeMs=74619418 mIdleTimeMs=-74493445 mTxTimeMs[]=[0, 0, 0, 0, 0] mRxTimeMs=600 mEnergyUsed=0}
07-05 06:14:00.011 I/ProcessStatsService( 3248): Prepared write state in 5ms
07-05 06:18:34.953 I/UsageStatsService( 3248): User[0] Flushing usage stats to disk
07-05 06:22:26.740 E/BatteryStatsService( 3248): no controller energy info supplied
07-05 06:22:26.771 E/BatteryStatsService( 3248): modem info is invalid: ModemActivityInfo{ mTimestamp=75941411 mSleepTimeMs=75164816 mIdleTimeMs=-74618716 mTxTimeMs[]=[0, 0, 0, 0, 0] mRxTimeMs=2998 mEnergyUsed=0}
07-05 06:22:27.593 I/EntropyMixer( 3248): Writing entropy...
07-05 06:22:27.603 E/BatteryStatsService( 3248): no controller energy info supplied
07-05 06:22:27.623 E/BatteryStatsService( 3248): modem info is invalid: ModemActivityInfo{ mTimestamp=75942269 mSleepTimeMs=75164816 mIdleTimeMs=-74618716 mTxTimeMs[]=[0, 0, 0, 0, 0] mRxTimeMs=2998 mEnergyUsed=0}
07-05 06:22:37.954 I/ActivityManager( 3248): START u0 {act=android.intent.action.MAIN cat=[android.intent.category.LAUNCHER] flg=0x10200000 cmp=com.google.android.apps.photos/.home.HomeActivity} from uid 2000 on display 0
07-05 06:22:38.210 E/ActivityThread( 5493): Service com.google.android.location.places.service.PlaceDetectionAsyncService has leaked IntentReceiver amth@ff37051 that was originally registered here. Are you missing a call to unregisterReceiver()?
07-05 06:22:38.210 E/ActivityThread( 5493): android.app.IntentReceiverLeaked: Service com.google.android.location.places.service.PlaceDetectionAsyncService has leaked IntentReceiver amth@ff37051 that was originally registered here. Are you missing a call to unregisterReceiver()?
07-05 06:22:38.210 E/ActivityThread( 5493): 	at android.app.LoadedApk$ReceiverDispatcher.<init>(LoadedApk.java:1159)
07-05 06:22:38.210 E/ActivityThread( 5493): 	at android.app.LoadedApk.getReceiverDispatcher(LoadedApk.java:946)
07-05 06:22:38.210 E/ActivityThread( 5493): 	at android.app.ContextImpl.registerReceiverInternal(ContextImpl.java:1302)
07-05 06:22:38.210 E/ActivityThread( 5493): 	at android.app.ContextImpl.registerReceiver(ContextImpl.java:1282)
07-05 06:22:38.210 E/ActivityThread( 5493): 	at android.content.ContextWrapper.registerReceiver(ContextWrapper.java:593)
07-05 06:22:38.210 E/ActivityThread( 5493): 	at android.content.ContextWrapper.registerReceiver(ContextWrapper.java:593)
07-05 06:22:38.210 E/ActivityThread( 5493): 	at android.content.ContextWrapper.registerReceiver(ContextWrapper.java:593)
07-05 06:22:38.210 E/ActivityThread( 5493): 	at android.content.ContextWrapper.registerReceiver(ContextWrapper.java:593)
07-05 06:22:38.210 E/ActivityThread( 5493): 	at amrb.run(:com.google.android.gms:4414)
07-05 06:22:38.210 E/ActivityThread( 5493): 	at android.os.Handler.handleCallback(Handler.java:751)
07-05 06:22:38.210 E/ActivityThread( 5493): 	at android.os.Handler.dispatchMessage(Handler.java:95)
07-05 06:22:38.210 E/ActivityThread( 5493): 	at android.os.Looper.loop(Looper.java:154)
07-05 06:22:38.210 E/ActivityThread( 5493): 	at android.os.HandlerThread.run(HandlerThread.java:61)
07-05 06:22:38.836 W/ActivityManager( 3248): Permission Denial: Accessing service ComponentInfo{com.google.android.music/com.google.android.music.dial.DialMediaRouteProviderService} from pid=8806, uid=10094 that is not exported from uid 10075
07-05 06:22:55.124 W/InputMethodManagerService( 3248): Window already focused, ignoring focus gain of: com.android.internal.view.IInputMethodClient$Stub$Proxy@127945a attribute=android.view.inputmethod.EditorInfo@4a9c68b, token = android.os.BinderProxy@2c963a5
07-05 06:22:57.158 I/ActivityManager( 3248): START u0 {act=android.intent.action.MAIN cat=[android.intent.category.LAUNCHER] flg=0x10200000 cmp=com.microsoft.office.word/com.microsoft.office.apphost.LaunchActivity} from uid 2000 on display 0
07-05 06:28:06.492 I/ActivityManager( 3248): START u0 {act=android.intent.action.MAIN cat=[android.intent.category.LAUNCHER] flg=0x10200000 cmp=com.google.android.apps.photos/.home.HomeActivity} from uid 2000 on display 0
07-05 06:28:06.558 W/InputMethodManagerService( 3248): Window already focused, ignoring focus gain of: com.android.internal.view.IInputMethodClient$Stub$Proxy@c2f2b06 attribute=null, token = android.os.BinderProxy@2c963a5
07-05 06:28:57.670 I/ActivityManager( 3248): START u0 {act=android.intent.action.MAIN cat=[android.intent.category.LAUNCHER] flg=0x10200000 cmp=com.google.android.apps.photos/.home.HomeActivity} from uid 2000 on display 0
07-05 06:28:57.738 W/InputMethodManagerService( 3248): Window already focused, ignoring focus gain of: com.android.internal.view.IInputMethodClient$Stub$Proxy@539bd50 attribute=null, token = android.os.BinderProxy@2c963a5
07-05 06:31:45.576 I/ActivityManager( 3248): START u0 {act=android.intent.action.MAIN cat=[android.intent.category.LAUNCHER] flg=0x10200000 cmp=com.google.android.apps.photos/.home.HomeActivity} from uid 2000 on display 0
07-05 06:31:45.730 W/InputMethodManagerService( 3248): Window already focused, ignoring focus gain of: com.android.internal.view.IInputMethodClient$Stub$Proxy@d213e72 attribute=null, token = android.os.BinderProxy@2c963a5
07-05 06:34:16.769 I/ActivityManager( 3248): START u0 {act=android.intent.action.MAIN cat=[android.intent.category.LAUNCHER] flg=0x10200000 cmp=com.google.android.apps.photos/.home.HomeActivity} from uid 2000 on display 0
07-05 06:34:16.914 W/InputMethodManagerService( 3248): Window already focused, ignoring focus gain of: com.android.internal.view.IInputMethodClient$Stub$Proxy@a866e53 attribute=null, token = android.os.BinderProxy@2c963a5
07-05 06:35:44.473 I/ActivityManager( 3248): START u0 {act=android.intent.action.MAIN cat=[android.intent.category.LAUNCHER] flg=0x10200000 cmp=com.google.android.apps.photos/.home.HomeActivity} from uid 2000 on display 0
07-05 06:35:44.599 W/InputMethodManagerService( 3248): Window already focused, ignoring focus gain of: com.android.internal.view.IInputMethodClient$Stub$Proxy@d7e1708 attribute=null, token = android.os.BinderProxy@2c963a5
07-05 06:35:49.152 I/ActivityManager( 3248): START u0 {act=android.intent.action.MAIN cat=[android.intent.category.HOME] flg=0x10200000 cmp=com.smartron.launcher/com.smartron.smextension.SmartronLauncher (has extras)} from uid 1000 on display 0
07-05 06:35:51.136 I/ActivityManager( 3248): START u0 {act=android.intent.action.MAIN cat=[android.intent.category.LAUNCHER] flg=0x10200000 cmp=com.smartron.gallery/.activities.SplashActivity bnds=[540,1206][798,1572] (has extras)} from uid 10031 on display 0
07-05 06:35:51.178 I/ActivityManager( 3248): Start proc 11088:com.smartron.gallery/u0a12 for activity com.smartron.gallery/.activities.SplashActivity
07-05 06:35:51.414 E/ActivityThread( 5493): Service com.google.android.location.places.service.PlaceDetectionAsyncService has leaked IntentReceiver amth@21cb056 that was originally registered here. Are you missing a call to unregisterReceiver()?
07-05 06:35:51.414 E/ActivityThread( 5493): android.app.IntentReceiverLeaked: Service com.google.android.location.places.service.PlaceDetectionAsyncService has leaked IntentReceiver amth@21cb056 that was originally registered here. Are you missing a call to unregisterReceiver()?
07-05 06:35:51.414 E/ActivityThread( 5493): 	at android.app.LoadedApk$ReceiverDispatcher.<init>(LoadedApk.java:1159)
07-05 06:35:51.414 E/ActivityThread( 5493): 	at android.app.LoadedApk.getReceiverDispatcher(LoadedApk.java:946)
07-05 06:35:51.414 E/ActivityThread( 5493): 	at android.app.ContextImpl.registerReceiverInternal(ContextImpl.java:1302)
07-05 06:35:51.414 E/ActivityThread( 5493): 	at android.app.ContextImpl.registerReceiver(ContextImpl.java:1282)
07-05 06:35:51.414 E/ActivityThread( 5493): 	at android.content.ContextWrapper.registerReceiver(ContextWrapper.java:593)
07-05 06:35:51.414 E/ActivityThread( 5493): 	at android.content.ContextWrapper.registerReceiver(ContextWrapper.java:593)
07-05 06:35:51.414 E/ActivityThread( 5493): 	at android.content.ContextWrapper.registerReceiver(ContextWrapper.java:593)
07-05 06:35:51.414 E/ActivityThread( 5493): 	at android.content.ContextWrapper.registerReceiver(ContextWrapper.java:593)
07-05 06:35:51.414 E/ActivityThread( 5493): 	at amrb.run(:com.google.android.gms:4414)
07-05 06:35:51.414 E/ActivityThread( 5493): 	at android.os.Handler.handleCallback(Handler.java:751)
07-05 06:35:51.414 E/ActivityThread( 5493): 	at android.os.Handler.dispatchMessage(Handler.java:95)
07-05 06:35:51.414 E/ActivityThread( 5493): 	at android.os.Looper.loop(Looper.java:154)
07-05 06:35:51.414 E/ActivityThread( 5493): 	at android.os.HandlerThread.run(HandlerThread.java:61)
07-05 06:35:52.304 I/ActivityManager( 3248): START u0 {cmp=com.smartron.gallery/.activities.GalleryActivity} from uid 10012 on display 0
07-05 06:35:53.231 E/BatteryStatsService( 3248): no controller energy info supplied
07-05 06:35:53.252 E/BatteryStatsService( 3248): modem info is invalid: ModemActivityInfo{ mTimestamp=76747898 mSleepTimeMs=75966562 mIdleTimeMs=-75163480 mTxTimeMs[]=[0, 0, 0, 0, 0] mRxTimeMs=3406 mEnergyUsed=0}
