07-05 00:56:52.337 I/ActivityManager( 3248): Config changes=480 {1.0 ?mcc?mnc [en_US] ldltr sw360dp w640dp h336dp 480dpi nrml long land finger -keyb/v/h -nav/h s.6}
07-05 00:56:52.442 E/UserRestrictionsUtils( 3248): Unknown restriction: null
07-05 00:56:52.444 E/UserRestrictionsUtils( 3248): Unknown restriction: null
07-05 00:56:52.452 D/CryptdConnector( 3248): SND -> {15 cryptfs isConvertibleToFBE}
07-05 00:56:52.453 D/VoldCryptCmdListener(  379): cryptfs isConvertibleToFBE
07-05 00:56:52.453 D/CryptdConnector( 3248): RCV <- {200 15 0}
07-05 00:56:52.465 I/ActivityManager( 3248): Killing 5208:com.android.providers.calendar/u0a1 (adj 906): empty #17
07-05 00:56:52.567 D/ActivityManager( 3248): cleanUpApplicationRecord -- 5208
07-05 00:56:52.629 I/WindowManager( 3248): Screen frozen for +339ms due to Window{ad4117d u0 com.android.settings/com.android.settings.Settings$DevelopmentSettingsActivity}
07-05 00:56:53.890 E/BatteryStatsService( 3248): no controller energy info supplied
07-05 00:56:53.920 E/BatteryStatsService( 3248): modem info is invalid: ModemActivityInfo{ mTimestamp=56408562 mSleepTimeMs=55805652 mIdleTimeMs=-55797101 mTxTimeMs[]=[0, 0, 0, 0, 0] mRxTimeMs=36 mEnergyUsed=0}
07-05 00:56:54.032 I/ActivityManager( 3248): Config changes=480 {1.0 ?mcc?mnc [en_US] ldltr sw360dp w360dp h616dp 480dpi nrml long port finger -keyb/v/h -nav/h s.7}
07-05 00:56:54.110 E/UserRestrictionsUtils( 3248): Unknown restriction: null
07-05 00:56:54.111 E/UserRestrictionsUtils( 3248): Unknown restriction: null
07-05 00:56:54.119 D/CryptdConnector( 3248): SND -> {16 cryptfs isConvertibleToFBE}
07-05 00:56:54.119 D/VoldCryptCmdListener(  379): cryptfs isConvertibleToFBE
07-05 00:56:54.120 D/CryptdConnector( 3248): RCV <- {200 16 0}
07-05 00:56:54.333 I/WindowManager( 3248): Screen frozen for +327ms due to Window{dd63788 u0 com.android.settings/com.android.settings.Settings$DevelopmentSettingsActivity}
07-05 00:56:54.751 E/BatteryStatsService( 3248): no controller energy info supplied
07-05 00:56:54.752 I/EntropyMixer( 3248): Writing entropy...
07-05 00:56:54.779 E/BatteryStatsService( 3248): modem info is invalid: ModemActivityInfo{ mTimestamp=56409421 mSleepTimeMs=55805652 mIdleTimeMs=-55797101 mTxTimeMs[]=[0, 0, 0, 0, 0] mRxTimeMs=36 mEnergyUsed=0}
07-05 00:56:55.480 I/ActivityManager( 3248): Setting hasTopUi=false for pid=3582
07-05 00:57:20.524 I/ActivityManager( 3248): START u0 {act=android.intent.action.MAIN cat=[android.intent.category.HOME] flg=0x10200000 cmp=com.smartron.launcher/com.smartron.smextension.SmartronLauncher (has extras)} from uid 1000 on display 0
07-05 01:00:34.589 E/BatteryStatsService( 3248): no controller energy info supplied
07-05 01:00:34.607 E/BatteryStatsService( 3248): modem info is invalid: ModemActivityInfo{ mTimestamp=56629254 mSleepTimeMs=56024877 mIdleTimeMs=-55805243 mTxTimeMs[]=[0, 0, 0, 0, 0] mRxTimeMs=1058 mEnergyUsed=0}
07-05 01:01:00.012 I/ProcessStatsService( 3248): Prepared write state in 7ms
07-05 01:01:00.325 I/ProcessStatsService( 3248): Pruning old procstats: /data/system/procstats/state-2017-07-01-17-06-33.bin
07-05 01:09:14.009 I/ActivityManager( 3248): START u0 {act=android.intent.action.MAIN cat=[android.intent.category.HOME] flg=0x10200000 cmp=com.smartron.launcher/com.smartron.smextension.SmartronLauncher (has extras)} from uid 1000 on display 0
07-05 01:09:28.496 I/ActivityManager( 3248): START u0 {act=android.intent.action.MAIN cat=[android.intent.category.HOME] flg=0x10200000 cmp=com.smartron.launcher/com.smartron.smextension.SmartronLauncher (has extras)} from uid 1000 on display 0
07-05 01:09:29.798 I/ActivityManager( 3248): START u0 {flg=0x10804000 cmp=com.android.systemui/.recents.RecentsActivity} from uid 10036 on display 0
07-05 01:09:30.131 E/ActivityThread( 5493): Service com.google.android.location.places.service.PlaceDetectionAsyncService has leaked IntentReceiver amth@241ad88 that was originally registered here. Are you missing a call to unregisterReceiver()?
07-05 01:09:30.131 E/ActivityThread( 5493): android.app.IntentReceiverLeaked: Service com.google.android.location.places.service.PlaceDetectionAsyncService has leaked IntentReceiver amth@241ad88 that was originally registered here. Are you missing a call to unregisterReceiver()?
07-05 01:09:30.131 E/ActivityThread( 5493): 	at android.app.LoadedApk$ReceiverDispatcher.<init>(LoadedApk.java:1159)
07-05 01:09:30.131 E/ActivityThread( 5493): 	at android.app.LoadedApk.getReceiverDispatcher(LoadedApk.java:946)
07-05 01:09:30.131 E/ActivityThread( 5493): 	at android.app.ContextImpl.registerReceiverInternal(ContextImpl.java:1302)
07-05 01:09:30.131 E/ActivityThread( 5493): 	at android.app.ContextImpl.registerReceiver(ContextImpl.java:1282)
07-05 01:09:30.131 E/ActivityThread( 5493): 	at android.content.ContextWrapper.registerReceiver(ContextWrapper.java:593)
07-05 01:09:30.131 E/ActivityThread( 5493): 	at android.content.ContextWrapper.registerReceiver(ContextWrapper.java:593)
07-05 01:09:30.131 E/ActivityThread( 5493): 	at android.content.ContextWrapper.registerReceiver(ContextWrapper.java:593)
07-05 01:09:30.131 E/ActivityThread( 5493): 	at android.content.ContextWrapper.registerReceiver(ContextWrapper.java:593)
07-05 01:09:30.131 E/ActivityThread( 5493): 	at amrb.run(:com.google.android.gms:4414)
07-05 01:09:30.131 E/ActivityThread( 5493): 	at android.os.Handler.handleCallback(Handler.java:751)
07-05 01:09:30.131 E/ActivityThread( 5493): 	at android.os.Handler.dispatchMessage(Handler.java:95)
07-05 01:09:30.131 E/ActivityThread( 5493): 	at android.os.Looper.loop(Looper.java:154)
07-05 01:09:30.131 E/ActivityThread( 5493): 	at android.os.HandlerThread.run(HandlerThread.java:61)
07-05 01:09:33.259 I/ActivityManager( 3248): START u0 {act=android.intent.action.MAIN cat=[android.intent.category.HOME] flg=0x10200000 cmp=com.smartron.launcher/com.smartron.smextension.SmartronLauncher} from uid 10036 on display 0
07-05 01:09:33.280 I/ActivityManager( 3248): Killing 5227:com.android.vending/u0a33 (adj 904): remove task
07-05 01:09:33.282 I/ActivityManager( 3248): Killing 6817:com.smartron.gallery/u0a12 (adj 904): remove task
07-05 01:09:33.301 D/ActivityManager( 3248): cleanUpApplicationRecord -- 6817
07-05 01:09:33.307 I/ActivityManager( 3248): Killing 3749:com.android.settings/1000 (adj 1001): remove task
07-05 01:09:33.323 D/ActivityManager( 3248): cleanUpApplicationRecord -- 5227
07-05 01:09:33.425 D/ActivityManager( 3248): cleanUpApplicationRecord -- 3749
07-05 01:09:33.425 W/ActivityManager( 3248): Scheduling restart of crashed service com.android.settings/.SettingsBootService in 1000ms
07-05 01:09:34.447 I/ActivityManager( 3248): Start proc 11524:com.android.settings/1000 for service com.android.settings/.SettingsBootService
07-05 01:09:34.963 I/ActivityManager( 3248): START u0 {act=android.intent.action.MAIN cat=[android.intent.category.HOME] flg=0x10200000 cmp=com.smartron.launcher/com.smartron.smextension.SmartronLauncher (has extras)} from uid 1000 on display 0
07-05 01:09:49.516 I/ActivityManager( 3248): START u0 {act=android.intent.action.MAIN cat=[android.intent.category.HOME] flg=0x10200000 cmp=com.smartron.launcher/com.smartron.smextension.SmartronLauncher (has extras)} from uid 1000 on display 0
07-05 01:09:50.809 I/ActivityManager( 3248): START u0 {flg=0x10804000 cmp=com.android.systemui/.recents.RecentsActivity} from uid 10036 on display 0
07-05 01:09:50.828 I/ActivityManager( 3248): Killing 4629:com.google.android.googlequicksearchbox:search/u0a40 (adj 200): remove task
07-05 01:09:50.933 D/ConnectivityService( 3248): ConnectivityService NetworkRequestInfo binderDied(NetworkRequest [ LISTEN id=8, [ Capabilities: INTERNET&NOT_RESTRICTED&TRUSTED] ], android.os.BinderProxy@22a9cc5)
07-05 01:09:50.934 D/ActivityManager( 3248): cleanUpApplicationRecord -- 4629
07-05 01:09:50.934 W/ActivityManager( 3248): Scheduling restart of crashed service com.google.android.googlequicksearchbox/com.google.android.apps.gsa.nowoverlayservice.DrawerOverlayService in 1000ms
07-05 01:09:50.936 I/WindowManager( 3248): WIN DEATH: Window{af817fa u0 com.smartron.launcher/com.smartron.smextension.SmartronLauncher}
07-05 01:09:50.937 E/ConnectivityService( 3248): RemoteException caught trying to send a callback msg for NetworkRequest [ LISTEN id=8, [ Capabilities: INTERNET&NOT_RESTRICTED&TRUSTED] ]
07-05 01:09:50.979 I/ActivityManager( 3248): Start proc 11560:com.google.android.googlequicksearchbox:search/u0a40 for broadcast com.google.android.googlequicksearchbox/.SearchWidgetProvider
07-05 01:09:50.998 W/ActivityManager( 3248): Scheduling restart of crashed service com.google.android.googlequicksearchbox/com.google.android.apps.gsa.nowoverlayservice.DrawerOverlayService in 1000ms
07-05 01:09:53.878 I/ActivityManager( 3248): START u0 {act=android.intent.action.MAIN cat=[android.intent.category.HOME] flg=0x10200000 cmp=com.smartron.launcher/com.smartron.smextension.SmartronLauncher} from uid 10036 on display 0
07-05 01:09:54.076 I/ActivityManager( 3248): Start proc 11595:com.google.android.partnersetup/u0a19 for content provider com.google.android.partnersetup/.RlzAppProvider
07-05 01:10:07.645 I/ActivityManager( 3248): START u0 {act=android.intent.action.MAIN cat=[android.intent.category.HOME] flg=0x10200000 cmp=com.smartron.launcher/com.smartron.smextension.SmartronLauncher (has extras)} from uid 1000 on display 0
07-05 01:10:08.937 I/ActivityManager( 3248): START u0 {flg=0x10804000 cmp=com.android.systemui/.recents.RecentsActivity} from uid 10036 on display 0
07-05 01:10:12.007 I/ActivityManager( 3248): START u0 {act=android.intent.action.MAIN cat=[android.intent.category.HOME] flg=0x10200000 cmp=com.smartron.launcher/com.smartron.smextension.SmartronLauncher} from uid 10036 on display 0
07-05 01:10:25.540 I/ActivityManager( 3248): START u0 {act=android.intent.action.MAIN cat=[android.intent.category.HOME] flg=0x10200000 cmp=com.smartron.launcher/com.smartron.smextension.SmartronLauncher (has extras)} from uid 1000 on display 0
07-05 01:10:26.846 I/ActivityManager( 3248): START u0 {flg=0x10804000 cmp=com.android.systemui/.recents.RecentsActivity} from uid 10036 on display 0
07-05 01:10:29.914 I/ActivityManager( 3248): START u0 {act=android.intent.action.MAIN cat=[android.intent.category.HOME] flg=0x10200000 cmp=com.smartron.launcher/com.smartron.smextension.SmartronLauncher} from uid 10036 on display 0
07-05 01:10:43.568 I/ActivityManager( 3248): START u0 {act=android.intent.action.MAIN cat=[android.intent.category.HOME] flg=0x10200000 cmp=com.smartron.launcher/com.smartron.smextension.SmartronLauncher (has extras)} from uid 1000 on display 0
07-05 01:10:44.860 I/ActivityManager( 3248): START u0 {flg=0x10804000 cmp=com.android.systemui/.recents.RecentsActivity} from uid 10036 on display 0
07-05 01:10:47.910 I/ActivityManager( 3248): START u0 {act=android.intent.action.MAIN cat=[android.intent.category.HOME] flg=0x10200000 cmp=com.smartron.launcher/com.smartron.smextension.SmartronLauncher} from uid 10036 on display 0
07-05 01:11:02.047 I/ActivityManager( 3248): START u0 {act=android.intent.action.MAIN cat=[android.intent.category.HOME] flg=0x10200000 cmp=com.smartron.launcher/com.smartron.smextension.SmartronLauncher (has extras)} from uid 1000 on display 0
07-05 01:11:03.340 I/ActivityManager( 3248): START u0 {flg=0x10804000 cmp=com.android.systemui/.recents.RecentsActivity} from uid 10036 on display 0
07-05 01:11:06.395 I/ActivityManager( 3248): START u0 {act=android.intent.action.MAIN cat=[android.intent.category.HOME] flg=0x10200000 cmp=com.smartron.launcher/com.smartron.smextension.SmartronLauncher} from uid 10036 on display 0
07-05 01:11:20.009 I/ActivityManager( 3248): START u0 {act=android.intent.action.MAIN cat=[android.intent.category.HOME] flg=0x10200000 cmp=com.smartron.launcher/com.smartron.smextension.SmartronLauncher (has extras)} from uid 1000 on display 0
07-05 01:11:21.302 I/ActivityManager( 3248): START u0 {flg=0x10804000 cmp=com.android.systemui/.recents.RecentsActivity} from uid 10036 on display 0
07-05 01:11:24.356 I/ActivityManager( 3248): START u0 {act=android.intent.action.MAIN cat=[android.intent.category.HOME] flg=0x10200000 cmp=com.smartron.launcher/com.smartron.smextension.SmartronLauncher} from uid 10036 on display 0
07-05 01:11:36.658 W/WindowManager( 3248): Attempted to remove non-existing token: android.os.Binder@f596f7e
07-05 01:16:19.068 I/UsageStatsService( 3248): User[0] Flushing usage stats to disk
07-05 01:26:51.097 E/BatteryStatsService( 3248): no controller energy info supplied
07-05 01:26:51.210 E/BatteryStatsService( 3248): modem info is invalid: ModemActivityInfo{ mTimestamp=58205847 mSleepTimeMs=57591715 mIdleTimeMs=-56022201 mTxTimeMs[]=[0, 0, 0, 0, 0] mRxTimeMs=6998 mEnergyUsed=0}
07-05 01:30:17.393 E/BatteryStatsService( 3248): no controller energy info supplied
07-05 01:30:17.417 E/BatteryStatsService( 3248): modem info is invalid: ModemActivityInfo{ mTimestamp=58412059 mSleepTimeMs=57796795 mIdleTimeMs=-57591368 mTxTimeMs[]=[0, 0, 0, 0, 0] mRxTimeMs=865 mEnergyUsed=0}
07-05 01:30:34.587 E/BatteryStatsService( 3248): no controller energy info supplied
07-05 01:30:34.606 E/BatteryStatsService( 3248): modem info is invalid: ModemActivityInfo{ mTimestamp=58429252 mSleepTimeMs=57813887 mIdleTimeMs=-57796770 mTxTimeMs[]=[0, 0, 0, 0, 0] mRxTimeMs=77 mEnergyUsed=0}
07-05 01:31:00.038 I/ProcessStatsService( 3248): Prepared write state in 13ms
07-05 01:31:00.364 I/ProcessStatsService( 3248): Pruning old procstats: /data/system/procstats/state-2017-07-01-20-06-34.bin
07-05 01:35:07.582 I/ActivityManager( 3248): START u0 {act=android.intent.action.MAIN cat=[android.intent.category.HOME] flg=0x10200000 cmp=com.smartron.launcher/com.smartron.smextension.SmartronLauncher (has extras)} from uid 1000 on display 0
07-05 01:35:22.179 I/ActivityManager( 3248): START u0 {act=android.intent.action.MAIN cat=[android.intent.category.HOME] flg=0x10200000 cmp=com.smartron.launcher/com.smartron.smextension.SmartronLauncher (has extras)} from uid 1000 on display 0
07-05 01:35:23.471 I/ActivityManager( 3248): START u0 {flg=0x10804000 cmp=com.android.systemui/.recents.RecentsActivity} from uid 10036 on display 0
07-05 01:35:23.820 E/ActivityThread( 5493): Service com.google.android.location.places.service.PlaceDetectionAsyncService has leaked IntentReceiver amth@60a2d33 that was originally registered here. Are you missing a call to unregisterReceiver()?
07-05 01:35:23.820 E/ActivityThread( 5493): android.app.IntentReceiverLeaked: Service com.google.android.location.places.service.PlaceDetectionAsyncService has leaked IntentReceiver amth@60a2d33 that was originally registered here. Are you missing a call to unregisterReceiver()?
07-05 01:35:23.820 E/ActivityThread( 5493): 	at android.app.LoadedApk$ReceiverDispatcher.<init>(LoadedApk.java:1159)
07-05 01:35:23.820 E/ActivityThread( 5493): 	at android.app.LoadedApk.getReceiverDispatcher(LoadedApk.java:946)
07-05 01:35:23.820 E/ActivityThread( 5493): 	at android.app.ContextImpl.registerReceiverInternal(ContextImpl.java:1302)
07-05 01:35:23.820 E/ActivityThread( 5493): 	at android.app.ContextImpl.registerReceiver(ContextImpl.java:1282)
07-05 01:35:23.820 E/ActivityThread( 5493): 	at android.content.ContextWrapper.registerReceiver(ContextWrapper.java:593)
07-05 01:35:23.820 E/ActivityThread( 5493): 	at android.content.ContextWrapper.registerReceiver(ContextWrapper.java:593)
07-05 01:35:23.820 E/ActivityThread( 5493): 	at android.content.ContextWrapper.registerReceiver(ContextWrapper.java:593)
07-05 01:35:23.820 E/ActivityThread( 5493): 	at android.content.ContextWrapper.registerReceiver(ContextWrapper.java:593)
07-05 01:35:23.820 E/ActivityThread( 5493): 	at amrb.run(:com.google.android.gms:4414)
07-05 01:35:23.820 E/ActivityThread( 5493): 	at android.os.Handler.handleCallback(Handler.java:751)
07-05 01:35:23.820 E/ActivityThread( 5493): 	at android.os.Handler.dispatchMessage(Handler.java:95)
07-05 01:35:23.820 E/ActivityThread( 5493): 	at android.os.Looper.loop(Looper.java:154)
07-05 01:35:23.820 E/ActivityThread( 5493): 	at android.os.HandlerThread.run(HandlerThread.java:61)
07-05 01:35:26.525 I/ActivityManager( 3248): START u0 {act=android.intent.action.MAIN cat=[android.intent.category.HOME] flg=0x10200000 cmp=com.smartron.launcher/com.smartron.smextension.SmartronLauncher} from uid 10036 on display 0
07-05 01:35:40.141 I/ActivityManager( 3248): START u0 {act=android.intent.action.MAIN cat=[android.intent.category.HOME] flg=0x10200000 cmp=com.smartron.launcher/com.smartron.smextension.SmartronLauncher (has extras)} from uid 1000 on display 0
07-05 01:35:41.452 I/ActivityManager( 3248): START u0 {flg=0x10804000 cmp=com.android.systemui/.recents.RecentsActivity} from uid 10036 on display 0
07-05 01:35:41.737 E/ActivityThread( 5493): Service com.google.android.location.places.service.PlaceDetectionAsyncService has leaked IntentReceiver amth@b61b286 that was originally registered here. Are you missing a call to unregisterReceiver()?
07-05 01:35:41.737 E/ActivityThread( 5493): android.app.IntentReceiverLeaked: Service com.google.android.location.places.service.PlaceDetectionAsyncService has leaked IntentReceiver amth@b61b286 that was originally registered here. Are you missing a call to unregisterReceiver()?
07-05 01:35:41.737 E/ActivityThread( 5493): 	at android.app.LoadedApk$ReceiverDispatcher.<init>(LoadedApk.java:1159)
07-05 01:35:41.737 E/ActivityThread( 5493): 	at android.app.LoadedApk.getReceiverDispatcher(LoadedApk.java:946)
07-05 01:35:41.737 E/ActivityThread( 5493): 	at android.app.ContextImpl.registerReceiverInternal(ContextImpl.java:1302)
07-05 01:35:41.737 E/ActivityThread( 5493): 	at android.app.ContextImpl.registerReceiver(ContextImpl.java:1282)
07-05 01:35:41.737 E/ActivityThread( 5493): 	at android.content.ContextWrapper.registerReceiver(ContextWrapper.java:593)
07-05 01:35:41.737 E/ActivityThread( 5493): 	at android.content.ContextWrapper.registerReceiver(ContextWrapper.java:593)
07-05 01:35:41.737 E/ActivityThread( 5493): 	at android.content.ContextWrapper.registerReceiver(ContextWrapper.java:593)
07-05 01:35:41.737 E/ActivityThread( 5493): 	at android.content.ContextWrapper.registerReceiver(ContextWrapper.java:593)
07-05 01:35:41.737 E/ActivityThread( 5493): 	at amrb.run(:com.google.android.gms:4414)
07-05 01:35:41.737 E/ActivityThread( 5493): 	at android.os.Handler.handleCallback(Handler.java:751)
07-05 01:35:41.737 E/ActivityThread( 5493): 	at android.os.Handler.dispatchMessage(Handler.java:95)
07-05 01:35:41.737 E/ActivityThread( 5493): 	at android.os.Looper.loop(Looper.java:154)
07-05 01:35:41.737 E/ActivityThread( 5493): 	at android.os.HandlerThread.run(HandlerThread.java:61)
07-05 01:35:41.846 E/ActivityThread( 5493): Service com.google.android.location.places.service.PlaceDetectionAsyncService has leaked IntentReceiver amth@e613518 that was originally registered here. Are you missing a call to unregisterReceiver()?
07-05 01:35:41.846 E/ActivityThread( 5493): android.app.IntentReceiverLeaked: Service com.google.android.location.places.service.PlaceDetectionAsyncService has leaked IntentReceiver amth@e613518 that was originally registered here. Are you missing a call to unregisterReceiver()?
07-05 01:35:41.846 E/ActivityThread( 5493): 	at android.app.LoadedApk$ReceiverDispatcher.<init>(LoadedApk.java:1159)
07-05 01:35:41.846 E/ActivityThread( 5493): 	at android.app.LoadedApk.getReceiverDispatcher(LoadedApk.java:946)
07-05 01:35:41.846 E/ActivityThread( 5493): 	at android.app.ContextImpl.registerReceiverInternal(ContextImpl.java:1302)
07-05 01:35:41.846 E/ActivityThread( 5493): 	at android.app.ContextImpl.registerReceiver(ContextImpl.java:1282)
07-05 01:35:41.846 E/ActivityThread( 5493): 	at android.content.ContextWrapper.registerReceiver(ContextWrapper.java:593)
07-05 01:35:41.846 E/ActivityThread( 5493): 	at android.content.ContextWrapper.registerReceiver(ContextWrapper.java:593)
07-05 01:35:41.846 E/ActivityThread( 5493): 	at android.content.ContextWrapper.registerReceiver(ContextWrapper.java:593)
07-05 01:35:41.846 E/ActivityThread( 5493): 	at android.content.ContextWrapper.registerReceiver(ContextWrapper.java:593)
07-05 01:35:41.846 E/ActivityThread( 5493): 	at amrb.run(:com.google.android.gms:4414)
07-05 01:35:41.846 E/ActivityThread( 5493): 	at android.os.Handler.handleCallback(Handler.java:751)
07-05 01:35:41.846 E/ActivityThread( 5493): 	at android.os.Handler.dispatchMessage(Handler.java:95)
07-05 01:35:41.846 E/ActivityThread( 5493): 	at android.os.Looper.loop(Looper.java:154)
07-05 01:35:41.846 E/ActivityThread( 5493): 	at android.os.HandlerThread.run(HandlerThread.java:61)
07-05 01:35:44.487 I/ActivityManager( 3248): START u0 {act=android.intent.action.MAIN cat=[android.intent.category.HOME] flg=0x10200000 cmp=com.smartron.launcher/com.smartron.smextension.SmartronLauncher} from uid 10036 on display 0
07-05 01:35:58.119 I/ActivityManager( 3248): START u0 {act=android.intent.action.MAIN cat=[android.intent.category.HOME] flg=0x10200000 cmp=com.smartron.launcher/com.smartron.smextension.SmartronLauncher (has extras)} from uid 1000 on display 0
07-05 01:35:59.428 I/ActivityManager( 3248): START u0 {flg=0x10804000 cmp=com.android.systemui/.recents.RecentsActivity} from uid 10036 on display 0
07-05 01:35:59.794 E/ActivityThread( 5493): Service com.google.android.location.places.service.PlaceDetectionAsyncService has leaked IntentReceiver amth@f28ca09 that was originally registered here. Are you missing a call to unregisterReceiver()?
07-05 01:35:59.794 E/ActivityThread( 5493): android.app.IntentReceiverLeaked: Service com.google.android.location.places.service.PlaceDetectionAsyncService has leaked IntentReceiver amth@f28ca09 that was originally registered here. Are you missing a call to unregisterReceiver()?
07-05 01:35:59.794 E/ActivityThread( 5493): 	at android.app.LoadedApk$ReceiverDispatcher.<init>(LoadedApk.java:1159)
07-05 01:35:59.794 E/ActivityThread( 5493): 	at android.app.LoadedApk.getReceiverDispatcher(LoadedApk.java:946)
07-05 01:35:59.794 E/ActivityThread( 5493): 	at android.app.ContextImpl.registerReceiverInternal(ContextImpl.java:1302)
07-05 01:35:59.794 E/ActivityThread( 5493): 	at android.app.ContextImpl.registerReceiver(ContextImpl.java:1282)
07-05 01:35:59.794 E/ActivityThread( 5493): 	at android.content.ContextWrapper.registerReceiver(ContextWrapper.java:593)
07-05 01:35:59.794 E/ActivityThread( 5493): 	at android.content.ContextWrapper.registerReceiver(ContextWrapper.java:593)
07-05 01:35:59.794 E/ActivityThread( 5493): 	at android.content.ContextWrapper.registerReceiver(ContextWrapper.java:593)
07-05 01:35:59.794 E/ActivityThread( 5493): 	at android.content.ContextWrapper.registerReceiver(ContextWrapper.java:593)
07-05 01:35:59.794 E/ActivityThread( 5493): 	at amrb.run(:com.google.android.gms:4414)
07-05 01:35:59.794 E/ActivityThread( 5493): 	at android.os.Handler.handleCallback(Handler.java:751)
07-05 01:35:59.794 E/ActivityThread( 5493): 	at android.os.Handler.dispatchMessage(Handler.java:95)
07-05 01:35:59.794 E/ActivityThread( 5493): 	at android.os.Looper.loop(Looper.java:154)
07-05 01:35:59.794 E/ActivityThread( 5493): 	at android.os.HandlerThread.run(HandlerThread.java:61)
07-05 01:36:02.479 I/ActivityManager( 3248): START u0 {act=android.intent.action.MAIN cat=[android.intent.category.HOME] flg=0x10200000 cmp=com.smartron.launcher/com.smartron.smextension.SmartronLauncher} from uid 10036 on display 0
07-05 01:36:16.113 I/ActivityManager( 3248): START u0 {act=android.intent.action.MAIN cat=[android.intent.category.HOME] flg=0x10200000 cmp=com.smartron.launcher/com.smartron.smextension.SmartronLauncher (has extras)} from uid 1000 on display 0
07-05 01:36:17.407 I/ActivityManager( 3248): START u0 {flg=0x10804000 cmp=com.android.systemui/.recents.RecentsActivity} from uid 10036 on display 0
07-05 01:36:17.791 E/ActivityThread( 5493): Service com.google.android.location.places.service.PlaceDetectionAsyncService has leaked IntentReceiver amth@68c078f that was originally registered here. Are you missing a call to unregisterReceiver()?
07-05 01:36:17.791 E/ActivityThread( 5493): android.app.IntentReceiverLeaked: Service com.google.android.location.places.service.PlaceDetectionAsyncService has leaked IntentReceiver amth@68c078f that was originally registered here. Are you missing a call to unregisterReceiver()?
07-05 01:36:17.791 E/ActivityThread( 5493): 	at android.app.LoadedApk$ReceiverDispatcher.<init>(LoadedApk.java:1159)
07-05 01:36:17.791 E/ActivityThread( 5493): 	at android.app.LoadedApk.getReceiverDispatcher(LoadedApk.java:946)
07-05 01:36:17.791 E/ActivityThread( 5493): 	at android.app.ContextImpl.registerReceiverInternal(ContextImpl.java:1302)
07-05 01:36:17.791 E/ActivityThread( 5493): 	at android.app.ContextImpl.registerReceiver(ContextImpl.java:1282)
07-05 01:36:17.791 E/ActivityThread( 5493): 	at android.content.ContextWrapper.registerReceiver(ContextWrapper.java:593)
07-05 01:36:17.791 E/ActivityThread( 5493): 	at android.content.ContextWrapper.registerReceiver(ContextWrapper.java:593)
07-05 01:36:17.791 E/ActivityThread( 5493): 	at android.content.ContextWrapper.registerReceiver(ContextWrapper.java:593)
07-05 01:36:17.791 E/ActivityThread( 5493): 	at android.content.ContextWrapper.registerReceiver(ContextWrapper.java:593)
07-05 01:36:17.791 E/ActivityThread( 5493): 	at amrb.run(:com.google.android.gms:4414)
07-05 01:36:17.791 E/ActivityThread( 5493): 	at android.os.Handler.handleCallback(Handler.java:751)
07-05 01:36:17.791 E/ActivityThread( 5493): 	at android.os.Handler.dispatchMessage(Handler.java:95)
07-05 01:36:17.791 E/ActivityThread( 5493): 	at android.os.Looper.loop(Looper.java:154)
07-05 01:36:17.791 E/ActivityThread( 5493): 	at android.os.HandlerThread.run(HandlerThread.java:61)
07-05 01:36:20.463 I/ActivityManager( 3248): START u0 {act=android.intent.action.MAIN cat=[android.intent.category.HOME] flg=0x10200000 cmp=com.smartron.launcher/com.smartron.smextension.SmartronLauncher} from uid 10036 on display 0
07-05 01:36:34.027 I/ActivityManager( 3248): START u0 {act=android.intent.action.MAIN cat=[android.intent.category.HOME] flg=0x10200000 cmp=com.smartron.launcher/com.smartron.smextension.SmartronLauncher (has extras)} from uid 1000 on display 0
07-05 01:36:35.318 I/ActivityManager( 3248): START u0 {flg=0x10804000 cmp=com.android.systemui/.recents.RecentsActivity} from uid 10036 on display 0
07-05 01:36:35.699 E/ActivityThread( 5493): Service com.google.android.location.places.service.PlaceDetectionAsyncService has leaked IntentReceiver amth@6e6de01 that was originally registered here. Are you missing a call to unregisterReceiver()?
07-05 01:36:35.699 E/ActivityThread( 5493): android.app.IntentReceiverLeaked: Service com.google.android.location.places.service.PlaceDetectionAsyncService has leaked IntentReceiver amth@6e6de01 that was originally registered here. Are you missing a call to unregisterReceiver()?
07-05 01:36:35.699 E/ActivityThread( 5493): 	at android.app.LoadedApk$ReceiverDispatcher.<init>(LoadedApk.java:1159)
07-05 01:36:35.699 E/ActivityThread( 5493): 	at android.app.LoadedApk.getReceiverDispatcher(LoadedApk.java:946)
07-05 01:36:35.699 E/ActivityThread( 5493): 	at android.app.ContextImpl.registerReceiverInternal(ContextImpl.java:1302)
07-05 01:36:35.699 E/ActivityThread( 5493): 	at android.app.ContextImpl.registerReceiver(ContextImpl.java:1282)
07-05 01:36:35.699 E/ActivityThread( 5493): 	at android.content.ContextWrapper.registerReceiver(ContextWrapper.java:593)
07-05 01:36:35.699 E/ActivityThread( 5493): 	at android.content.ContextWrapper.registerReceiver(ContextWrapper.java:593)
07-05 01:36:35.699 E/ActivityThread( 5493): 	at android.content.ContextWrapper.registerReceiver(ContextWrapper.java:593)
07-05 01:36:35.699 E/ActivityThread( 5493): 	at android.content.ContextWrapper.registerReceiver(ContextWrapper.java:593)
07-05 01:36:35.699 E/ActivityThread( 5493): 	at amrb.run(:com.google.android.gms:4414)
07-05 01:36:35.699 E/ActivityThread( 5493): 	at android.os.Handler.handleCallback(Handler.java:751)
07-05 01:36:35.699 E/ActivityThread( 5493): 	at android.os.Handler.dispatchMessage(Handler.java:95)
07-05 01:36:35.699 E/ActivityThread( 5493): 	at android.os.Looper.loop(Looper.java:154)
07-05 01:36:35.699 E/ActivityThread( 5493): 	at android.os.HandlerThread.run(HandlerThread.java:61)
07-05 01:36:38.370 I/ActivityManager( 3248): START u0 {act=android.intent.action.MAIN cat=[android.intent.category.HOME] flg=0x10200000 cmp=com.smartron.launcher/com.smartron.smextension.SmartronLauncher} from uid 10036 on display 0
07-05 01:36:52.003 I/ActivityManager( 3248): START u0 {act=android.intent.action.MAIN cat=[android.intent.category.HOME] flg=0x10200000 cmp=com.smartron.launcher/com.smartron.smextension.SmartronLauncher (has extras)} from uid 1000 on display 0
07-05 01:36:53.297 I/ActivityManager( 3248): START u0 {flg=0x10804000 cmp=com.android.systemui/.recents.RecentsActivity} from uid 10036 on display 0
07-05 01:36:53.686 E/ActivityThread( 5493): Service com.google.android.location.places.service.PlaceDetectionAsyncService has leaked IntentReceiver amth@d6dcca that was originally registered here. Are you missing a call to unregisterReceiver()?
07-05 01:36:53.686 E/ActivityThread( 5493): android.app.IntentReceiverLeaked: Service com.google.android.location.places.service.PlaceDetectionAsyncService has leaked IntentReceiver amth@d6dcca that was originally registered here. Are you missing a call to unregisterReceiver()?
07-05 01:36:53.686 E/ActivityThread( 5493): 	at android.app.LoadedApk$ReceiverDispatcher.<init>(LoadedApk.java:1159)
07-05 01:36:53.686 E/ActivityThread( 5493): 	at android.app.LoadedApk.getReceiverDispatcher(LoadedApk.java:946)
07-05 01:36:53.686 E/ActivityThread( 5493): 	at android.app.ContextImpl.registerReceiverInternal(ContextImpl.java:1302)
07-05 01:36:53.686 E/ActivityThread( 5493): 	at android.app.ContextImpl.registerReceiver(ContextImpl.java:1282)
07-05 01:36:53.686 E/ActivityThread( 5493): 	at android.content.ContextWrapper.registerReceiver(ContextWrapper.java:593)
07-05 01:36:53.686 E/ActivityThread( 5493): 	at android.content.ContextWrapper.registerReceiver(ContextWrapper.java:593)
07-05 01:36:53.686 E/ActivityThread( 5493): 	at android.content.ContextWrapper.registerReceiver(ContextWrapper.java:593)
07-05 01:36:53.686 E/ActivityThread( 5493): 	at android.content.ContextWrapper.registerReceiver(ContextWrapper.java:593)
07-05 01:36:53.686 E/ActivityThread( 5493): 	at amrb.run(:com.google.android.gms:4414)
07-05 01:36:53.686 E/ActivityThread( 5493): 	at android.os.Handler.handleCallback(Handler.java:751)
07-05 01:36:53.686 E/ActivityThread( 5493): 	at android.os.Handler.dispatchMessage(Handler.java:95)
07-05 01:36:53.686 E/ActivityThread( 5493): 	at android.os.Looper.loop(Looper.java:154)
07-05 01:36:53.686 E/ActivityThread( 5493): 	at android.os.HandlerThread.run(HandlerThread.java:61)
07-05 01:36:56.344 I/ActivityManager( 3248): START u0 {act=android.intent.action.MAIN cat=[android.intent.category.HOME] flg=0x10200000 cmp=com.smartron.launcher/com.smartron.smextension.SmartronLauncher} from uid 10036 on display 0
07-05 01:37:09.948 I/ActivityManager( 3248): START u0 {act=android.intent.action.MAIN cat=[android.intent.category.HOME] flg=0x10200000 cmp=com.smartron.launcher/com.smartron.smextension.SmartronLauncher (has extras)} from uid 1000 on display 0
07-05 01:37:11.241 I/ActivityManager( 3248): START u0 {flg=0x10804000 cmp=com.android.systemui/.recents.RecentsActivity} from uid 10036 on display 0
07-05 01:37:11.649 E/ActivityThread( 5493): Service com.google.android.location.places.service.PlaceDetectionAsyncService has leaked IntentReceiver amth@ed0e276 that was originally registered here. Are you missing a call to unregisterReceiver()?
07-05 01:37:11.649 E/ActivityThread( 5493): android.app.IntentReceiverLeaked: Service com.google.android.location.places.service.PlaceDetectionAsyncService has leaked IntentReceiver amth@ed0e276 that was originally registered here. Are you missing a call to unregisterReceiver()?
07-05 01:37:11.649 E/ActivityThread( 5493): 	at android.app.LoadedApk$ReceiverDispatcher.<init>(LoadedApk.java:1159)
07-05 01:37:11.649 E/ActivityThread( 5493): 	at android.app.LoadedApk.getReceiverDispatcher(LoadedApk.java:946)
07-05 01:37:11.649 E/ActivityThread( 5493): 	at android.app.ContextImpl.registerReceiverInternal(ContextImpl.java:1302)
07-05 01:37:11.649 E/ActivityThread( 5493): 	at android.app.ContextImpl.registerReceiver(ContextImpl.java:1282)
07-05 01:37:11.649 E/ActivityThread( 5493): 	at android.content.ContextWrapper.registerReceiver(ContextWrapper.java:593)
07-05 01:37:11.649 E/ActivityThread( 5493): 	at android.content.ContextWrapper.registerReceiver(ContextWrapper.java:593)
07-05 01:37:11.649 E/ActivityThread( 5493): 	at android.content.ContextWrapper.registerReceiver(ContextWrapper.java:593)
07-05 01:37:11.649 E/ActivityThread( 5493): 	at android.content.ContextWrapper.registerReceiver(ContextWrapper.java:593)
07-05 01:37:11.649 E/ActivityThread( 5493): 	at amrb.run(:com.google.android.gms:4414)
07-05 01:37:11.649 E/ActivityThread( 5493): 	at android.os.Handler.handleCallback(Handler.java:751)
07-05 01:37:11.649 E/ActivityThread( 5493): 	at android.os.Handler.dispatchMessage(Handler.java:95)
07-05 01:37:11.649 E/ActivityThread( 5493): 	at android.os.Looper.loop(Looper.java:154)
07-05 01:37:11.649 E/ActivityThread( 5493): 	at android.os.HandlerThread.run(HandlerThread.java:61)
07-05 01:37:14.299 I/ActivityManager( 3248): START u0 {act=android.intent.action.MAIN cat=[android.intent.category.HOME] flg=0x10200000 cmp=com.smartron.launcher/com.smartron.smextension.SmartronLauncher} from uid 10036 on display 0
07-05 01:37:26.711 W/WindowManager( 3248): Attempted to remove non-existing token: android.os.Binder@67c30de
07-05 01:38:02.883 I/UsageStatsService( 3248): User[0] Flushing usage stats to disk
07-05 01:38:15.604 I/ActivityManager( 3248): START u0 {act=android.intent.action.MAIN cat=[android.intent.category.HOME] flg=0x10200000 cmp=com.smartron.launcher/com.smartron.smextension.SmartronLauncher (has extras)} from uid 1000 on display 0
07-05 01:38:30.083 I/ActivityManager( 3248): START u0 {act=android.intent.action.MAIN cat=[android.intent.category.HOME] flg=0x10200000 cmp=com.smartron.launcher/com.smartron.smextension.SmartronLauncher (has extras)} from uid 1000 on display 0
07-05 01:38:31.376 I/ActivityManager( 3248): START u0 {flg=0x10804000 cmp=com.android.systemui/.recents.RecentsActivity} from uid 10036 on display 0
07-05 01:38:31.778 E/ActivityThread( 5493): Service com.google.android.location.places.service.PlaceDetectionAsyncService has leaked IntentReceiver amth@337a784 that was originally registered here. Are you missing a call to unregisterReceiver()?
07-05 01:38:31.778 E/ActivityThread( 5493): android.app.IntentReceiverLeaked: Service com.google.android.location.places.service.PlaceDetectionAsyncService has leaked IntentReceiver amth@337a784 that was originally registered here. Are you missing a call to unregisterReceiver()?
07-05 01:38:31.778 E/ActivityThread( 5493): 	at android.app.LoadedApk$ReceiverDispatcher.<init>(LoadedApk.java:1159)
07-05 01:38:31.778 E/ActivityThread( 5493): 	at android.app.LoadedApk.getReceiverDispatcher(LoadedApk.java:946)
07-05 01:38:31.778 E/ActivityThread( 5493): 	at android.app.ContextImpl.registerReceiverInternal(ContextImpl.java:1302)
07-05 01:38:31.778 E/ActivityThread( 5493): 	at android.app.ContextImpl.registerReceiver(ContextImpl.java:1282)
07-05 01:38:31.778 E/ActivityThread( 5493): 	at android.content.ContextWrapper.registerReceiver(ContextWrapper.java:593)
07-05 01:38:31.778 E/ActivityThread( 5493): 	at android.content.ContextWrapper.registerReceiver(ContextWrapper.java:593)
07-05 01:38:31.778 E/ActivityThread( 5493): 	at android.content.ContextWrapper.registerReceiver(ContextWrapper.java:593)
07-05 01:38:31.778 E/ActivityThread( 5493): 	at android.content.ContextWrapper.registerReceiver(ContextWrapper.java:593)
07-05 01:38:31.778 E/ActivityThread( 5493): 	at amrb.run(:com.google.android.gms:4414)
07-05 01:38:31.778 E/ActivityThread( 5493): 	at android.os.Handler.handleCallback(Handler.java:751)
07-05 01:38:31.778 E/ActivityThread( 5493): 	at android.os.Handler.dispatchMessage(Handler.java:95)
07-05 01:38:31.778 E/ActivityThread( 5493): 	at android.os.Looper.loop(Looper.java:154)
07-05 01:38:31.778 E/ActivityThread( 5493): 	at android.os.HandlerThread.run(HandlerThread.java:61)
07-05 01:38:34.430 I/ActivityManager( 3248): START u0 {act=android.intent.action.MAIN cat=[android.intent.category.HOME] flg=0x10200000 cmp=com.smartron.launcher/com.smartron.smextension.SmartronLauncher} from uid 10036 on display 0
07-05 01:38:48.013 I/ActivityManager( 3248): START u0 {act=android.intent.action.MAIN cat=[android.intent.category.HOME] flg=0x10200000 cmp=com.smartron.launcher/com.smartron.smextension.SmartronLauncher (has extras)} from uid 1000 on display 0
07-05 01:38:49.304 I/ActivityManager( 3248): START u0 {flg=0x10804000 cmp=com.android.systemui/.recents.RecentsActivity} from uid 10036 on display 0
07-05 01:38:49.704 E/ActivityThread( 5493): Service com.google.android.location.places.service.PlaceDetectionAsyncService has leaked IntentReceiver amth@b62b7cd that was originally registered here. Are you missing a call to unregisterReceiver()?
07-05 01:38:49.704 E/ActivityThread( 5493): android.app.IntentReceiverLeaked: Service com.google.android.location.places.service.PlaceDetectionAsyncService has leaked IntentReceiver amth@b62b7cd that was originally registered here. Are you missing a call to unregisterReceiver()?
07-05 01:38:49.704 E/ActivityThread( 5493): 	at android.app.LoadedApk$ReceiverDispatcher.<init>(LoadedApk.java:1159)
07-05 01:38:49.704 E/ActivityThread( 5493): 	at android.app.LoadedApk.getReceiverDispatcher(LoadedApk.java:946)
07-05 01:38:49.704 E/ActivityThread( 5493): 	at android.app.ContextImpl.registerReceiverInternal(ContextImpl.java:1302)
07-05 01:38:49.704 E/ActivityThread( 5493): 	at android.app.ContextImpl.registerReceiver(ContextImpl.java:1282)
07-05 01:38:49.704 E/ActivityThread( 5493): 	at android.content.ContextWrapper.registerReceiver(ContextWrapper.java:593)
07-05 01:38:49.704 E/ActivityThread( 5493): 	at android.content.ContextWrapper.registerReceiver(ContextWrapper.java:593)
07-05 01:38:49.704 E/ActivityThread( 5493): 	at android.content.ContextWrapper.registerReceiver(ContextWrapper.java:593)
07-05 01:38:49.704 E/ActivityThread( 5493): 	at android.content.ContextWrapper.registerReceiver(ContextWrapper.java:593)
07-05 01:38:49.704 E/ActivityThread( 5493): 	at amrb.run(:com.google.android.gms:4414)
07-05 01:38:49.704 E/ActivityThread( 5493): 	at android.os.Handler.handleCallback(Handler.java:751)
07-05 01:38:49.704 E/ActivityThread( 5493): 	at android.os.Handler.dispatchMessage(Handler.java:95)
07-05 01:38:49.704 E/ActivityThread( 5493): 	at android.os.Looper.loop(Looper.java:154)
07-05 01:38:49.704 E/ActivityThread( 5493): 	at android.os.HandlerThread.run(HandlerThread.java:61)
07-05 01:38:52.362 I/ActivityManager( 3248): START u0 {act=android.intent.action.MAIN cat=[android.intent.category.HOME] flg=0x10200000 cmp=com.smartron.launcher/com.smartron.smextension.SmartronLauncher} from uid 10036 on display 0
07-05 01:39:06.527 I/ActivityManager( 3248): START u0 {act=android.intent.action.MAIN cat=[android.intent.category.HOME] flg=0x10200000 cmp=com.smartron.launcher/com.smartron.smextension.SmartronLauncher (has extras)} from uid 1000 on display 0
07-05 01:39:07.818 I/ActivityManager( 3248): START u0 {flg=0x10804000 cmp=com.android.systemui/.recents.RecentsActivity} from uid 10036 on display 0
07-05 01:39:08.216 E/ActivityThread( 5493): Service com.google.android.location.places.service.PlaceDetectionAsyncService has leaked IntentReceiver amth@d1aaedc that was originally registered here. Are you missing a call to unregisterReceiver()?
07-05 01:39:08.216 E/ActivityThread( 5493): android.app.IntentReceiverLeaked: Service com.google.android.location.places.service.PlaceDetectionAsyncService has leaked IntentReceiver amth@d1aaedc that was originally registered here. Are you missing a call to unregisterReceiver()?
07-05 01:39:08.216 E/ActivityThread( 5493): 	at android.app.LoadedApk$ReceiverDispatcher.<init>(LoadedApk.java:1159)
07-05 01:39:08.216 E/ActivityThread( 5493): 	at android.app.LoadedApk.getReceiverDispatcher(LoadedApk.java:946)
07-05 01:39:08.216 E/ActivityThread( 5493): 	at android.app.ContextImpl.registerReceiverInternal(ContextImpl.java:1302)
07-05 01:39:08.216 E/ActivityThread( 5493): 	at android.app.ContextImpl.registerReceiver(ContextImpl.java:1282)
07-05 01:39:08.216 E/ActivityThread( 5493): 	at android.content.ContextWrapper.registerReceiver(ContextWrapper.java:593)
07-05 01:39:08.216 E/ActivityThread( 5493): 	at android.content.ContextWrapper.registerReceiver(ContextWrapper.java:593)
07-05 01:39:08.216 E/ActivityThread( 5493): 	at android.content.ContextWrapper.registerReceiver(ContextWrapper.java:593)
07-05 01:39:08.216 E/ActivityThread( 5493): 	at android.content.ContextWrapper.registerReceiver(ContextWrapper.java:593)
07-05 01:39:08.216 E/ActivityThread( 5493): 	at amrb.run(:com.google.android.gms:4414)
07-05 01:39:08.216 E/ActivityThread( 5493): 	at android.os.Handler.handleCallback(Handler.java:751)
07-05 01:39:08.216 E/ActivityThread( 5493): 	at android.os.Handler.dispatchMessage(Handler.java:95)
07-05 01:39:08.216 E/ActivityThread( 5493): 	at android.os.Looper.loop(Looper.java:154)
07-05 01:39:08.216 E/ActivityThread( 5493): 	at android.os.HandlerThread.run(HandlerThread.java:61)
07-05 01:39:10.894 I/ActivityManager( 3248): START u0 {act=android.intent.action.MAIN cat=[android.intent.category.HOME] flg=0x10200000 cmp=com.smartron.launcher/com.smartron.smextension.SmartronLauncher} from uid 10036 on display 0
07-05 01:39:24.469 I/ActivityManager( 3248): START u0 {act=android.intent.action.MAIN cat=[android.intent.category.HOME] flg=0x10200000 cmp=com.smartron.launcher/com.smartron.smextension.SmartronLauncher (has extras)} from uid 1000 on display 0
07-05 01:39:25.763 I/ActivityManager( 3248): START u0 {flg=0x10804000 cmp=com.android.systemui/.recents.RecentsActivity} from uid 10036 on display 0
07-05 01:39:26.159 E/ActivityThread( 5493): Service com.google.android.location.places.service.PlaceDetectionAsyncService has leaked IntentReceiver amth@5e6c2a1 that was originally registered here. Are you missing a call to unregisterReceiver()?
07-05 01:39:26.159 E/ActivityThread( 5493): android.app.IntentReceiverLeaked: Service com.google.android.location.places.service.PlaceDetectionAsyncService has leaked IntentReceiver amth@5e6c2a1 that was originally registered here. Are you missing a call to unregisterReceiver()?
07-05 01:39:26.159 E/ActivityThread( 5493): 	at android.app.LoadedApk$ReceiverDispatcher.<init>(LoadedApk.java:1159)
07-05 01:39:26.159 E/ActivityThread( 5493): 	at android.app.LoadedApk.getReceiverDispatcher(LoadedApk.java:946)
07-05 01:39:26.159 E/ActivityThread( 5493): 	at android.app.ContextImpl.registerReceiverInternal(ContextImpl.java:1302)
07-05 01:39:26.159 E/ActivityThread( 5493): 	at android.app.ContextImpl.registerReceiver(ContextImpl.java:1282)
07-05 01:39:26.159 E/ActivityThread( 5493): 	at android.content.ContextWrapper.registerReceiver(ContextWrapper.java:593)
07-05 01:39:26.159 E/ActivityThread( 5493): 	at android.content.ContextWrapper.registerReceiver(ContextWrapper.java:593)
07-05 01:39:26.159 E/ActivityThread( 5493): 	at android.content.ContextWrapper.registerReceiver(ContextWrapper.java:593)
07-05 01:39:26.159 E/ActivityThread( 5493): 	at android.content.ContextWrapper.registerReceiver(ContextWrapper.java:593)
07-05 01:39:26.159 E/ActivityThread( 5493): 	at amrb.run(:com.google.android.gms:4414)
07-05 01:39:26.159 E/ActivityThread( 5493): 	at android.os.Handler.handleCallback(Handler.java:751)
07-05 01:39:26.159 E/ActivityThread( 5493): 	at android.os.Handler.dispatchMessage(Handler.java:95)
07-05 01:39:26.159 E/ActivityThread( 5493): 	at android.os.Looper.loop(Looper.java:154)
07-05 01:39:26.159 E/ActivityThread( 5493): 	at android.os.HandlerThread.run(HandlerThread.java:61)
07-05 01:39:28.811 I/ActivityManager( 3248): START u0 {act=android.intent.action.MAIN cat=[android.intent.category.HOME] flg=0x10200000 cmp=com.smartron.launcher/com.smartron.smextension.SmartronLauncher} from uid 10036 on display 0
07-05 01:39:42.532 I/ActivityManager( 3248): START u0 {act=android.intent.action.MAIN cat=[android.intent.category.HOME] flg=0x10200000 cmp=com.smartron.launcher/com.smartron.smextension.SmartronLauncher (has extras)} from uid 1000 on display 0
07-05 01:39:43.825 I/ActivityManager( 3248): START u0 {flg=0x10804000 cmp=com.android.systemui/.recents.RecentsActivity} from uid 10036 on display 0
07-05 01:39:44.220 E/ActivityThread( 5493): Service com.google.android.location.places.service.PlaceDetectionAsyncService has leaked IntentReceiver amth@8c4ec32 that was originally registered here. Are you missing a call to unregisterReceiver()?
07-05 01:39:44.220 E/ActivityThread( 5493): android.app.IntentReceiverLeaked: Service com.google.android.location.places.service.PlaceDetectionAsyncService has leaked IntentReceiver amth@8c4ec32 that was originally registered here. Are you missing a call to unregisterReceiver()?
07-05 01:39:44.220 E/ActivityThread( 5493): 	at android.app.LoadedApk$ReceiverDispatcher.<init>(LoadedApk.java:1159)
07-05 01:39:44.220 E/ActivityThread( 5493): 	at android.app.LoadedApk.getReceiverDispatcher(LoadedApk.java:946)
07-05 01:39:44.220 E/ActivityThread( 5493): 	at android.app.ContextImpl.registerReceiverInternal(ContextImpl.java:1302)
07-05 01:39:44.220 E/ActivityThread( 5493): 	at android.app.ContextImpl.registerReceiver(ContextImpl.java:1282)
07-05 01:39:44.220 E/ActivityThread( 5493): 	at android.content.ContextWrapper.registerReceiver(ContextWrapper.java:593)
07-05 01:39:44.220 E/ActivityThread( 5493): 	at android.content.ContextWrapper.registerReceiver(ContextWrapper.java:593)
07-05 01:39:44.220 E/ActivityThread( 5493): 	at android.content.ContextWrapper.registerReceiver(ContextWrapper.java:593)
07-05 01:39:44.220 E/ActivityThread( 5493): 	at android.content.ContextWrapper.registerReceiver(ContextWrapper.java:593)
07-05 01:39:44.220 E/ActivityThread( 5493): 	at amrb.run(:com.google.android.gms:4414)
07-05 01:39:44.220 E/ActivityThread( 5493): 	at android.os.Handler.handleCallback(Handler.java:751)
07-05 01:39:44.220 E/ActivityThread( 5493): 	at android.os.Handler.dispatchMessage(Handler.java:95)
07-05 01:39:44.220 E/ActivityThread( 5493): 	at android.os.Looper.loop(Looper.java:154)
07-05 01:39:44.220 E/ActivityThread( 5493): 	at android.os.HandlerThread.run(HandlerThread.java:61)
07-05 01:39:46.883 I/ActivityManager( 3248): START u0 {act=android.intent.action.MAIN cat=[android.intent.category.HOME] flg=0x10200000 cmp=com.smartron.launcher/com.smartron.smextension.SmartronLauncher} from uid 10036 on display 0
07-05 01:40:00.763 I/ActivityManager( 3248): START u0 {act=android.intent.action.MAIN cat=[android.intent.category.HOME] flg=0x10200000 cmp=com.smartron.launcher/com.smartron.smextension.SmartronLauncher (has extras)} from uid 1000 on display 0
07-05 01:40:02.053 I/ActivityManager( 3248): START u0 {flg=0x10804000 cmp=com.android.systemui/.recents.RecentsActivity} from uid 10036 on display 0
07-05 01:40:02.432 E/ActivityThread( 5493): Service com.google.android.location.places.service.PlaceDetectionAsyncService has leaked IntentReceiver amth@7e1e45e that was originally registered here. Are you missing a call to unregisterReceiver()?
07-05 01:40:02.432 E/ActivityThread( 5493): android.app.IntentReceiverLeaked: Service com.google.android.location.places.service.PlaceDetectionAsyncService has leaked IntentReceiver amth@7e1e45e that was originally registered here. Are you missing a call to unregisterReceiver()?
07-05 01:40:02.432 E/ActivityThread( 5493): 	at android.app.LoadedApk$ReceiverDispatcher.<init>(LoadedApk.java:1159)
07-05 01:40:02.432 E/ActivityThread( 5493): 	at android.app.LoadedApk.getReceiverDispatcher(LoadedApk.java:946)
07-05 01:40:02.432 E/ActivityThread( 5493): 	at android.app.ContextImpl.registerReceiverInternal(ContextImpl.java:1302)
07-05 01:40:02.432 E/ActivityThread( 5493): 	at android.app.ContextImpl.registerReceiver(ContextImpl.java:1282)
07-05 01:40:02.432 E/ActivityThread( 5493): 	at android.content.ContextWrapper.registerReceiver(ContextWrapper.java:593)
07-05 01:40:02.432 E/ActivityThread( 5493): 	at android.content.ContextWrapper.registerReceiver(ContextWrapper.java:593)
07-05 01:40:02.432 E/ActivityThread( 5493): 	at android.content.ContextWrapper.registerReceiver(ContextWrapper.java:593)
07-05 01:40:02.432 E/ActivityThread( 5493): 	at android.content.ContextWrapper.registerReceiver(ContextWrapper.java:593)
07-05 01:40:02.432 E/ActivityThread( 5493): 	at amrb.run(:com.google.android.gms:4414)
07-05 01:40:02.432 E/ActivityThread( 5493): 	at android.os.Handler.handleCallback(Handler.java:751)
07-05 01:40:02.432 E/ActivityThread( 5493): 	at android.os.Handler.dispatchMessage(Handler.java:95)
07-05 01:40:02.432 E/ActivityThread( 5493): 	at android.os.Looper.loop(Looper.java:154)
07-05 01:40:02.432 E/ActivityThread( 5493): 	at android.os.HandlerThread.run(HandlerThread.java:61)
07-05 01:40:05.111 I/ActivityManager( 3248): START u0 {act=android.intent.action.MAIN cat=[android.intent.category.HOME] flg=0x10200000 cmp=com.smartron.launcher/com.smartron.smextension.SmartronLauncher} from uid 10036 on display 0
07-05 01:40:07.451 E/BatteryStatsService( 3248): no controller energy info supplied
07-05 01:40:07.472 E/BatteryStatsService( 3248): modem info is invalid: ModemActivityInfo{ mTimestamp=59002119 mSleepTimeMs=58383007 mIdleTimeMs=-57812751 mTxTimeMs[]=[0, 0, 0, 0, 0] mRxTimeMs=2611 mEnergyUsed=0}
