07-05 06:36:03.456 I/ActivityManager( 3248): START u0 {act=android.intent.action.MAIN cat=[android.intent.category.LAUNCHER] flg=0x10200000 cmp=com.microsoft.office.word/com.microsoft.office.apphost.LaunchActivity} from uid 2000 on display 0
07-05 06:36:07.028 I/ActivityManager( 3248): START u0 {cmp=com.smartron.gallery/.activities.AlbumDetailViewActivity (has extras)} from uid 10012 on display 0
07-05 06:36:09.569 I/ActivityManager( 3248): START u0 {cmp=com.smartron.gallery/.activities.AlbumDetailViewActivity (has extras)} from uid 10012 on display 0
07-05 06:36:09.604 W/InputMethodManagerService( 3248): Starting input on non-focused client com.android.internal.view.IInputMethodClient$Stub$Proxy@89720a2 (uid=10012 pid=11088)
07-05 06:36:20.782 W/InputMethodManagerService( 3248): Window already focused, ignoring focus gain of: com.android.internal.view.IInputMethodClient$Stub$Proxy@184fdaa attribute=android.view.inputmethod.EditorInfo@665fd9b, token = android.os.BinderProxy@18cbd01
07-05 06:36:21.282 I/ActivityManager( 3248): Setting hasTopUi=true for pid=3582
07-05 06:36:21.818 W/InputMethodManagerService( 3248): Window already focused, ignoring focus gain of: com.android.internal.view.IInputMethodClient$Stub$Proxy@d946538 attribute=android.view.inputmethod.EditorInfo@565911, token = android.os.BinderProxy@18cbd01
07-05 06:36:21.834 I/ActivityManager( 3248): Setting hasTopUi=false for pid=3582
07-05 06:36:29.408 I/ActivityManager( 3248): START u0 {act=android.intent.action.MAIN cat=[android.intent.category.HOME] flg=0x10200000 cmp=com.smartron.launcher/com.smartron.smextension.SmartronLauncher (has extras)} from uid 1000 on display 0
07-05 06:36:31.003 I/ActivityManager( 3248): START u0 {act=android.intent.action.MAIN cat=[android.intent.category.LAUNCHER] flg=0x10200000 cmp=com.smartron.gallery/.activities.SplashActivity bnds=[540,1206][798,1572] (has extras)} from uid 10031 on display 0
07-05 06:36:31.445 E/ActivityThread( 5493): Service com.google.android.location.places.service.PlaceDetectionAsyncService has leaked IntentReceiver amth@c176bcc that was originally registered here. Are you missing a call to unregisterReceiver()?
07-05 06:36:31.445 E/ActivityThread( 5493): android.app.IntentReceiverLeaked: Service com.google.android.location.places.service.PlaceDetectionAsyncService has leaked IntentReceiver amth@c176bcc that was originally registered here. Are you missing a call to unregisterReceiver()?
07-05 06:36:31.445 E/ActivityThread( 5493): 	at android.app.LoadedApk$ReceiverDispatcher.<init>(LoadedApk.java:1159)
07-05 06:36:31.445 E/ActivityThread( 5493): 	at android.app.LoadedApk.getReceiverDispatcher(LoadedApk.java:946)
07-05 06:36:31.445 E/ActivityThread( 5493): 	at android.app.ContextImpl.registerReceiverInternal(ContextImpl.java:1302)
07-05 06:36:31.445 E/ActivityThread( 5493): 	at android.app.ContextImpl.registerReceiver(ContextImpl.java:1282)
07-05 06:36:31.445 E/ActivityThread( 5493): 	at android.content.ContextWrapper.registerReceiver(ContextWrapper.java:593)
07-05 06:36:31.445 E/ActivityThread( 5493): 	at android.content.ContextWrapper.registerReceiver(ContextWrapper.java:593)
07-05 06:36:31.445 E/ActivityThread( 5493): 	at android.content.ContextWrapper.registerReceiver(ContextWrapper.java:593)
07-05 06:36:31.445 E/ActivityThread( 5493): 	at android.content.ContextWrapper.registerReceiver(ContextWrapper.java:593)
07-05 06:36:31.445 E/ActivityThread( 5493): 	at amrb.run(:com.google.android.gms:4414)
07-05 06:36:31.445 E/ActivityThread( 5493): 	at android.os.Handler.handleCallback(Handler.java:751)
07-05 06:36:31.445 E/ActivityThread( 5493): 	at android.os.Handler.dispatchMessage(Handler.java:95)
07-05 06:36:31.445 E/ActivityThread( 5493): 	at android.os.Looper.loop(Looper.java:154)
07-05 06:36:31.445 E/ActivityThread( 5493): 	at android.os.HandlerThread.run(HandlerThread.java:61)
07-05 06:36:39.675 I/ActivityManager( 3248): START u0 {flg=0x10804000 cmp=com.android.systemui/.recents.RecentsActivity} from uid 10036 on display 0
07-05 06:36:40.164 I/ActivityManager( 3248): START u0 {act=android.intent.action.MAIN cat=[android.intent.category.LAUNCHER] flg=0x10300000 cmp=com.microsoft.office.word/com.microsoft.office.apphost.LaunchActivity} from uid 2000 on display 0
07-05 06:36:40.192 E/ActivityManager( 3248): applyOptionsLocked: Unknown animationType=0
07-05 06:36:40.670 I/ActivityManager( 3248): Setting hasTopUi=true for pid=3582
07-05 06:36:41.267 W/InputMethodManagerService( 3248): Window already focused, ignoring focus gain of: com.android.internal.view.IInputMethodClient$Stub$Proxy@a71562c attribute=android.view.inputmethod.EditorInfo@c8b48f5, token = android.os.BinderProxy@bde6883
07-05 06:36:41.281 I/ActivityManager( 3248): Setting hasTopUi=false for pid=3582
07-05 06:37:18.140 I/ActivityManager( 3248): START u0 {act=android.intent.action.MAIN cat=[android.intent.category.LAUNCHER] flg=0x10200000 cmp=com.google.android.apps.photos/.home.HomeActivity} from uid 2000 on display 0
07-05 06:42:38.006 I/UsageStatsService( 3248): User[0] Flushing usage stats to disk
07-05 06:42:39.405 I/ActivityManager( 3248): START u0 {act=android.intent.action.MAIN cat=[android.intent.category.LAUNCHER] flg=0x10200000 cmp=com.google.android.apps.photos/.home.HomeActivity} from uid 2000 on display 0
07-05 06:42:39.466 W/InputMethodManagerService( 3248): Window already focused, ignoring focus gain of: com.android.internal.view.IInputMethodClient$Stub$Proxy@5222b79 attribute=null, token = android.os.BinderProxy@2c963a5
07-05 06:43:17.649 E/BatteryStatsService( 3248): no controller energy info supplied
07-05 06:43:17.669 E/BatteryStatsService( 3248): modem info is invalid: ModemActivityInfo{ mTimestamp=77192315 mSleepTimeMs=76408364 mIdleTimeMs=-75965805 mTxTimeMs[]=[0, 0, 0, 0, 0] mRxTimeMs=1857 mEnergyUsed=0}
07-05 06:43:57.322 I/ActivityManager( 3248): START u0 {act=android.intent.action.MAIN cat=[android.intent.category.HOME] flg=0x10200000 cmp=com.smartron.launcher/com.smartron.smextension.SmartronLauncher (has extras)} from uid 1000 on display 0
07-05 06:43:58.389 I/ActivityManager( 3248): START u0 {flg=0x10804000 cmp=com.android.systemui/.recents.RecentsActivity} from uid 10036 on display 0
07-05 06:43:58.789 E/ActivityThread( 5493): Service com.google.android.location.places.service.PlaceDetectionAsyncService has leaked IntentReceiver amth@e752493 that was originally registered here. Are you missing a call to unregisterReceiver()?
07-05 06:43:58.789 E/ActivityThread( 5493): android.app.IntentReceiverLeaked: Service com.google.android.location.places.service.PlaceDetectionAsyncService has leaked IntentReceiver amth@e752493 that was originally registered here. Are you missing a call to unregisterReceiver()?
07-05 06:43:58.789 E/ActivityThread( 5493): 	at android.app.LoadedApk$ReceiverDispatcher.<init>(LoadedApk.java:1159)
07-05 06:43:58.789 E/ActivityThread( 5493): 	at android.app.LoadedApk.getReceiverDispatcher(LoadedApk.java:946)
07-05 06:43:58.789 E/ActivityThread( 5493): 	at android.app.ContextImpl.registerReceiverInternal(ContextImpl.java:1302)
07-05 06:43:58.789 E/ActivityThread( 5493): 	at android.app.ContextImpl.registerReceiver(ContextImpl.java:1282)
07-05 06:43:58.789 E/ActivityThread( 5493): 	at android.content.ContextWrapper.registerReceiver(ContextWrapper.java:593)
07-05 06:43:58.789 E/ActivityThread( 5493): 	at android.content.ContextWrapper.registerReceiver(ContextWrapper.java:593)
07-05 06:43:58.789 E/ActivityThread( 5493): 	at android.content.ContextWrapper.registerReceiver(ContextWrapper.java:593)
07-05 06:43:58.789 E/ActivityThread( 5493): 	at android.content.ContextWrapper.registerReceiver(ContextWrapper.java:593)
07-05 06:43:58.789 E/ActivityThread( 5493): 	at amrb.run(:com.google.android.gms:4414)
07-05 06:43:58.789 E/ActivityThread( 5493): 	at android.os.Handler.handleCallback(Handler.java:751)
07-05 06:43:58.789 E/ActivityThread( 5493): 	at android.os.Handler.dispatchMessage(Handler.java:95)
07-05 06:43:58.789 E/ActivityThread( 5493): 	at android.os.Looper.loop(Looper.java:154)
07-05 06:43:58.789 E/ActivityThread( 5493): 	at android.os.HandlerThread.run(HandlerThread.java:61)
07-05 06:44:00.024 I/ProcessStatsService( 3248): Prepared write state in 3ms
07-05 06:44:01.800 I/ActivityManager( 3248): START u0 {act=android.intent.action.MAIN cat=[android.intent.category.HOME] flg=0x10200000 cmp=com.smartron.launcher/com.smartron.smextension.SmartronLauncher} from uid 10036 on display 0
07-05 06:44:01.825 I/ActivityManager( 3248): Killing 21299:com.google.android.apps.photos:CameraShortcut/u0a94 (adj 902): remove task
07-05 06:44:01.825 I/ActivityManager( 3248): Killing 8806:com.google.android.apps.photos/u0a94 (adj 900): remove task
07-05 06:44:01.843 I/ActivityManager( 3248): Killing 7215:com.microsoft.office.word/u0a21 (adj 1001): remove task
07-05 06:44:01.850 I/ActivityManager( 3248): Killing 11088:com.smartron.gallery/u0a12 (adj 900): remove task
07-05 06:44:01.917 D/ActivityManager( 3248): cleanUpApplicationRecord -- 21299
07-05 06:44:01.928 D/ActivityManager( 3248): cleanUpApplicationRecord -- 7215
07-05 06:44:01.928 W/ActivityManager( 3248): Scheduling restart of crashed service com.microsoft.office.word/com.microsoft.office.preinstallservice.PreInstallService in 1000ms
07-05 06:44:01.969 I/WindowManager( 3248): WIN DEATH: Window{a48f7a6 u0 com.smartron.gallery/com.smartron.gallery.activities.GalleryActivity}
07-05 06:44:01.969 D/ActivityManager( 3248): cleanUpApplicationRecord -- 11088
07-05 06:44:01.989 D/ActivityManager( 3248): cleanUpApplicationRecord -- 8806
07-05 06:44:02.947 I/ActivityManager( 3248): Start proc 12131:com.microsoft.office.word/u0a21 for service com.microsoft.office.word/com.microsoft.office.preinstallservice.PreInstallService
07-05 06:44:03.528 I/ActivityManager( 3248): START u0 {act=android.intent.action.MAIN cat=[android.intent.category.HOME] flg=0x10200000 cmp=com.smartron.launcher/com.smartron.smextension.SmartronLauncher (has extras)} from uid 1000 on display 0
07-05 06:44:03.908 E/BatteryStatsService( 3248): no controller energy info supplied
07-05 06:44:03.943 E/BatteryStatsService( 3248): modem info is invalid: ModemActivityInfo{ mTimestamp=77238587 mSleepTimeMs=76454316 mIdleTimeMs=-76408251 mTxTimeMs[]=[0, 0, 0, 0, 0] mRxTimeMs=208 mEnergyUsed=0}
07-05 06:44:03.943 I/BatteryStatsImpl( 3248): Resetting battery stats: level=91 status=2 dischargeLevel=91 lowAmount=2 highAmount=3
07-05 06:44:03.958 I/ActivityManager( 3248): Start proc 12154:com.google.android.apps.photos/u0a94 for broadcast com.google.android.apps.photos/.scheduler.PowerReceiver
07-05 06:44:04.067 W/WindowManager( 3248): Attempted to remove non-existing token: android.os.Binder@aacdb48
07-05 06:44:04.130 D/CryptdConnector( 3248): SND -> {19 cryptfs getpwtype}
07-05 06:44:04.131 D/VoldCryptCmdListener(  379): cryptfs getpwtype
07-05 06:44:04.131 D/CryptdConnector( 3248): RCV <- {213 19 default}
07-05 06:44:59.692 I/EntropyMixer( 3248): Writing entropy...
07-05 06:44:59.695 E/BatteryStatsService( 3248): no controller energy info supplied
07-05 06:44:59.723 E/BatteryStatsService( 3248): modem info is invalid: ModemActivityInfo{ mTimestamp=77294367 mSleepTimeMs=76509759 mIdleTimeMs=-76454228 mTxTimeMs[]=[0, 0, 0, 0, 0] mRxTimeMs=248 mEnergyUsed=0}
07-05 06:45:12.198 I/ActivityManager( 3248): START u0 {act=android.intent.action.MAIN cat=[android.intent.category.HOME] flg=0x10200000 cmp=com.smartron.launcher/com.smartron.smextension.SmartronLauncher (has extras)} from uid 1000 on display 0
07-05 06:45:13.488 I/ActivityManager( 3248): START u0 {flg=0x10804000 cmp=com.android.systemui/.recents.RecentsActivity} from uid 10036 on display 0
07-05 06:45:13.892 E/ActivityThread( 5493): Service com.google.android.location.places.service.PlaceDetectionAsyncService has leaked IntentReceiver amth@e9c140f that was originally registered here. Are you missing a call to unregisterReceiver()?
07-05 06:45:13.892 E/ActivityThread( 5493): android.app.IntentReceiverLeaked: Service com.google.android.location.places.service.PlaceDetectionAsyncService has leaked IntentReceiver amth@e9c140f that was originally registered here. Are you missing a call to unregisterReceiver()?
07-05 06:45:13.892 E/ActivityThread( 5493): 	at android.app.LoadedApk$ReceiverDispatcher.<init>(LoadedApk.java:1159)
07-05 06:45:13.892 E/ActivityThread( 5493): 	at android.app.LoadedApk.getReceiverDispatcher(LoadedApk.java:946)
07-05 06:45:13.892 E/ActivityThread( 5493): 	at android.app.ContextImpl.registerReceiverInternal(ContextImpl.java:1302)
07-05 06:45:13.892 E/ActivityThread( 5493): 	at android.app.ContextImpl.registerReceiver(ContextImpl.java:1282)
07-05 06:45:13.892 E/ActivityThread( 5493): 	at android.content.ContextWrapper.registerReceiver(ContextWrapper.java:593)
07-05 06:45:13.892 E/ActivityThread( 5493): 	at android.content.ContextWrapper.registerReceiver(ContextWrapper.java:593)
07-05 06:45:13.892 E/ActivityThread( 5493): 	at android.content.ContextWrapper.registerReceiver(ContextWrapper.java:593)
07-05 06:45:13.892 E/ActivityThread( 5493): 	at android.content.ContextWrapper.registerReceiver(ContextWrapper.java:593)
07-05 06:45:13.892 E/ActivityThread( 5493): 	at amrb.run(:com.google.android.gms:4414)
07-05 06:45:13.892 E/ActivityThread( 5493): 	at android.os.Handler.handleCallback(Handler.java:751)
07-05 06:45:13.892 E/ActivityThread( 5493): 	at android.os.Handler.dispatchMessage(Handler.java:95)
07-05 06:45:13.892 E/ActivityThread( 5493): 	at android.os.Looper.loop(Looper.java:154)
07-05 06:45:13.892 E/ActivityThread( 5493): 	at android.os.HandlerThread.run(HandlerThread.java:61)
07-05 06:45:16.543 I/ActivityManager( 3248): START u0 {act=android.intent.action.MAIN cat=[android.intent.category.HOME] flg=0x10200000 cmp=com.smartron.launcher/com.smartron.smextension.SmartronLauncher} from uid 10036 on display 0
07-05 06:45:21.482 E/BatteryStatsService( 3248): no controller energy info supplied
07-05 06:45:21.508 E/BatteryStatsService( 3248): modem info is invalid: ModemActivityInfo{ mTimestamp=77316152 mSleepTimeMs=76531367 mIdleTimeMs=-76509686 mTxTimeMs[]=[0, 0, 0, 0, 0] mRxTimeMs=104 mEnergyUsed=0}
07-05 06:45:21.508 I/BatteryStatsImpl( 3248): Resetting battery stats: level=91 status=2 dischargeLevel=91 lowAmount=0 highAmount=0
07-05 06:45:21.536 W/ProcessCpuTracker( 3248): Skipping unknown process pid 12362
07-05 06:45:21.602 W/WindowManager( 3248): Attempted to remove non-existing token: android.os.Binder@33fde1d
07-05 06:56:02.411 E/BatteryStatsService( 3248): no controller energy info supplied
07-05 06:56:02.433 E/BatteryStatsService( 3248): modem info is invalid: ModemActivityInfo{ mTimestamp=77957080 mSleepTimeMs=77168283 mIdleTimeMs=-76530527 mTxTimeMs[]=[0, 0, 0, 0, 0] mRxTimeMs=3170 mEnergyUsed=0}
07-05 07:03:26.536 I/UsageStatsService( 3248): User[0] Flushing usage stats to disk
07-05 07:06:51.097 E/BatteryStatsService( 3248): no controller energy info supplied
07-05 07:06:51.123 E/BatteryStatsService( 3248): modem info is invalid: ModemActivityInfo{ mTimestamp=78605766 mSleepTimeMs=77812830 mIdleTimeMs=-77167432 mTxTimeMs[]=[0, 0, 0, 0, 0] mRxTimeMs=3290 mEnergyUsed=0}
07-05 07:07:46.604 E/BatteryStatsService( 3248): no controller energy info supplied
07-05 07:07:46.634 E/BatteryStatsService( 3248): modem info is invalid: ModemActivityInfo{ mTimestamp=78661275 mSleepTimeMs=77867954 mIdleTimeMs=-77812748 mTxTimeMs[]=[0, 0, 0, 0, 0] mRxTimeMs=302 mEnergyUsed=0}
07-05 07:12:01.044 I/ActivityManager( 3248): START u0 {act=android.intent.action.SET_WALLPAPER pkg=com.android.wallpaperpicker cmp=com.android.wallpaperpicker/.WallpaperPickerActivity bnds=[105,1560][395,1765] (has extras)} from uid 10031 on display 0
07-05 07:12:01.080 I/ActivityManager( 3248): Start proc 14846:com.android.wallpaperpicker/u0a84 for activity com.android.wallpaperpicker/.WallpaperPickerActivity
07-05 07:12:01.385 E/ActivityThread( 5493): Service com.google.android.location.places.service.PlaceDetectionAsyncService has leaked IntentReceiver amth@6603935 that was originally registered here. Are you missing a call to unregisterReceiver()?
07-05 07:12:01.385 E/ActivityThread( 5493): android.app.IntentReceiverLeaked: Service com.google.android.location.places.service.PlaceDetectionAsyncService has leaked IntentReceiver amth@6603935 that was originally registered here. Are you missing a call to unregisterReceiver()?
07-05 07:12:01.385 E/ActivityThread( 5493): 	at android.app.LoadedApk$ReceiverDispatcher.<init>(LoadedApk.java:1159)
07-05 07:12:01.385 E/ActivityThread( 5493): 	at android.app.LoadedApk.getReceiverDispatcher(LoadedApk.java:946)
07-05 07:12:01.385 E/ActivityThread( 5493): 	at android.app.ContextImpl.registerReceiverInternal(ContextImpl.java:1302)
07-05 07:12:01.385 E/ActivityThread( 5493): 	at android.app.ContextImpl.registerReceiver(ContextImpl.java:1282)
07-05 07:12:01.385 E/ActivityThread( 5493): 	at android.content.ContextWrapper.registerReceiver(ContextWrapper.java:593)
07-05 07:12:01.385 E/ActivityThread( 5493): 	at android.content.ContextWrapper.registerReceiver(ContextWrapper.java:593)
07-05 07:12:01.385 E/ActivityThread( 5493): 	at android.content.ContextWrapper.registerReceiver(ContextWrapper.java:593)
07-05 07:12:01.385 E/ActivityThread( 5493): 	at android.content.ContextWrapper.registerReceiver(ContextWrapper.java:593)
07-05 07:12:01.385 E/ActivityThread( 5493): 	at amrb.run(:com.google.android.gms:4414)
07-05 07:12:01.385 E/ActivityThread( 5493): 	at android.os.Handler.handleCallback(Handler.java:751)
07-05 07:12:01.385 E/ActivityThread( 5493): 	at android.os.Handler.dispatchMessage(Handler.java:95)
07-05 07:12:01.385 E/ActivityThread( 5493): 	at android.os.Looper.loop(Looper.java:154)
07-05 07:12:01.385 E/ActivityThread( 5493): 	at android.os.HandlerThread.run(HandlerThread.java:61)
07-05 07:12:02.636 I/ActivityManager( 3248): START u0 {act=android.intent.action.GET_CONTENT typ=image/* cmp=com.android.documentsui/.DocumentsActivity} from uid 10084 on display 0
07-05 07:12:02.667 I/ActivityManager( 3248): Start proc 14872:com.android.documentsui/u0a9 for activity com.android.documentsui/.DocumentsActivity
07-05 07:12:02.823 I/ActivityManager( 3248): Start proc 14887:com.android.externalstorage/u0a11 for content provider com.android.externalstorage/.ExternalStorageProvider
07-05 07:12:02.903 I/ActivityManager( 3248): Start proc 14900:com.android.mtp/u0a12 for content provider com.android.mtp/.MtpDocumentsProvider
07-05 07:12:02.986 D/VoldConnector( 3248): SND -> {7 appfuse mount 10012 14900 MtpDocumentsProvider}
07-05 07:12:03.036 D/VoldConnector( 3248): RCV <- {200 7 AppFuse command succeeded}
07-05 07:12:03.100 I/ActivityManager( 3248): Start proc 14923:com.google.android.apps.docs/u0a66 for content provider com.google.android.apps.docs/.storagebackend.StorageBackendContentProvider
07-05 07:12:15.651 I/ActivityManager( 3248): Start proc 14984:com.google.android.apps.photos:CameraShortcut/u0a94 for service com.google.android.apps.photos/.camerashortcut.CameraShortcutServiceImpl
07-05 07:12:15.826 D/CryptdConnector( 3248): SND -> {20 cryptfs getpwtype}
07-05 07:12:15.827 D/VoldCryptCmdListener(  379): cryptfs getpwtype
07-05 07:12:15.827 D/CryptdConnector( 3248): RCV <- {213 20 default}
07-05 07:12:23.952 I/ActivityManager( 3248): Killing 6717:com.qualcomm.timeservice/1000 (adj 906): empty #17
07-05 07:12:24.018 D/ActivityManager( 3248): cleanUpApplicationRecord -- 6717
07-05 07:12:56.458 I/ActivityManager( 3248): Config changes=480 {1.0 ?mcc?mnc [en_US] ldltr sw360dp w640dp h336dp 480dpi nrml long land finger -keyb/v/h -nav/h s.10}
07-05 07:12:56.629 I/ActivityManager( 3248): Killing 7440:com.google.android.talk/u0a82 (adj 906): empty #17
07-05 07:12:56.685 I/WindowManager( 3248): Screen frozen for +280ms due to Window{2e26013 u0 com.android.documentsui/com.android.documentsui.DocumentsActivity}
07-05 07:12:56.720 D/ActivityManager( 3248): cleanUpApplicationRecord -- 7440
07-05 07:13:17.691 E/BatteryStatsService( 3248): no controller energy info supplied
07-05 07:13:17.716 E/BatteryStatsService( 3248): modem info is invalid: ModemActivityInfo{ mTimestamp=78992361 mSleepTimeMs=78196892 mIdleTimeMs=-77867484 mTxTimeMs[]=[0, 0, 0, 0, 0] mRxTimeMs=1676 mEnergyUsed=0}
07-05 07:13:20.769 I/ActivityManager( 3248): Config changes=480 {1.0 ?mcc?mnc [en_US] ldltr sw360dp w360dp h616dp 480dpi nrml long port finger -keyb/v/h -nav/h s.11}
07-05 07:13:21.013 I/WindowManager( 3248): Screen frozen for +290ms due to Window{f7c12d u0 com.android.documentsui/com.android.documentsui.DocumentsActivity}
07-05 07:13:31.920 I/EntropyMixer( 3248): Writing entropy...
07-05 07:14:00.037 I/ProcessStatsService( 3248): Prepared write state in 6ms
07-05 07:16:51.099 E/BatteryStatsService( 3248): no controller energy info supplied
07-05 07:16:51.126 E/BatteryStatsService( 3248): modem info is invalid: ModemActivityInfo{ mTimestamp=79205771 mSleepTimeMs=78407835 mIdleTimeMs=-78196532 mTxTimeMs[]=[0, 0, 0, 0, 0] mRxTimeMs=2110 mEnergyUsed=0}
07-05 07:26:51.095 E/BatteryStatsService( 3248): no controller energy info supplied
07-05 07:26:51.130 E/BatteryStatsService( 3248): modem info is invalid: ModemActivityInfo{ mTimestamp=79805776 mSleepTimeMs=79004226 mIdleTimeMs=-78407079 mTxTimeMs[]=[0, 0, 0, 0, 0] mRxTimeMs=2846 mEnergyUsed=0}
07-05 07:30:18.188 E/BatteryStatsService( 3248): no controller energy info supplied
07-05 07:30:18.216 E/BatteryStatsService( 3248): modem info is invalid: ModemActivityInfo{ mTimestamp=80012854 mSleepTimeMs=79210045 mIdleTimeMs=-79003943 mTxTimeMs[]=[0, 0, 0, 0, 0] mRxTimeMs=988 mEnergyUsed=0}
07-05 07:31:04.984 I/UsageStatsService( 3248): User[0] Flushing usage stats to disk
07-05 07:36:25.104 I/ActivityManager( 3248): Setting hasTopUi=true for pid=3582
07-05 07:36:25.250 I/ActivityManager( 3248): Setting hasTopUi=false for pid=3582
07-05 07:36:37.950 I/ActivityManager( 3248): Config changes=480 {1.0 ?mcc?mnc [en_US] ldltr sw360dp w640dp h336dp 480dpi nrml long land finger -keyb/v/h -nav/h s.12}
07-05 07:36:38.169 I/WindowManager( 3248): Screen frozen for +255ms due to Window{1080971 u0 com.android.documentsui/com.android.documentsui.DocumentsActivity}
07-05 07:36:46.123 I/ActivityManager( 3248): Setting hasTopUi=true for pid=3582
07-05 07:36:46.764 W/InputMethodManagerService( 3248): Window already focused, ignoring focus gain of: com.android.internal.view.IInputMethodClient$Stub$Proxy@b42cbad attribute=null, token = android.os.BinderProxy@5f71b18
07-05 07:36:46.781 I/ActivityManager( 3248): Setting hasTopUi=false for pid=3582
07-05 07:36:46.794 I/WindowManager( 3248): Screen frozen for +23ms due to Window{1080971 u0 com.android.documentsui/com.android.documentsui.DocumentsActivity}
07-05 07:36:48.794 I/ActivityManager( 3248): Config changes=480 {1.0 ?mcc?mnc [en_US] ldltr sw360dp w360dp h616dp 480dpi nrml long port finger -keyb/v/h -nav/h s.13}
07-05 07:36:49.012 I/WindowManager( 3248): Screen frozen for +242ms due to Window{77ec365 u0 com.android.documentsui/com.android.documentsui.DocumentsActivity}
07-05 07:36:50.099 I/WindowManager( 3248): Screen frozen for +52ms due to Window{77ec365 u0 com.android.documentsui/com.android.documentsui.DocumentsActivity}
07-05 07:36:50.836 I/ActivityManager( 3248): Killing 10090:com.android.cellbroadcastreceiver/u0a4 (adj 906): empty #17
07-05 07:36:50.841 I/ActivityManager( 3248): START u0 {act=android.intent.action.MAIN cat=[android.intent.category.HOME] flg=0x10200000 cmp=com.smartron.launcher/com.smartron.smextension.SmartronLauncher (has extras)} from uid 1000 on display 0
07-05 07:36:50.937 D/ActivityManager( 3248): cleanUpApplicationRecord -- 10090
07-05 07:36:51.093 E/BatteryStatsService( 3248): no controller energy info supplied
07-05 07:36:51.119 E/BatteryStatsService( 3248): modem info is invalid: ModemActivityInfo{ mTimestamp=80405762 mSleepTimeMs=79600614 mIdleTimeMs=-79209523 mTxTimeMs[]=[0, 0, 0, 0, 0] mRxTimeMs=1816 mEnergyUsed=0}
07-05 07:37:02.243 I/EntropyMixer( 3248): Writing entropy...
07-05 07:37:02.248 E/BatteryStatsService( 3248): no controller energy info supplied
07-05 07:37:02.276 E/BatteryStatsService( 3248): modem info is invalid: ModemActivityInfo{ mTimestamp=80416919 mSleepTimeMs=79611669 mIdleTimeMs=-79600563 mTxTimeMs[]=[0, 0, 0, 0, 0] mRxTimeMs=52 mEnergyUsed=0}
07-05 07:37:02.306 W/ProcessCpuTracker( 3248): Skipping unknown process pid 17318
07-05 07:37:03.344 D/UsbDebuggingManager( 3248): Received public key: QAAAAHGQz3RvzwXSajMMMn0wSyQUiY92P/k+7OdSvyNjjDLk7O2QFmp6y+NhGLICfAx9xzEwT1uaAY3jjLp//CgzrbJSTBTh5EHQACXjgjrKik/lxevatjPr1vWyCRKyxwLhZavTkzGzjKNb38OVmTChaGTWKVQ2a7aItdTXuMAE+IJs/Rm9s6L2ew+TWnFl0hN6DjJOB7tkC/N1cKQoYkIG4rDYbFQiUAXwsC6y+O9rhLPqTovWVyIMHL1lCeWHskEbjcwboSjB3HcL53L94GYbv+4kEP80ufyrfwAvCMyMVu2s6uh7w69vUODtlovw8YVAVmmErq8t7VcVyrFKs/0r2W2Rnu2/qiUbbYsuRoD8eKBTUss5wRJJP0+TfSuBtCGEl7rOUsB0D1nGHta4RHXo+kekfcuogj/DUWyaUxIzF3RsOj+3is7cnaZpaxGjMiTOe6HRlTciROSTFhtfbhxQGMAuFEORhi2QZyJNn2jYjNq9Fgh1TwHxM+aT9hcNplwcZefUKIPqbtQ5V5g4+s2jcIftXNvYeTcWiSht7RhjwUz0iaW5BuLQjmauYg70kbc6r5+ebB17XLUxkhMFKWaCCQb+QzZsDIR6tw4BhScyOxYRYiCygOAhGMbaN/BuUImdxFLfu/H54ADST3Q2FMrCpPUBVakzOsuJMjaeVCi+XU+lTlmxVAEAAQA= swlab001@swlab001
07-05 07:37:03.348 I/ActivityManager( 3248): START u0 {flg=0x10000000 cmp=com.android.systemui/.usb.UsbDebuggingActivity (has extras)} from uid 1000 on display 0
07-05 07:37:03.589 E/ActivityThread( 5493): Service com.google.android.location.places.service.PlaceDetectionAsyncService has leaked IntentReceiver amth@95fc86b that was originally registered here. Are you missing a call to unregisterReceiver()?
07-05 07:37:03.589 E/ActivityThread( 5493): android.app.IntentReceiverLeaked: Service com.google.android.location.places.service.PlaceDetectionAsyncService has leaked IntentReceiver amth@95fc86b that was originally registered here. Are you missing a call to unregisterReceiver()?
07-05 07:37:03.589 E/ActivityThread( 5493): 	at android.app.LoadedApk$ReceiverDispatcher.<init>(LoadedApk.java:1159)
07-05 07:37:03.589 E/ActivityThread( 5493): 	at android.app.LoadedApk.getReceiverDispatcher(LoadedApk.java:946)
07-05 07:37:03.589 E/ActivityThread( 5493): 	at android.app.ContextImpl.registerReceiverInternal(ContextImpl.java:1302)
07-05 07:37:03.589 E/ActivityThread( 5493): 	at android.app.ContextImpl.registerReceiver(ContextImpl.java:1282)
07-05 07:37:03.589 E/ActivityThread( 5493): 	at android.content.ContextWrapper.registerReceiver(ContextWrapper.java:593)
07-05 07:37:03.589 E/ActivityThread( 5493): 	at android.content.ContextWrapper.registerReceiver(ContextWrapper.java:593)
07-05 07:37:03.589 E/ActivityThread( 5493): 	at android.content.ContextWrapper.registerReceiver(ContextWrapper.java:593)
07-05 07:37:03.589 E/ActivityThread( 5493): 	at android.content.ContextWrapper.registerReceiver(ContextWrapper.java:593)
07-05 07:37:03.589 E/ActivityThread( 5493): 	at amrb.run(:com.google.android.gms:4414)
07-05 07:37:03.589 E/ActivityThread( 5493): 	at android.os.Handler.handleCallback(Handler.java:751)
07-05 07:37:03.589 E/ActivityThread( 5493): 	at android.os.Handler.dispatchMessage(Handler.java:95)
07-05 07:37:03.589 E/ActivityThread( 5493): 	at android.os.Looper.loop(Looper.java:154)
07-05 07:37:03.589 E/ActivityThread( 5493): 	at android.os.HandlerThread.run(HandlerThread.java:61)
07-05 07:37:05.906 W/InputMethodManagerService( 3248): Window already focused, ignoring focus gain of: com.android.internal.view.IInputMethodClient$Stub$Proxy@eebc2f attribute=null, token = android.os.BinderProxy@42f0d00
07-05 07:37:31.844 I/ActivityManager( 3248): Killing 10115:com.android.printspooler/u0a77 (adj 906): empty #17
07-05 07:37:31.938 D/ActivityManager( 3248): cleanUpApplicationRecord -- 10115
07-05 07:43:17.685 E/BatteryStatsService( 3248): no controller energy info supplied
07-05 07:43:17.703 E/BatteryStatsService( 3248): modem info is invalid: ModemActivityInfo{ mTimestamp=80792349 mSleepTimeMs=79984679 mIdleTimeMs=-79610991 mTxTimeMs[]=[0, 0, 0, 0, 0] mRxTimeMs=1744 mEnergyUsed=0}
07-05 07:43:48.314 E/BatteryStatsService( 3248): no controller energy info supplied
07-05 07:43:48.360 W/ProcessCpuTracker( 3248): Skipping unknown process pid 17990
07-05 07:43:48.365 E/BatteryStatsService( 3248): modem info is invalid: ModemActivityInfo{ mTimestamp=80822995 mSleepTimeMs=80015110 mIdleTimeMs=-79984621 mTxTimeMs[]=[0, 0, 0, 0, 0] mRxTimeMs=154 mEnergyUsed=0}
07-05 07:43:49.150 I/ActivityManager( 3248): Setting hasTopUi=true for pid=3582
07-05 07:43:51.563 I/ActivityManager( 3248): START u0 {act=android.intent.action.MAIN cat=[android.intent.category.LAUNCHER] flg=0x10008000 cmp=com.android.settings/.deviceinfo.UsbModeChooserActivity} from uid 1000 on display 0
07-05 07:43:51.575 W/InputMethodManagerService( 3248): Window already focused, ignoring focus gain of: com.android.internal.view.IInputMethodClient$Stub$Proxy@4a683bd attribute=null, token = android.os.BinderProxy@42f0d00
07-05 07:43:51.582 E/ActivityManager( 3248): applyOptionsLocked: Unknown animationType=0
07-05 07:43:51.800 E/ActivityThread( 5493): Service com.google.android.location.places.service.PlaceDetectionAsyncService has leaked IntentReceiver amth@727a1b9 that was originally registered here. Are you missing a call to unregisterReceiver()?
07-05 07:43:51.800 E/ActivityThread( 5493): android.app.IntentReceiverLeaked: Service com.google.android.location.places.service.PlaceDetectionAsyncService has leaked IntentReceiver amth@727a1b9 that was originally registered here. Are you missing a call to unregisterReceiver()?
07-05 07:43:51.800 E/ActivityThread( 5493): 	at android.app.LoadedApk$ReceiverDispatcher.<init>(LoadedApk.java:1159)
07-05 07:43:51.800 E/ActivityThread( 5493): 	at android.app.LoadedApk.getReceiverDispatcher(LoadedApk.java:946)
07-05 07:43:51.800 E/ActivityThread( 5493): 	at android.app.ContextImpl.registerReceiverInternal(ContextImpl.java:1302)
07-05 07:43:51.800 E/ActivityThread( 5493): 	at android.app.ContextImpl.registerReceiver(ContextImpl.java:1282)
07-05 07:43:51.800 E/ActivityThread( 5493): 	at android.content.ContextWrapper.registerReceiver(ContextWrapper.java:593)
07-05 07:43:51.800 E/ActivityThread( 5493): 	at android.content.ContextWrapper.registerReceiver(ContextWrapper.java:593)
07-05 07:43:51.800 E/ActivityThread( 5493): 	at android.content.ContextWrapper.registerReceiver(ContextWrapper.java:593)
07-05 07:43:51.800 E/ActivityThread( 5493): 	at android.content.ContextWrapper.registerReceiver(ContextWrapper.java:593)
07-05 07:43:51.800 E/ActivityThread( 5493): 	at amrb.run(:com.google.android.gms:4414)
07-05 07:43:51.800 E/ActivityThread( 5493): 	at android.os.Handler.handleCallback(Handler.java:751)
07-05 07:43:51.800 E/ActivityThread( 5493): 	at android.os.Handler.dispatchMessage(Handler.java:95)
07-05 07:43:51.800 E/ActivityThread( 5493): 	at android.os.Looper.loop(Looper.java:154)
07-05 07:43:51.800 E/ActivityThread( 5493): 	at android.os.HandlerThread.run(HandlerThread.java:61)
07-05 07:43:52.023 I/ActivityManager( 3248): Setting hasTopUi=false for pid=3582
07-05 07:43:53.514 I/UsbDeviceManager( 3248): Setting USB config to mtp,adb
07-05 07:43:53.544 W/InputMethodManagerService( 3248): Window already focused, ignoring focus gain of: com.android.internal.view.IInputMethodClient$Stub$Proxy@7f40ce3 attribute=null, token = android.os.BinderProxy@42f0d00
07-05 07:43:53.546 W/InputMethodManagerService( 3248): Focus gain on non-focused client com.android.internal.view.IInputMethodClient$Stub$Proxy@968d6e0 (uid=1000 pid=11524)
07-05 07:43:53.546 W/ActivityManager( 3248): Finishing task with all activities already finished
07-05 07:43:53.546 W/ActivityManager( 3248): Duplicate finish request for ActivityRecord{4779526 u0 com.android.settings/.deviceinfo.UsbModeChooserActivity t378 f}
07-05 07:43:53.718 E/BatteryStatsService( 3248): no controller energy info supplied
07-05 07:43:53.719 I/EntropyMixer( 3248): Writing entropy...
07-05 07:43:53.736 E/BatteryStatsService( 3248): modem info is invalid: ModemActivityInfo{ mTimestamp=80828387 mSleepTimeMs=80020338 mIdleTimeMs=-80015093 mTxTimeMs[]=[0, 0, 0, 0, 0] mRxTimeMs=148 mEnergyUsed=0}
07-05 07:43:53.758 W/ProcessCpuTracker( 3248): Skipping unknown process pid 18032
07-05 07:44:00.057 I/ProcessStatsService( 3248): Prepared write state in 7ms
07-05 07:44:00.285 I/ProcessStatsService( 3248): Pruning old procstats: /data/system/procstats/state-2017-07-02-02-06-36.bin
07-05 07:56:33.451 E/BatteryStatsService( 3248): no controller energy info supplied
07-05 07:56:33.481 E/BatteryStatsService( 3248): modem info is invalid: ModemActivityInfo{ mTimestamp=81588121 mSleepTimeMs=80775386 mIdleTimeMs=-80019049 mTxTimeMs[]=[0, 0, 0, 0, 0] mRxTimeMs=3396 mEnergyUsed=0}
07-05 07:56:37.990 I/UsageStatsService( 3248): User[0] Flushing usage stats to disk
07-05 08:05:41.479 E/BatteryStatsService( 3248): no controller energy info supplied
07-05 08:05:41.508 E/BatteryStatsService( 3248): modem info is invalid: ModemActivityInfo{ mTimestamp=82136147 mSleepTimeMs=81319993 mIdleTimeMs=-80774508 mTxTimeMs[]=[0, 0, 0, 0, 0] mRxTimeMs=2542 mEnergyUsed=0}
07-05 08:13:17.723 E/BatteryStatsService( 3248): no controller energy info supplied
07-05 08:13:17.741 E/BatteryStatsService( 3248): modem info is invalid: ModemActivityInfo{ mTimestamp=82592388 mSleepTimeMs=81773376 mIdleTimeMs=-81319251 mTxTimeMs[]=[0, 0, 0, 0, 0] mRxTimeMs=2116 mEnergyUsed=0}
07-05 08:13:53.724 I/PowerManagerService( 3248): Going to sleep due to screen timeout (uid 1000)...
07-05 08:13:54.245 I/DisplayManagerService( 3248): Display device changed state: "Built-in Screen", OFF
07-05 08:13:54.519 I/DreamManagerService( 3248): Entering dreamland.
07-05 08:13:54.520 I/PowerManagerService( 3248): Dozing...
07-05 08:13:54.521 I/DreamController( 3248): Starting dream: name=ComponentInfo{com.android.systemui/com.android.systemui.doze.DozeService}, isTest=false, canDoze=true, userId=0
07-05 08:13:54.579 E/ActivityThread( 5493): Service com.google.android.location.places.service.PlaceDetectionAsyncService has leaked IntentReceiver amth@5344dd4 that was originally registered here. Are you missing a call to unregisterReceiver()?
07-05 08:13:54.579 E/ActivityThread( 5493): android.app.IntentReceiverLeaked: Service com.google.android.location.places.service.PlaceDetectionAsyncService has leaked IntentReceiver amth@5344dd4 that was originally registered here. Are you missing a call to unregisterReceiver()?
07-05 08:13:54.579 E/ActivityThread( 5493): 	at android.app.LoadedApk$ReceiverDispatcher.<init>(LoadedApk.java:1159)
07-05 08:13:54.579 E/ActivityThread( 5493): 	at android.app.LoadedApk.getReceiverDispatcher(LoadedApk.java:946)
07-05 08:13:54.579 E/ActivityThread( 5493): 	at android.app.ContextImpl.registerReceiverInternal(ContextImpl.java:1302)
07-05 08:13:54.579 E/ActivityThread( 5493): 	at android.app.ContextImpl.registerReceiver(ContextImpl.java:1282)
07-05 08:13:54.579 E/ActivityThread( 5493): 	at android.content.ContextWrapper.registerReceiver(ContextWrapper.java:593)
07-05 08:13:54.579 E/ActivityThread( 5493): 	at android.content.ContextWrapper.registerReceiver(ContextWrapper.java:593)
07-05 08:13:54.579 E/ActivityThread( 5493): 	at android.content.ContextWrapper.registerReceiver(ContextWrapper.java:593)
07-05 08:13:54.579 E/ActivityThread( 5493): 	at android.content.ContextWrapper.registerReceiver(ContextWrapper.java:593)
07-05 08:13:54.579 E/ActivityThread( 5493): 	at amrb.run(:com.google.android.gms:4414)
07-05 08:13:54.579 E/ActivityThread( 5493): 	at android.os.Handler.handleCallback(Handler.java:751)
07-05 08:13:54.579 E/ActivityThread( 5493): 	at android.os.Handler.dispatchMessage(Handler.java:95)
07-05 08:13:54.579 E/ActivityThread( 5493): 	at android.os.Looper.loop(Looper.java:154)
07-05 08:13:54.579 E/ActivityThread( 5493): 	at android.os.HandlerThread.run(HandlerThread.java:61)
07-05 08:13:58.741 I/ActivityManager( 3248): Setting hasTopUi=true for pid=3582
07-05 08:13:58.779 V/KeyguardStatusView( 3582): refresh statusview showing:true
07-05 08:13:58.793 V/KeyguardDisplayManager( 3582): show
07-05 08:14:04.324 I/ProcessStatsService( 3248): Prepared write state in 5ms
07-05 08:14:04.543 I/DisplayPowerController( 3248): Blocking screen on until initial contents have been drawn.
07-05 08:14:04.544 I/DisplayManagerService( 3248): Display device changed state: "Built-in Screen", DOZE
07-05 08:14:04.839 I/DisplayPowerController( 3248): Unblocked screen on after 296 ms
07-05 08:14:12.368 I/DisplayManagerService( 3248): Display device changed state: "Built-in Screen", OFF
07-05 08:16:51.101 E/BatteryStatsService( 3248): no controller energy info supplied
07-05 08:16:51.131 E/BatteryStatsService( 3248): modem info is invalid: ModemActivityInfo{ mTimestamp=82805770 mSleepTimeMs=81985472 mIdleTimeMs=-81773072 mTxTimeMs[]=[0, 0, 0, 0, 0] mRxTimeMs=982 mEnergyUsed=0}
07-05 08:17:09.370 I/ActivityManager( 3248): Start proc 21171:com.google.android.apps.messaging/u0a86 for broadcast com.google.android.apps.messaging/.shared.analytics.AnalyticsAlarmReceiver
07-05 08:17:09.532 D/CryptdConnector( 3248): SND -> {21 cryptfs getpwtype}
07-05 08:17:09.533 D/VoldCryptCmdListener(  379): cryptfs getpwtype
07-05 08:17:09.533 D/CryptdConnector( 3248): RCV <- {213 21 default}
07-05 08:17:54.441 I/ActivityManager( 3248): Killing 11595:com.google.android.partnersetup/u0a19 (adj 906): empty #17
07-05 08:17:54.557 D/ActivityManager( 3248): cleanUpApplicationRecord -- 11595
07-05 08:33:54.245 I/UsageStatsService( 3248): User[0] Flushing usage stats to disk
07-05 08:43:17.740 E/BatteryStatsService( 3248): no controller energy info supplied
07-05 08:43:17.773 E/BatteryStatsService( 3248): modem info is invalid: ModemActivityInfo{ mTimestamp=84392410 mSleepTimeMs=83558478 mIdleTimeMs=-81983163 mTxTimeMs[]=[0, 0, 0, 0, 0] mRxTimeMs=11323 mEnergyUsed=0}
07-05 08:45:55.430 I/ProcessStatsService( 3248): Prepared write state in 4ms
07-05 08:46:51.095 E/BatteryStatsService( 3248): no controller energy info supplied
07-05 08:46:51.158 E/BatteryStatsService( 3248): modem info is invalid: ModemActivityInfo{ mTimestamp=84605796 mSleepTimeMs=83769914 mIdleTimeMs=-83558166 mTxTimeMs[]=[0, 0, 0, 0, 0] mRxTimeMs=1606 mEnergyUsed=0}
07-05 09:09:32.095 E/BatteryStatsService( 3248): no controller energy info supplied
07-05 09:09:32.125 E/BatteryStatsService( 3248): modem info is invalid: ModemActivityInfo{ mTimestamp=85966764 mSleepTimeMs=85121610 mIdleTimeMs=-83768173 mTxTimeMs[]=[0, 0, 0, 0, 0] mRxTimeMs=7566 mEnergyUsed=0}
07-05 09:13:17.735 E/BatteryStatsService( 3248): no controller energy info supplied
07-05 09:13:17.767 E/BatteryStatsService( 3248): modem info is invalid: ModemActivityInfo{ mTimestamp=86192405 mSleepTimeMs=85345463 mIdleTimeMs=-85121327 mTxTimeMs[]=[0, 0, 0, 0, 0] mRxTimeMs=1502 mEnergyUsed=0}
07-05 09:15:56.490 I/ProcessStatsService( 3248): Prepared write state in 7ms
07-05 09:18:24.722 I/ActivityManager( 3248): Start proc 26611:com.android.providers.calendar/u0a1 for content provider com.android.providers.calendar/.CalendarProvider2
07-05 09:18:25.860 I/ActivityManager( 3248): Start proc 26627:com.google.android.calendar/u0a57 for broadcast com.google.android.calendar/.alerts.AlertReceiver
07-05 09:18:31.049 W/ActivityManager( 3248): Unable to start service Intent { act=com.google.android.gms.analytics.service.START cmp=com.google.android.gms/.analytics.service.AnalyticsService (has extras) } U=0: not found
07-05 09:18:36.098 W/ActivityManager( 3248): Unable to start service Intent { act=com.google.android.gms.analytics.service.START cmp=com.google.android.gms/.analytics.service.AnalyticsService (has extras) } U=0: not found
07-05 09:19:56.619 I/ActivityManager( 3248): Killing 20290:com.google.android.music:main/u0a75 (adj 906): empty #17
07-05 09:19:56.621 I/ActivityManager( 3248): Killing 29641:com.google.android.apps.maps/u0a92 (adj 906): empty for 16794s
07-05 09:19:56.665 D/ActivityManager( 3248): cleanUpApplicationRecord -- 20290
07-05 09:19:56.737 D/ActivityManager( 3248): cleanUpApplicationRecord -- 29641
07-05 09:26:56.937 V/BackupManagerService( 3248): Scheduling immediate backup pass
07-05 09:26:56.948 W/BackupManagerService( 3248): Backup pass but e=false p=true
07-05 09:26:57.304 E/BatteryStatsService( 3248): no controller energy info supplied
07-05 09:26:57.333 E/BatteryStatsService( 3248): modem info is invalid: ModemActivityInfo{ mTimestamp=87011970 mSleepTimeMs=86159046 mIdleTimeMs=-85344391 mTxTimeMs[]=[0, 0, 0, 0, 0] mRxTimeMs=4913 mEnergyUsed=0}
07-05 09:37:09.978 I/UsageStatsService( 3248): User[0] Flushing usage stats to disk
07-05 09:43:17.741 E/BatteryStatsService( 3248): no controller energy info supplied
07-05 09:43:17.773 E/BatteryStatsService( 3248): modem info is invalid: ModemActivityInfo{ mTimestamp=87992411 mSleepTimeMs=87131968 mIdleTimeMs=-86157841 mTxTimeMs[]=[0, 0, 0, 0, 0] mRxTimeMs=6312 mEnergyUsed=0}
07-05 09:45:57.580 I/ProcessStatsService( 3248): Prepared write state in 8ms
07-05 09:46:51.099 E/BatteryStatsService( 3248): no controller energy info supplied
07-05 09:46:51.132 E/BatteryStatsService( 3248): modem info is invalid: ModemActivityInfo{ mTimestamp=88205771 mSleepTimeMs=87343724 mIdleTimeMs=-87131694 mTxTimeMs[]=[0, 0, 0, 0, 0] mRxTimeMs=1331 mEnergyUsed=0}
07-05 09:56:58.207 I/ActivityManager( 3248): Start proc 30012:com.smartron.gallery/u0a12 for broadcast com.smartron.gallery/.ClearBinReceiver
07-05 09:57:38.101 I/ActivityManager( 3248): Killing 21733:com.android.musicfx/u0a25 (adj 906): empty #17
07-05 09:57:38.197 D/ActivityManager( 3248): cleanUpApplicationRecord -- 21733
07-05 10:06:51.100 E/BatteryStatsService( 3248): no controller energy info supplied
07-05 10:06:51.132 E/BatteryStatsService( 3248): modem info is invalid: ModemActivityInfo{ mTimestamp=89405771 mSleepTimeMs=88494418 mIdleTimeMs=-87303046 mTxTimeMs[]=[0, 0, 0, 0, 0] mRxTimeMs=8629 mEnergyUsed=0}
07-05 10:13:17.740 E/BatteryStatsService( 3248): no controller energy info supplied
07-05 10:13:17.773 E/BatteryStatsService( 3248): modem info is invalid: ModemActivityInfo{ mTimestamp=89792410 mSleepTimeMs=88878553 mIdleTimeMs=-88493880 mTxTimeMs[]=[0, 0, 0, 0, 0] mRxTimeMs=1963 mEnergyUsed=0}
07-05 10:13:31.979 I/EntropyMixer( 3248): Writing entropy...
07-05 10:15:58.754 I/ProcessStatsService( 3248): Prepared write state in 7ms
07-05 10:33:10.297 E/BatteryStatsService( 3248): no controller energy info supplied
07-05 10:33:10.327 E/BatteryStatsService( 3248): modem info is invalid: ModemActivityInfo{ mTimestamp=90984967 mSleepTimeMs=90058595 mIdleTimeMs=-88876826 mTxTimeMs[]=[0, 0, 0, 0, 0] mRxTimeMs=10790 mEnergyUsed=0}
07-05 10:43:17.742 E/BatteryStatsService( 3248): no controller energy info supplied
07-05 10:43:17.771 E/BatteryStatsService( 3248): modem info is invalid: ModemActivityInfo{ mTimestamp=91592410 mSleepTimeMs=90661467 mIdleTimeMs=-90057858 mTxTimeMs[]=[0, 0, 0, 0, 0] mRxTimeMs=3834 mEnergyUsed=0}
07-05 10:45:59.845 I/ProcessStatsService( 3248): Prepared write state in 15ms
07-05 10:46:00.251 I/ProcessStatsService( 3248): Pruning old procstats: /data/system/procstats/state-2017-07-02-05-06-37.bin
07-05 10:56:51.099 E/BatteryStatsService( 3248): no controller energy info supplied
07-05 10:56:51.133 E/BatteryStatsService( 3248): modem info is invalid: ModemActivityInfo{ mTimestamp=92405770 mSleepTimeMs=91451209 mIdleTimeMs=-90659408 mTxTimeMs[]=[0, 0, 0, 0, 0] mRxTimeMs=21559 mEnergyUsed=0}
07-05 11:13:17.742 E/BatteryStatsService( 3248): no controller energy info supplied
07-05 11:13:17.783 E/BatteryStatsService( 3248): modem info is invalid: ModemActivityInfo{ mTimestamp=93392421 mSleepTimeMs=92427666 mIdleTimeMs=-91449798 mTxTimeMs[]=[0, 0, 0, 0, 0] mRxTimeMs=8782 mEnergyUsed=0}
07-05 11:16:00.966 I/ProcessStatsService( 3248): Prepared write state in 4ms
07-05 11:31:01.862 E/BatteryStatsService( 3248): no controller energy info supplied
07-05 11:31:01.885 E/BatteryStatsService( 3248): modem info is invalid: ModemActivityInfo{ mTimestamp=94456528 mSleepTimeMs=93482243 mIdleTimeMs=-92426123 mTxTimeMs[]=[0, 0, 0, 0, 0] mRxTimeMs=7989 mEnergyUsed=0}
07-05 11:36:51.095 E/BatteryStatsService( 3248): no controller energy info supplied
07-05 11:36:51.137 E/BatteryStatsService( 3248): modem info is invalid: ModemActivityInfo{ mTimestamp=94805763 mSleepTimeMs=93829256 mIdleTimeMs=-93481810 mTxTimeMs[]=[0, 0, 0, 0, 0] mRxTimeMs=1789 mEnergyUsed=0}
07-05 11:43:17.790 E/BatteryStatsService( 3248): no controller energy info supplied
07-05 11:43:17.814 E/BatteryStatsService( 3248): modem info is invalid: ModemActivityInfo{ mTimestamp=95192457 mSleepTimeMs=94213341 mIdleTimeMs=-93828724 mTxTimeMs[]=[0, 0, 0, 0, 0] mRxTimeMs=2076 mEnergyUsed=0}
07-05 11:46:02.060 I/ProcessStatsService( 3248): Prepared write state in 6ms
07-05 11:56:51.100 E/BatteryStatsService( 3248): no controller energy info supplied
07-05 11:56:51.134 E/BatteryStatsService( 3248): modem info is invalid: ModemActivityInfo{ mTimestamp=96005772 mSleepTimeMs=95021631 mIdleTimeMs=-94212297 mTxTimeMs[]=[0, 0, 0, 0, 0] mRxTimeMs=3981 mEnergyUsed=0}
07-05 12:13:17.790 E/BatteryStatsService( 3248): no controller energy info supplied
07-05 12:13:17.822 E/BatteryStatsService( 3248): modem info is invalid: ModemActivityInfo{ mTimestamp=96992460 mSleepTimeMs=96001420 mIdleTimeMs=-95020332 mTxTimeMs[]=[0, 0, 0, 0, 0] mRxTimeMs=5599 mEnergyUsed=0}
07-05 12:16:03.223 I/ProcessStatsService( 3248): Prepared write state in 4ms
07-05 12:26:51.099 E/BatteryStatsService( 3248): no controller energy info supplied
07-05 12:26:51.129 E/BatteryStatsService( 3248): modem info is invalid: ModemActivityInfo{ mTimestamp=97805768 mSleepTimeMs=96809527 mIdleTimeMs=-96000361 mTxTimeMs[]=[0, 0, 0, 0, 0] mRxTimeMs=4142 mEnergyUsed=0}
07-05 12:43:17.789 E/BatteryStatsService( 3248): no controller energy info supplied
07-05 12:43:17.821 E/BatteryStatsService( 3248): modem info is invalid: ModemActivityInfo{ mTimestamp=98792459 mSleepTimeMs=97789979 mIdleTimeMs=-96808244 mTxTimeMs[]=[0, 0, 0, 0, 0] mRxTimeMs=4955 mEnergyUsed=0}
07-05 12:47:59.622 I/ProcessStatsService( 3248): Prepared write state in 6ms
07-05 12:56:51.099 E/BatteryStatsService( 3248): no controller energy info supplied
07-05 12:56:51.131 E/BatteryStatsService( 3248): modem info is invalid: ModemActivityInfo{ mTimestamp=99605768 mSleepTimeMs=98598017 mIdleTimeMs=-97788907 mTxTimeMs[]=[0, 0, 0, 0, 0] mRxTimeMs=4201 mEnergyUsed=0}
07-05 13:13:17.794 E/BatteryStatsService( 3248): no controller energy info supplied
07-05 13:13:17.827 E/BatteryStatsService( 3248): modem info is invalid: ModemActivityInfo{ mTimestamp=100592464 mSleepTimeMs=99578561 mIdleTimeMs=-98596741 mTxTimeMs[]=[0, 0, 0, 0, 0] mRxTimeMs=4874 mEnergyUsed=0}
07-05 13:13:32.039 I/EntropyMixer( 3248): Writing entropy...
07-05 13:16:51.099 E/BatteryStatsService( 3248): no controller energy info supplied
07-05 13:16:51.133 E/BatteryStatsService( 3248): modem info is invalid: ModemActivityInfo{ mTimestamp=100805771 mSleepTimeMs=99790629 mIdleTimeMs=-99578287 mTxTimeMs[]=[0, 0, 0, 0, 0] mRxTimeMs=968 mEnergyUsed=0}
07-05 13:18:00.708 I/ProcessStatsService( 3248): Prepared write state in 7ms
07-05 13:37:01.820 E/BatteryStatsService( 3248): no controller energy info supplied
07-05 13:37:01.837 E/BatteryStatsService( 3248): modem info is invalid: ModemActivityInfo{ mTimestamp=102016485 mSleepTimeMs=100993791 mIdleTimeMs=-99789037 mTxTimeMs[]=[0, 0, 0, 0, 0] mRxTimeMs=5960 mEnergyUsed=0}
07-05 13:43:17.795 E/BatteryStatsService( 3248): no controller energy info supplied
07-05 13:43:17.826 E/BatteryStatsService( 3248): modem info is invalid: ModemActivityInfo{ mTimestamp=102392465 mSleepTimeMs=101367390 mIdleTimeMs=-100993304 mTxTimeMs[]=[0, 0, 0, 0, 0] mRxTimeMs=1891 mEnergyUsed=0}
07-05 13:46:51.099 E/BatteryStatsService( 3248): no controller energy info supplied
07-05 13:46:51.130 E/BatteryStatsService( 3248): modem info is invalid: ModemActivityInfo{ mTimestamp=102605768 mSleepTimeMs=101579325 mIdleTimeMs=-101367120 mTxTimeMs[]=[0, 0, 0, 0, 0] mRxTimeMs=1100 mEnergyUsed=0}
07-05 13:48:01.822 I/ProcessStatsService( 3248): Prepared write state in 10ms
07-05 13:48:02.161 I/ProcessStatsService( 3248): Pruning old procstats: /data/system/procstats/state-2017-07-02-08-06-38.bin
07-05 14:02:00.923 E/BatteryStatsService( 3248): no controller energy info supplied
07-05 14:02:00.950 E/BatteryStatsService( 3248): modem info is invalid: ModemActivityInfo{ mTimestamp=103515590 mSleepTimeMs=102483303 mIdleTimeMs=-101578150 mTxTimeMs[]=[0, 0, 0, 0, 0] mRxTimeMs=4669 mEnergyUsed=0}
07-05 14:13:17.796 E/BatteryStatsService( 3248): no controller energy info supplied
07-05 14:13:17.827 E/BatteryStatsService( 3248): modem info is invalid: ModemActivityInfo{ mTimestamp=104192465 mSleepTimeMs=103156340 mIdleTimeMs=-102482446 mTxTimeMs[]=[0, 0, 0, 0, 0] mRxTimeMs=2979 mEnergyUsed=0}
07-05 14:18:02.864 I/ProcessStatsService( 3248): Prepared write state in 4ms
07-05 14:36:51.100 E/BatteryStatsService( 3248): no controller energy info supplied
07-05 14:36:51.141 E/BatteryStatsService( 3248): modem info is invalid: ModemActivityInfo{ mTimestamp=105605767 mSleepTimeMs=104561191 mIdleTimeMs=-103154551 mTxTimeMs[]=[0, 0, 0, 0, 0] mRxTimeMs=6665 mEnergyUsed=0}
07-05 14:37:03.620 I/ActivityManager( 3248): Start proc 23412:com.android.vending/u0a33 for service com.android.vending/com.google.android.finsky.dailyhygiene.DailyHygiene$DailyHygieneService
07-05 14:37:03.882 V/KeyValueBackupJob( 3248): Scheduling k/v pass in 248 minutes
07-05 14:38:03.604 I/ActivityManager( 3248): Killing 14900:com.android.mtp/u0a12 (adj 906): empty #17
07-05 14:38:03.669 D/ActivityManager( 3248): cleanUpApplicationRecord -- 14900
07-05 14:38:03.670 D/VoldConnector( 3248): SND -> {8 appfuse unmount 10012 14900 MtpDocumentsProvider}
07-05 14:38:03.670 E/vold    (  379): Failed to readlink for /proc/14900/ns/mnt
07-05 14:38:03.671 D/VoldConnector( 3248): RCV <- {400 8 Command failed}
07-05 14:43:17.805 E/BatteryStatsService( 3248): no controller energy info supplied
