07-05 13:54:02.039 I/chatty  ( 3720): uid=1001(radio) Binder:3720_2 expire 3 lines
07-05 14:16:02.839 I/chatty  ( 3720): uid=1001(radio) Binder:3720_7 expire 5 lines
07-05 14:21:53.424 I/chatty  ( 3720): uid=1001(radio) com.android.phone expire 120 lines
07-05 14:21:53.428 I/chatty  ( 3720): uid=1001(radio) RILReceiver1 expire 108 lines
07-05 14:22:03.063 I/chatty  ( 3720): uid=1001(radio) Binder:3720_2 expire 4 lines
07-05 14:24:03.142 I/chatty  ( 3720): uid=1001(radio) Binder:3720_3 expire 5 lines
07-05 14:34:03.507 I/chatty  ( 3720): uid=1001(radio) Binder:3720_4 expire 2 lines
07-05 14:36:03.593 I/chatty  ( 3720): uid=1001(radio) Binder:3720_5 expire 4 lines
07-05 14:36:51.108 I/chatty  ( 3720): uid=1001(radio) RILReceiver0 expire 4 lines
07-05 14:37:04.202 I/chatty  ( 3720): uid=1001(radio) Binder:3720_6 expire 3 lines
07-05 14:38:03.622 I/chatty  ( 3720): uid=1001(radio) Binder:3720_1 expire 6 lines
07-05 14:57:56.334 I/chatty  ( 3720): uid=1001(radio) com.android.phone expire 112 lines
07-05 14:57:56.337 I/chatty  ( 3720): uid=1001(radio) RILReceiver1 expire 100 lines
07-05 14:58:04.306 I/chatty  ( 3720): uid=1001(radio) Binder:3720_3 expire 6 lines
07-05 15:00:04.357 I/chatty  ( 3720): uid=1001(radio) Binder:3720_5 expire 5 lines
07-05 15:02:04.443 I/chatty  ( 3720): uid=1001(radio) Binder:3720_4 expire 6 lines
07-05 15:04:04.508 I/chatty  ( 3720): uid=1001(radio) Binder:3720_2 expire 4 lines
07-05 15:06:04.612 I/chatty  ( 3720): uid=1001(radio) Binder:3720_6 expire 4 lines
07-05 15:06:51.109 I/chatty  ( 3720): uid=1001(radio) RILReceiver0 expire 10 lines
07-05 15:07:04.807 I/chatty  ( 3720): uid=1001(radio) Binder:3720_7 expire 7 lines
07-05 15:29:58.997 I/chatty  ( 3720): uid=1001(radio) RILReceiver1 expire 111 lines
07-05 15:30:05.498 I/chatty  ( 3720): uid=1001(radio) Binder:3720_4 expire 3 lines
07-05 15:30:19.023 I/chatty  ( 3720): uid=1001(radio) com.android.phone expire 118 lines
07-05 15:32:05.585 I/chatty  ( 3720): uid=1001(radio) Binder:3720_2 expire 5 lines
07-05 15:36:05.727 I/chatty  ( 3720): uid=1001(radio) Binder:3720_3 expire 2 lines
07-05 15:37:06.081 I/chatty  ( 3720): uid=1001(radio) RILReceiver0 expire 4 lines
07-05 15:38:05.773 I/chatty  ( 3720): uid=1001(radio) Binder:3720_6 expire 3 lines
07-05 15:40:05.846 I/chatty  ( 3720): uid=1001(radio) Binder:3720_1 expire 3 lines
07-05 15:48:06.119 I/chatty  ( 3720): uid=1001(radio) Binder:3720_5 expire 4 lines
07-05 16:06:51.110 I/chatty  ( 3720): uid=1001(radio) com.android.phone expire 121 lines
07-05 16:06:51.116 I/chatty  ( 3720): uid=1001(radio) RILReceiver0 expire 6 lines
07-05 16:07:02.072 I/chatty  ( 3720): uid=1001(radio) RILReceiver1 expire 108 lines
07-05 16:08:06.791 I/chatty  ( 3720): uid=1001(radio) Binder:3720_6 expire 2 lines
07-05 16:10:06.876 I/chatty  ( 3720): uid=1001(radio) Binder:3720_2 expire 5 lines
07-05 16:14:07.016 I/chatty  ( 3720): uid=1001(radio) Binder:3720_4 expire 4 lines
07-05 16:16:07.085 I/chatty  ( 3720): uid=1001(radio) Binder:3720_1 expire 4 lines
07-05 16:24:07.385 I/chatty  ( 3720): uid=1001(radio) Binder:3720_7 expire 2 lines
07-05 16:26:07.459 I/chatty  ( 3720): uid=1001(radio) Binder:3720_3 expire 4 lines
07-05 16:43:04.962 I/chatty  ( 3720): uid=1001(radio) com.android.phone expire 121 lines
07-05 16:43:04.967 I/chatty  ( 3720): uid=1001(radio) RILReceiver1 expire 106 lines
07-05 16:43:17.855 I/chatty  ( 3720): uid=1001(radio) RILReceiver0 expire 8 lines
07-05 16:43:59.625 I/chatty  ( 3720): uid=1001(radio) Binder:3720_6 expire 3 lines
07-05 16:45:59.780 I/chatty  ( 3720): uid=1001(radio) Binder:3720_2 expire 4 lines
07-05 16:47:59.859 I/chatty  ( 3720): uid=1001(radio) Binder:3720_5 expire 2 lines
07-05 16:49:59.927 I/chatty  ( 3720): uid=1001(radio) Binder:3720_7 expire 4 lines
07-05 16:56:00.111 I/chatty  ( 3720): uid=1001(radio) Binder:3720_1 expire 2 lines
07-05 17:04:00.412 I/chatty  ( 3720): uid=1001(radio) Binder:3720_4 expire 5 lines
07-05 17:18:27.722 I/chatty  ( 3720): uid=1001(radio) RILReceiver1 expire 108 lines
07-05 17:18:47.747 I/chatty  ( 3720): uid=1001(radio) com.android.phone expire 119 lines
07-05 17:20:01.041 I/chatty  ( 3720): uid=1001(radio) Binder:3720_2 expire 3 lines
07-05 17:22:01.081 I/chatty  ( 3720): uid=1001(radio) Binder:3720_6 expire 4 lines
07-05 17:24:01.194 I/chatty  ( 3720): uid=1001(radio) Binder:3720_1 expire 3 lines
07-05 17:26:01.263 I/chatty  ( 3720): uid=1001(radio) Binder:3720_5 expire 3 lines
07-05 17:36:01.589 I/chatty  ( 3720): uid=1001(radio) Binder:3720_7 expire 4 lines
07-05 17:36:51.110 I/chatty  ( 3720): uid=1001(radio) RILReceiver0 expire 7 lines
07-05 17:37:08.486 I/chatty  ( 3720): uid=1001(radio) Binder:3720_3 expire 3 lines
07-05 17:54:22.709 I/chatty  ( 3720): uid=1001(radio) RILReceiver0 expire 5 lines
07-05 17:54:22.745 I/chatty  ( 3720): uid=1001(radio) com.android.phone expire 123 lines
07-05 17:54:30.745 I/chatty  ( 3720): uid=1001(radio) RILReceiver1 expire 108 lines
07-05 17:58:02.350 I/chatty  ( 3720): uid=1001(radio) Binder:3720_7 expire 2 lines
07-05 18:00:02.457 I/chatty  ( 3720): uid=1001(radio) Binder:3720_5 expire 2 lines
07-05 18:02:02.526 I/chatty  ( 3720): uid=1001(radio) Binder:3720_6 expire 3 lines
07-05 18:04:02.631 I/chatty  ( 3720): uid=1001(radio) Binder:3720_2 expire 4 lines
07-05 18:06:02.709 I/chatty  ( 3720): uid=1001(radio) Binder:3720_4 expire 5 lines
07-05 18:08:02.728 I/chatty  ( 3720): uid=1001(radio) Binder:3720_1 expire 4 lines
07-05 18:30:33.768 I/chatty  ( 3720): uid=1001(radio) RILReceiver1 expire 109 lines
07-05 18:30:53.792 I/chatty  ( 3720): uid=1001(radio) com.android.phone expire 120 lines
07-05 18:32:03.686 I/chatty  ( 3720): uid=1001(radio) Binder:3720_4 expire 4 lines
07-05 18:36:03.849 I/chatty  ( 3720): uid=1001(radio) Binder:3720_5 expire 1 line
07-05 18:36:51.109 I/chatty  ( 3720): uid=1001(radio) RILReceiver0 expire 6 lines
07-05 18:37:08.992 I/chatty  ( 3720): uid=1001(radio) Binder:3720_3 expire 4 lines
07-05 18:38:03.878 I/chatty  ( 3720): uid=1001(radio) Binder:3720_6 expire 3 lines
07-05 18:40:03.987 I/chatty  ( 3720): uid=1001(radio) Binder:3720_2 expire 2 lines
07-05 18:44:00.422 I/chatty  ( 3720): uid=1001(radio) Binder:3720_7 expire 5 lines
07-05 19:06:51.109 I/chatty  ( 3720): uid=1001(radio) RILReceiver0 expire 8 lines
07-05 19:06:51.154 I/chatty  ( 3720): uid=1001(radio) com.android.phone expire 120 lines
07-05 19:06:56.745 I/chatty  ( 3720): uid=1001(radio) RILReceiver1 expire 106 lines
07-05 19:07:09.273 I/chatty  ( 3720): uid=1001(radio) Binder:3720_3 expire 4 lines
07-05 19:10:05.060 I/chatty  ( 3720): uid=1001(radio) Binder:3720_4 expire 2 lines
07-05 19:12:05.149 I/chatty  ( 3720): uid=1001(radio) Binder:3720_6 expire 4 lines
07-05 19:14:05.211 I/chatty  ( 3720): uid=1001(radio) Binder:3720_1 expire 4 lines
07-05 19:18:05.366 I/chatty  ( 3720): uid=1001(radio) Binder:3720_5 expire 2 lines
07-05 19:26:05.693 I/chatty  ( 3720): uid=1001(radio) Binder:3720_2 expire 12 lines
07-05 19:42:19.746 I/chatty  ( 3720): uid=1001(radio) RILReceiver1 expire 100 lines
07-05 19:42:39.770 I/chatty  ( 3720): uid=1001(radio) com.android.phone expire 110 lines
07-05 19:43:17.858 I/chatty  ( 3720): uid=1001(radio) RILReceiver0 expire 10 lines
07-05 19:44:00.512 I/chatty  ( 3720): uid=1001(radio) Binder:3720_4 expire 7 lines
07-05 19:46:06.377 I/chatty  ( 3720): uid=1001(radio) Binder:3720_7 expire 3 lines
07-05 19:48:06.469 I/chatty  ( 3720): uid=1001(radio) Binder:3720_6 expire 4 lines
07-05 19:54:06.664 I/chatty  ( 3720): uid=1001(radio) Binder:3720_5 expire 4 lines
07-05 20:00:06.954 I/chatty  ( 3720): uid=1001(radio) Binder:3720_3 expire 7 lines
07-05 20:14:07.416 I/chatty  ( 3720): uid=1001(radio) Binder:3720_1 expire 5 lines
07-05 20:14:22.404 I/chatty  ( 3720): uid=1001(radio) com.android.phone expire 121 lines
07-05 20:14:22.408 I/chatty  ( 3720): uid=1001(radio) RILReceiver1 expire 109 lines
07-05 20:16:07.505 I/chatty  ( 3720): uid=1001(radio) Binder:3720_2 expire 4 lines
07-05 20:18:07.586 I/chatty  ( 3720): uid=1001(radio) Binder:3720_3 expire 2 lines
07-05 20:26:51.107 I/chatty  ( 3720): uid=1001(radio) RILReceiver0 expire 6 lines
07-05 20:32:08.123 I/chatty  ( 3720): uid=1001(radio) Binder:3720_7 expire 3 lines
07-05 20:34:08.244 I/chatty  ( 3720): uid=1001(radio) Binder:3720_4 expire 2 lines
07-05 20:40:08.455 I/chatty  ( 3720): uid=1001(radio) Binder:3720_5 expire 2 lines
07-05 20:42:08.512 I/chatty  ( 3720): uid=1001(radio) Binder:3720_6 expire 4 lines
07-05 20:50:45.480 I/chatty  ( 3720): uid=1001(radio) RILReceiver1 expire 111 lines
07-05 20:51:05.505 I/chatty  ( 3720): uid=1001(radio) com.android.phone expire 120 lines
07-05 20:52:00.233 I/chatty  ( 3720): uid=1001(radio) Binder:3720_3 expire 2 lines
07-05 20:53:20.217 I/chatty  ( 3720): uid=1001(radio) Binder:3720_4 expire 3 lines
07-05 20:54:00.269 I/chatty  ( 3720): uid=1001(radio) Binder:3720_2 expire 4 lines
07-05 20:56:00.347 I/chatty  ( 3720): uid=1001(radio) Binder:3720_7 expire 5 lines
07-05 20:58:00.419 I/chatty  ( 3720): uid=1001(radio) Binder:3720_1 expire 2 lines
07-05 21:10:00.874 I/chatty  ( 3720): uid=1001(radio) Binder:3720_5 expire 2 lines
07-05 21:13:17.871 I/chatty  ( 3720): uid=1001(radio) RILReceiver0 expire 10 lines
07-05 21:27:48.584 I/chatty  ( 3720): uid=1001(radio) com.android.phone expire 118 lines
07-05 21:27:48.588 I/chatty  ( 3720): uid=1001(radio) RILReceiver1 expire 109 lines
07-05 21:28:01.616 I/chatty  ( 3720): uid=1001(radio) Binder:3720_3 expire 3 lines
07-05 21:30:01.702 I/chatty  ( 3720): uid=1001(radio) Binder:3720_4 expire 3 lines
07-05 21:32:01.771 I/chatty  ( 3720): uid=1001(radio) Binder:3720_2 expire 5 lines
07-05 21:34:01.865 I/chatty  ( 3720): uid=1001(radio) Binder:3720_7 expire 4 lines
07-05 21:36:01.950 I/chatty  ( 3720): uid=1001(radio) Binder:3720_6 expire 3 lines
07-05 21:37:46.038 I/chatty  ( 3720): uid=1001(radio) Binder:3720_1 expire 2 lines
07-05 21:42:02.134 I/chatty  ( 3720): uid=1001(radio) Binder:3720_5 expire 4 lines
07-05 22:04:11.542 I/chatty  ( 3720): uid=1001(radio) com.android.phone expire 122 lines
07-05 22:04:11.546 I/chatty  ( 3720): uid=1001(radio) RILReceiver1 expire 109 lines
07-05 22:06:03.007 I/chatty  ( 3720): uid=1001(radio) Binder:3720_6 expire 2 lines
07-05 22:10:03.124 I/chatty  ( 3720): uid=1001(radio) Binder:3720_1 expire 4 lines
07-05 22:12:03.225 I/chatty  ( 3720): uid=1001(radio) Binder:3720_3 expire 5 lines
07-05 22:13:17.872 I/chatty  ( 3720): uid=1001(radio) RILReceiver0 expire 4 lines
07-05 22:14:03.297 I/chatty  ( 3720): uid=1001(radio) Binder:3720_4 expire 2 lines
07-05 22:16:03.402 I/chatty  ( 3720): uid=1001(radio) Binder:3720_7 expire 3 lines
07-05 22:24:03.740 I/chatty  ( 3720): uid=1001(radio) Binder:3720_2 expire 5 lines
07-05 22:40:34.574 I/chatty  ( 3720): uid=1001(radio) RILReceiver1 expire 109 lines
07-05 22:40:54.598 I/chatty  ( 3720): uid=1001(radio) com.android.phone expire 120 lines
07-05 22:42:04.379 I/chatty  ( 3720): uid=1001(radio) Binder:3720_7 expire 5 lines
07-05 22:43:17.878 I/chatty  ( 3720): uid=1001(radio) RILReceiver0 expire 6 lines
07-05 22:44:00.759 I/chatty  ( 3720): uid=1001(radio) Binder:3720_6 expire 3 lines
07-05 22:46:04.512 I/chatty  ( 3720): uid=1001(radio) Binder:3720_5 expire 3 lines
07-05 22:48:04.578 I/chatty  ( 3720): uid=1001(radio) Binder:3720_4 expire 2 lines
07-05 22:56:04.848 I/chatty  ( 3720): uid=1001(radio) Binder:3720_1 expire 3 lines
07-05 23:06:05.196 I/chatty  ( 3720): uid=1001(radio) Binder:3720_3 expire 3 lines
07-05 23:16:57.598 I/chatty  ( 3720): uid=1001(radio) RILReceiver1 expire 80 lines
07-05 23:17:17.623 I/chatty  ( 3720): uid=1001(radio) com.android.phone expire 120 lines
07-05 23:18:05.603 I/chatty  ( 3720): uid=1001(radio) Binder:3720_4 expire 3 lines
07-05 23:20:05.678 I/chatty  ( 3720): uid=1001(radio) Binder:3720_2 expire 2 lines
07-05 23:22:05.765 I/chatty  ( 3720): uid=1001(radio) Binder:3720_7 expire 1 line
07-05 23:24:05.829 I/chatty  ( 3720): uid=1001(radio) Binder:3720_1 expire 3 lines
07-05 23:26:05.904 I/chatty  ( 3720): uid=1001(radio) Binder:3720_5 expire 3 lines
07-05 23:26:51.108 I/chatty  ( 3720): uid=1001(radio) RILReceiver0 expire 39 lines
07-05 23:36:06.303 I/chatty  ( 3720): uid=1001(radio) Binder:3720_6 expire 2 lines
07-05 23:43:25.057 I/chatty  ( 3720): uid=1001(radio) RILReceiver0 expire 87 lines
07-05 23:43:25.057 I/chatty  ( 3720): uid=1001(radio) com.android.phone expire 128 lines
07-05 23:43:39.831 I/chatty  ( 3720): uid=1001(radio) RILReceiver1 expire 25 lines
07-05 23:44:00.915 I/chatty  ( 3720): uid=1001(radio) Binder:3720_7 expire 2 lines
07-05 23:46:06.602 I/chatty  ( 3720): uid=1001(radio) Binder:3720_5 expire 1 line
07-05 23:48:06.636 I/chatty  ( 3720): uid=1001(radio) Binder:3720_4 expire 2 lines
07-05 23:50:06.726 I/chatty  ( 3720): uid=1001(radio) Binder:3720_1 expire 1 line
07-05 23:51:45.533 D/TelephonyRegistry( 3248): notifyCellLocationForSubscriber: subId=2147483643 cellLocation=Bundle[mParcelledData.dataSize=64]
07-05 23:51:45.536 I/chatty  ( 3720): uid=1001(radio) RILReceiver0 expire 4 lines
07-05 23:51:45.536 I/chatty  ( 3720): uid=1001(radio) com.android.phone expire 37 lines
07-05 23:51:45.543 D/TelephonyManager( 3248): getCellLocation returning null due to NullPointerException java.lang.NullPointerException: Attempt to invoke virtual method 'boolean android.os.Bundle.isEmpty()' on a null object reference
07-05 23:51:45.552 I/chatty  ( 3720): uid=1001(radio) RILReceiver0 expire 20 lines
07-05 23:52:00.511 I/chatty  ( 3720): uid=1001(radio) RILReceiver1 expire 9 lines
07-05 23:52:06.792 I/chatty  ( 3720): uid=1001(radio) Binder:3720_4 expire 1 line
07-05 23:53:13.133 D/TelephonyRegistry( 3248): notifyCellLocationForSubscriber: subId=2147483643 cellLocation=Bundle[mParcelledData.dataSize=64]
07-05 23:53:13.134 I/chatty  ( 3720): uid=1001(radio) com.android.phone expire 104 lines
07-05 23:53:13.138 I/chatty  ( 3720): uid=1001(radio) Binder:3720_5 expire 1 line
07-05 23:53:13.140 D/TelephonyManager( 3248): getCellLocation returning null due to NullPointerException java.lang.NullPointerException: Attempt to invoke virtual method 'boolean android.os.Bundle.isEmpty()' on a null object reference
07-05 23:53:13.141 I/chatty  ( 3720): uid=1001(radio) RILReceiver0 expire 85 lines
07-05 23:53:13.143 I/chatty  ( 3720): uid=1001(radio) Binder:3720_1 expire 1 line
07-05 23:53:20.334 I/chatty  ( 3720): uid=1001(radio) Binder:3720_7 expire 1 line
07-05 23:54:06.827 I/chatty  ( 3720): uid=1001(radio) Binder:3720_3 expire 1 line
07-05 23:55:00.472 I/chatty  ( 3720): uid=1001(radio) RILReceiver0 expire 107 lines
07-05 23:55:00.472 I/chatty  ( 3720): uid=1001(radio) com.android.phone expire 136 lines
07-05 23:55:00.705 I/chatty  ( 3720): uid=1001(radio) RILReceiver1 expire 10 lines
07-05 23:56:06.899 I/chatty  ( 3720): uid=1001(radio) Binder:3720_7 expire 1 line
07-05 23:58:06.981 I/chatty  ( 3720): uid=1001(radio) Binder:3720_5 expire 4 lines
07-05 23:58:12.574 I/chatty  ( 3720): uid=1001(radio) com.android.phone expire 125 lines
07-05 23:58:12.584 I/chatty  ( 3720): uid=1001(radio) RILReceiver0 expire 22 lines
07-05 23:58:20.936 I/chatty  ( 3720): uid=1001(radio) RILReceiver1 expire 92 lines
07-06 00:00:00.391 I/chatty  ( 3720): uid=1001(radio) Binder:3720_3 expire 3 lines
07-06 00:02:07.120 I/chatty  ( 3720): uid=1001(radio) Binder:3720_4 expire 3 lines
07-06 00:04:07.210 I/chatty  ( 3720): uid=1001(radio) Binder:3720_2 expire 4 lines
07-06 00:08:07.344 I/chatty  ( 3720): uid=1001(radio) Binder:3720_6 expire 2 lines
07-06 00:12:07.472 I/chatty  ( 3720): uid=1001(radio) Binder:3720_1 expire 3 lines
07-06 00:29:03.474 I/chatty  ( 3720): uid=1001(radio) com.android.phone expire 126 lines
07-06 00:29:03.478 I/chatty  ( 3720): uid=1001(radio) RILReceiver1 expire 70 lines
07-06 00:30:08.181 I/chatty  ( 3720): uid=1001(radio) Binder:3720_5 expire 2 lines
07-06 00:34:08.335 I/chatty  ( 3720): uid=1001(radio) Binder:3720_7 expire 1 line
07-06 00:36:08.424 I/chatty  ( 3720): uid=1001(radio) Binder:3720_6 expire 2 lines
07-06 00:39:08.723 I/chatty  ( 3720): uid=1001(radio) Binder:3720_3 expire 2 lines
07-06 00:40:08.529 I/chatty  ( 3720): uid=1001(radio) Binder:3720_4 expire 2 lines
07-06 00:43:17.887 I/chatty  ( 3720): uid=1001(radio) RILReceiver0 expire 46 lines
07-06 00:43:59.520 I/chatty  ( 3720): uid=1001(radio) Binder:3720_2 expire 2 lines
07-06 00:52:10.659 I/chatty  ( 3720): uid=1001(radio) RILReceiver0 expire 82 lines
07-06 00:52:10.660 I/chatty  ( 3720): uid=1001(radio) com.android.phone expire 90 lines
07-06 00:52:25.439 I/chatty  ( 3720): uid=1001(radio) RILReceiver1 expire 5 lines
07-06 00:53:20.401 I/chatty  ( 3720): uid=1001(radio) Binder:3720_4 expire 2 lines
07-06 00:53:23.349 D/TelephonyRegistry( 3248): notifyCellLocationForSubscriber: subId=2147483643 cellLocation=Bundle[mParcelledData.dataSize=64]
07-06 00:53:23.350 I/chatty  ( 3720): uid=1001(radio) com.android.phone expire 40 lines
07-06 00:53:23.355 I/chatty  ( 3720): uid=1001(radio) Binder:3720_1 expire 1 line
07-06 00:53:23.356 D/TelephonyManager( 3248): getCellLocation returning null due to NullPointerException java.lang.NullPointerException: Attempt to invoke virtual method 'boolean android.os.Bundle.isEmpty()' on a null object reference
07-06 00:53:30.513 I/chatty  ( 3720): uid=1001(radio) RILReceiver0 expire 32 lines
07-06 00:53:30.537 D/TelephonyRegistry( 3248): notifyCellLocationForSubscriber: subId=2147483643 cellLocation=Bundle[mParcelledData.dataSize=64]
07-06 00:53:30.542 I/chatty  ( 3720): uid=1001(radio) Binder:3720_7 expire 2 lines
07-06 00:53:30.543 D/TelephonyManager( 3248): getCellLocation returning null due to NullPointerException java.lang.NullPointerException: Attempt to invoke virtual method 'boolean android.os.Bundle.isEmpty()' on a null object reference
07-06 00:53:30.546 I/chatty  ( 3720): uid=1001(radio) Binder:3720_3 expire 1 line
07-06 00:54:02.358 I/chatty  ( 3720): uid=1001(radio) RILReceiver0 expire 26 lines
07-06 00:54:02.358 I/chatty  ( 3720): uid=1001(radio) com.android.phone expire 45 lines
07-06 00:54:02.379 D/TelephonyRegistry( 3248): notifyCellLocationForSubscriber: subId=2147483643 cellLocation=Bundle[mParcelledData.dataSize=64]
07-06 00:54:02.384 I/chatty  ( 3720): uid=1001(radio) Binder:3720_6 expire 3 lines
07-06 00:54:02.385 D/TelephonyManager( 3248): getCellLocation returning null due to NullPointerException java.lang.NullPointerException: Attempt to invoke virtual method 'boolean android.os.Bundle.isEmpty()' on a null object reference
07-06 00:54:02.389 I/chatty  ( 3720): uid=1001(radio) Binder:3720_5 expire 1 line
07-06 00:54:05.539 I/chatty  ( 3720): uid=1001(radio) RILReceiver1 expire 10 lines
07-06 00:57:12.731 D/TelephonyRegistry( 3248): notifyCellLocationForSubscriber: subId=2147483643 cellLocation=Bundle[mParcelledData.dataSize=64]
07-06 00:57:12.732 I/chatty  ( 3720): uid=1001(radio) com.android.phone expire 93 lines
07-06 00:57:12.737 I/chatty  ( 3720): uid=1001(radio) Binder:3720_1 expire 2 lines
07-06 00:57:12.738 D/TelephonyManager( 3248): getCellLocation returning null due to NullPointerException java.lang.NullPointerException: Attempt to invoke virtual method 'boolean android.os.Bundle.isEmpty()' on a null object reference
07-06 00:57:12.745 I/chatty  ( 3720): uid=1001(radio) RILReceiver0 expire 65 lines
07-06 00:57:25.792 I/chatty  ( 3720): uid=1001(radio) RILReceiver1 expire 9 lines
07-06 01:00:00.715 I/chatty  ( 3720): uid=1001(radio) Binder:3720_2 expire 6 lines
07-06 01:00:17.412 I/chatty  ( 3720): uid=1001(radio) RILReceiver0 expire 61 lines
07-06 01:00:17.413 I/chatty  ( 3720): uid=1001(radio) com.android.phone expire 118 lines
07-06 01:00:26.038 I/chatty  ( 3720): uid=1001(radio) RILReceiver1 expire 51 lines
07-06 01:02:00.773 I/chatty  ( 3720): uid=1001(radio) Binder:3720_1 expire 3 lines
07-06 01:04:00.863 I/chatty  ( 3720): uid=1001(radio) Binder:3720_5 expire 5 lines
07-06 01:06:00.947 I/chatty  ( 3720): uid=1001(radio) Binder:3720_6 expire 1 line
07-06 01:09:09.931 I/chatty  ( 3720): uid=1001(radio) Binder:3720_3 expire 5 lines
07-06 01:09:49.969 I/chatty  ( 3720): uid=1001(radio) Binder:3720_7 expire 5 lines
07-06 01:10:01.085 I/chatty  ( 3720): uid=1001(radio) Binder:3720_4 expire 4 lines
07-06 01:16:07.330 I/chatty  ( 3720): uid=1001(radio) RILReceiver1 expire 108 lines
07-06 01:16:27.355 I/chatty  ( 3720): uid=1001(radio) com.android.phone expire 120 lines
07-06 01:20:01.491 I/chatty  ( 3720): uid=1001(radio) Binder:3720_1 expire 5 lines
07-06 01:22:01.572 I/chatty  ( 3720): uid=1001(radio) Binder:3720_5 expire 4 lines
07-06 01:24:01.647 I/chatty  ( 3720): uid=1001(radio) Binder:3720_3 expire 3 lines
07-06 01:26:01.721 I/chatty  ( 3720): uid=1001(radio) Binder:3720_2 expire 3 lines
07-06 01:28:17.469 I/chatty  ( 3720): uid=1001(radio) RILReceiver0 expire 7 lines
07-06 01:39:10.463 I/chatty  ( 3720): uid=1001(radio) Binder:3720_7 expire 1 line
07-06 01:46:02.441 I/chatty  ( 3720): uid=1001(radio) Binder:3720_6 expire 1 line
07-06 01:52:07.167 I/chatty  ( 3720): uid=1001(radio) RILReceiver0 expire 89 lines
07-06 01:52:07.167 I/chatty  ( 3720): uid=1001(radio) com.android.phone expire 134 lines
07-06 01:52:10.382 I/chatty  ( 3720): uid=1001(radio) RILReceiver1 expire 27 lines
07-06 01:53:20.458 I/chatty  ( 3720): uid=1001(radio) Binder:3720_1 expire 2 lines
07-06 01:54:02.717 I/chatty  ( 3720): uid=1001(radio) Binder:3720_5 expire 1 line
07-06 01:56:02.814 I/chatty  ( 3720): uid=1001(radio) Binder:3720_3 expire 6 lines
07-06 02:01:11.117 I/chatty  ( 3720): uid=1001(radio) com.android.phone expire 143 lines
07-06 02:01:11.120 I/chatty  ( 3720): uid=1001(radio) RILReceiver1 expire 86 lines
07-06 02:02:03.061 I/chatty  ( 3720): uid=1001(radio) Binder:3720_5 expire 4 lines
07-06 02:06:03.218 I/chatty  ( 3720): uid=1001(radio) Binder:3720_2 expire 1 line
07-06 02:09:10.394 I/chatty  ( 3720): uid=1001(radio) Binder:3720_6 expire 2 lines
07-06 02:10:03.329 I/chatty  ( 3720): uid=1001(radio) Binder:3720_7 expire 1 line
07-06 02:12:03.423 I/chatty  ( 3720): uid=1001(radio) Binder:3720_4 expire 1 line
07-06 02:13:17.925 I/chatty  ( 3720): uid=1001(radio) RILReceiver0 expire 10 lines
07-06 02:16:03.576 I/chatty  ( 3720): uid=1001(radio) Binder:3720_1 expire 7 lines
07-06 02:29:13.355 I/chatty  ( 3720): uid=1001(radio) RILReceiver1 expire 111 lines
07-06 02:29:33.381 I/chatty  ( 3720): uid=1001(radio) com.android.phone expire 119 lines
07-06 02:30:04.086 I/chatty  ( 3720): uid=1001(radio) Binder:3720_2 expire 2 lines
07-06 02:32:04.163 I/chatty  ( 3720): uid=1001(radio) Binder:3720_4 expire 3 lines
07-06 02:34:04.230 I/chatty  ( 3720): uid=1001(radio) Binder:3720_3 expire 3 lines
07-06 02:36:04.321 I/chatty  ( 3720): uid=1001(radio) Binder:3720_5 expire 4 lines
07-06 02:38:04.402 I/chatty  ( 3720): uid=1001(radio) Binder:3720_6 expire 2 lines
07-06 02:43:17.924 I/chatty  ( 3720): uid=1001(radio) RILReceiver0 expire 4 lines
07-06 02:46:04.671 I/chatty  ( 3720): uid=1001(radio) Binder:3720_7 expire 5 lines
07-06 03:06:16.451 I/chatty  ( 3720): uid=1001(radio) RILReceiver1 expire 78 lines
07-06 03:06:36.475 I/chatty  ( 3720): uid=1001(radio) com.android.phone expire 127 lines
07-06 03:08:05.521 I/chatty  ( 3720): uid=1001(radio) Binder:3720_5 expire 2 lines
07-06 03:10:05.579 I/chatty  ( 3720): uid=1001(radio) Binder:3720_1 expire 2 lines
07-06 03:13:17.935 I/chatty  ( 3720): uid=1001(radio) RILReceiver0 expire 36 lines
07-06 03:14:05.731 I/chatty  ( 3720): uid=1001(radio) Binder:3720_4 expire 2 lines
07-06 03:16:05.832 I/chatty  ( 3720): uid=1001(radio) Binder:3720_3 expire 2 lines
07-06 03:20:05.967 I/chatty  ( 3720): uid=1001(radio) Binder:3720_6 expire 2 lines
07-06 03:22:06.036 I/chatty  ( 3720): uid=1001(radio) Binder:3720_2 expire 2 lines
07-06 03:32:18.618 I/chatty  ( 3720): uid=1001(radio) RILReceiver1 expire 15 lines
07-06 03:32:30.171 I/chatty  ( 3720): uid=1001(radio) RILReceiver0 expire 102 lines
07-06 03:32:30.172 I/chatty  ( 3720): uid=1001(radio) com.android.phone expire 136 lines
07-06 03:34:06.516 I/chatty  ( 3720): uid=1001(radio) Binder:3720_6 expire 1 line
07-06 03:36:06.574 I/chatty  ( 3720): uid=1001(radio) Binder:3720_3 expire 2 lines
07-06 03:37:02.171 I/chatty  ( 3720): uid=1001(radio) com.android.phone expire 118 lines
07-06 03:37:02.172 I/chatty  ( 3720): uid=1001(radio) RILReceiver0 expire 90 lines
07-06 03:37:18.988 I/chatty  ( 3720): uid=1001(radio) RILReceiver1 expire 12 lines
07-06 03:38:06.662 I/chatty  ( 3720): uid=1001(radio) Binder:3720_1 expire 1 line
07-06 03:39:10.575 I/chatty  ( 3720): uid=1001(radio) Binder:3720_5 expire 1 line
07-06 03:39:10.871 I/chatty  ( 3720): uid=1001(radio) Binder:3720_6 expire 4 lines
07-06 03:41:02.884 D/TelephonyRegistry( 3248): notifyCellLocationForSubscriber: subId=2147483643 cellLocation=Bundle[mParcelledData.dataSize=64]
07-06 03:41:02.886 I/chatty  ( 3720): uid=1001(radio) com.android.phone expire 14 lines
07-06 03:41:02.892 D/TelephonyManager( 3248): getCellLocation returning null due to NullPointerException java.lang.NullPointerException: Attempt to invoke virtual method 'boolean android.os.Bundle.isEmpty()' on a null object reference
07-06 03:41:02.894 I/chatty  ( 3720): uid=1001(radio) Binder:3720_7 expire 1 line
07-06 03:41:19.282 I/chatty  ( 3720): uid=1001(radio) RILReceiver1 expire 11 lines
07-06 03:43:17.934 I/chatty  ( 3720): uid=1001(radio) RILReceiver0 expire 2 lines
07-06 03:44:59.579 D/RILJ    ( 3720): [0284]< SIGNAL_STRENGTH SignalStrength: 0 0 0 0 0 0 0 0 0 0 0 0 0 gsm|lte [SUB1]
07-06 03:45:19.605 D/RILJ    ( 3720): [0285]> SIGNAL_STRENGTH [SUB1]
07-06 03:45:19.608 D/RILJ    ( 3720): [0285]< SIGNAL_STRENGTH SignalStrength: 0 0 0 0 0 0 0 0 0 0 0 0 0 gsm|lte [SUB1]
07-06 03:45:39.632 D/RILJ    ( 3720): [0286]> SIGNAL_STRENGTH [SUB1]
07-06 03:45:39.637 D/RILJ    ( 3720): [0286]< SIGNAL_STRENGTH SignalStrength: 0 0 0 0 0 0 0 0 0 0 0 0 0 gsm|lte [SUB1]
07-06 03:45:59.657 D/RILJ    ( 3720): [0287]> SIGNAL_STRENGTH [SUB1]
07-06 03:45:59.660 D/RILJ    ( 3720): [0287]< SIGNAL_STRENGTH SignalStrength: 0 0 0 0 0 0 0 0 0 0 0 0 0 gsm|lte [SUB1]
07-06 03:46:06.867 D/QtiSubscriptionController( 3720): getPhoneId, received dummy subId 2147483643
07-06 03:46:19.683 D/RILJ    ( 3720): [0288]> SIGNAL_STRENGTH [SUB1]
07-06 03:46:19.686 D/RILJ    ( 3720): [0288]< SIGNAL_STRENGTH SignalStrength: 0 0 0 0 0 0 0 0 0 0 0 0 0 gsm|lte [SUB1]
07-06 03:46:39.711 D/RILJ    ( 3720): [0289]> SIGNAL_STRENGTH [SUB1]
07-06 03:46:39.715 D/RILJ    ( 3720): [0289]< SIGNAL_STRENGTH SignalStrength: 0 0 0 0 0 0 0 0 0 0 0 0 0 gsm|lte [SUB1]
07-06 03:46:59.737 D/RILJ    ( 3720): [0290]> SIGNAL_STRENGTH [SUB1]
07-06 03:46:59.740 D/RILJ    ( 3720): [0290]< SIGNAL_STRENGTH SignalStrength: 0 0 0 0 0 0 0 0 0 0 0 0 0 gsm|lte [SUB1]
07-06 03:47:19.764 D/RILJ    ( 3720): [0291]> SIGNAL_STRENGTH [SUB1]
07-06 03:47:19.767 D/RILJ    ( 3720): [0291]< SIGNAL_STRENGTH SignalStrength: 0 0 0 0 0 0 0 0 0 0 0 0 0 gsm|lte [SUB1]
07-06 03:47:39.792 D/RILJ    ( 3720): [0292]> SIGNAL_STRENGTH [SUB1]
07-06 03:47:39.796 D/RILJ    ( 3720): [0292]< SIGNAL_STRENGTH SignalStrength: 0 0 0 0 0 0 0 0 0 0 0 0 0 gsm|lte [SUB1]
07-06 03:47:59.822 D/RILJ    ( 3720): [0293]> SIGNAL_STRENGTH [SUB1]
07-06 03:47:59.826 D/RILJ    ( 3720): [0293]< SIGNAL_STRENGTH SignalStrength: 0 0 0 0 0 0 0 0 0 0 0 0 0 gsm|lte [SUB1]
07-06 03:48:06.963 D/QtiSubscriptionController( 3720): getPhoneId, received dummy subId 2147483643
07-06 03:48:19.843 D/RILJ    ( 3720): [0294]> SIGNAL_STRENGTH [SUB1]
07-06 03:48:19.848 D/RILJ    ( 3720): [0294]< SIGNAL_STRENGTH SignalStrength: 0 0 0 0 0 0 0 0 0 0 0 0 0 gsm|lte [SUB1]
07-06 03:48:39.872 D/RILJ    ( 3720): [0295]> SIGNAL_STRENGTH [SUB1]
07-06 03:48:39.876 D/RILJ    ( 3720): [0295]< SIGNAL_STRENGTH SignalStrength: 0 0 0 0 0 0 0 0 0 0 0 0 0 gsm|lte [SUB1]
07-06 03:48:59.900 D/RILJ    ( 3720): [0296]> SIGNAL_STRENGTH [SUB1]
07-06 03:48:59.904 D/RILJ    ( 3720): [0296]< SIGNAL_STRENGTH SignalStrength: 0 0 0 0 0 0 0 0 0 0 0 0 0 gsm|lte [SUB1]
07-06 03:49:19.929 D/RILJ    ( 3720): [0297]> SIGNAL_STRENGTH [SUB1]
07-06 03:49:19.934 D/RILJ    ( 3720): [0297]< SIGNAL_STRENGTH SignalStrength: 0 0 0 0 0 0 0 0 0 0 0 0 0 gsm|lte [SUB1]
07-06 03:49:39.959 D/RILJ    ( 3720): [0298]> SIGNAL_STRENGTH [SUB1]
07-06 03:49:39.963 D/RILJ    ( 3720): [0298]< SIGNAL_STRENGTH SignalStrength: 0 0 0 0 0 0 0 0 0 0 0 0 0 gsm|lte [SUB1]
07-06 03:49:59.987 D/RILJ    ( 3720): [0299]> SIGNAL_STRENGTH [SUB1]
07-06 03:49:59.991 D/RILJ    ( 3720): [0299]< SIGNAL_STRENGTH SignalStrength: 0 0 0 0 0 0 0 0 0 0 0 0 0 gsm|lte [SUB1]
07-06 03:50:07.022 D/QtiSubscriptionController( 3720): getPhoneId, received dummy subId 2147483643
07-06 03:50:20.017 D/RILJ    ( 3720): [0300]> SIGNAL_STRENGTH [SUB1]
07-06 03:50:20.021 D/RILJ    ( 3720): [0300]< SIGNAL_STRENGTH SignalStrength: 0 0 0 0 0 0 0 0 0 0 0 0 0 gsm|lte [SUB1]
07-06 03:50:40.044 D/RILJ    ( 3720): [0301]> SIGNAL_STRENGTH [SUB1]
07-06 03:50:40.049 D/RILJ    ( 3720): [0301]< SIGNAL_STRENGTH SignalStrength: 0 0 0 0 0 0 0 0 0 0 0 0 0 gsm|lte [SUB1]
07-06 03:51:00.073 D/RILJ    ( 3720): [0302]> SIGNAL_STRENGTH [SUB1]
07-06 03:51:00.077 D/RILJ    ( 3720): [0302]< SIGNAL_STRENGTH SignalStrength: 0 0 0 0 0 0 0 0 0 0 0 0 0 gsm|lte [SUB1]
07-06 03:51:20.102 D/RILJ    ( 3720): [0303]> SIGNAL_STRENGTH [SUB1]
07-06 03:51:20.107 D/RILJ    ( 3720): [0303]< SIGNAL_STRENGTH SignalStrength: 0 0 0 0 0 0 0 0 0 0 0 0 0 gsm|lte [SUB1]
07-06 03:51:40.131 D/RILJ    ( 3720): [0304]> SIGNAL_STRENGTH [SUB1]
07-06 03:51:40.135 D/RILJ    ( 3720): [0304]< SIGNAL_STRENGTH SignalStrength: 0 0 0 0 0 0 0 0 0 0 0 0 0 gsm|lte [SUB1]
07-06 03:52:00.159 D/RILJ    ( 3720): [0305]> SIGNAL_STRENGTH [SUB1]
07-06 03:52:00.163 D/RILJ    ( 3720): [0305]< SIGNAL_STRENGTH SignalStrength: 0 0 0 0 0 0 0 0 0 0 0 0 0 gsm|lte [SUB1]
07-06 03:52:07.116 D/QtiSubscriptionController( 3720): getPhoneId, received dummy subId 2147483643
07-06 03:52:20.189 D/RILJ    ( 3720): [0306]> SIGNAL_STRENGTH [SUB1]
07-06 03:52:20.192 D/RILJ    ( 3720): [0306]< SIGNAL_STRENGTH SignalStrength: 0 0 0 0 0 0 0 0 0 0 0 0 0 gsm|lte [SUB1]
07-06 03:52:40.217 D/RILJ    ( 3720): [0307]> SIGNAL_STRENGTH [SUB1]
07-06 03:52:40.221 D/RILJ    ( 3720): [0307]< SIGNAL_STRENGTH SignalStrength: 0 0 0 0 0 0 0 0 0 0 0 0 0 gsm|lte [SUB1]
07-06 03:53:00.246 D/RILJ    ( 3720): [0308]> SIGNAL_STRENGTH [SUB1]
07-06 03:53:00.251 D/RILJ    ( 3720): [0308]< SIGNAL_STRENGTH SignalStrength: 0 0 0 0 0 0 0 0 0 0 0 0 0 gsm|lte [SUB1]
07-06 03:53:20.276 D/RILJ    ( 3720): [0309]> SIGNAL_STRENGTH [SUB1]
07-06 03:53:20.280 D/RILJ    ( 3720): [0309]< SIGNAL_STRENGTH SignalStrength: 0 0 0 0 0 0 0 0 0 0 0 0 0 gsm|lte [SUB1]
07-06 03:53:20.561 D/QtiSubscriptionController( 3720): getPhoneId, received dummy subId 2147483643
07-06 03:53:40.305 D/RILJ    ( 3720): [0310]> SIGNAL_STRENGTH [SUB1]
07-06 03:53:40.310 D/RILJ    ( 3720): [0310]< SIGNAL_STRENGTH SignalStrength: 0 0 0 0 0 0 0 0 0 0 0 0 0 gsm|lte [SUB1]
07-06 03:54:00.334 D/RILJ    ( 3720): [0311]> SIGNAL_STRENGTH [SUB1]
07-06 03:54:00.337 D/RILJ    ( 3720): [0311]< SIGNAL_STRENGTH SignalStrength: 0 0 0 0 0 0 0 0 0 0 0 0 0 gsm|lte [SUB1]
07-06 03:54:07.158 D/QtiSubscriptionController( 3720): getPhoneId, received dummy subId 2147483643
07-06 03:54:20.361 D/RILJ    ( 3720): [0312]> SIGNAL_STRENGTH [SUB1]
07-06 03:54:20.365 D/RILJ    ( 3720): [0312]< SIGNAL_STRENGTH SignalStrength: 0 0 0 0 0 0 0 0 0 0 0 0 0 gsm|lte [SUB1]
07-06 03:54:40.389 D/RILJ    ( 3720): [0313]> SIGNAL_STRENGTH [SUB1]
07-06 03:54:40.394 D/RILJ    ( 3720): [0313]< SIGNAL_STRENGTH SignalStrength: 0 0 0 0 0 0 0 0 0 0 0 0 0 gsm|lte [SUB1]
07-06 03:55:00.418 D/RILJ    ( 3720): [0314]> SIGNAL_STRENGTH [SUB1]
07-06 03:55:00.421 D/RILJ    ( 3720): [0314]< SIGNAL_STRENGTH SignalStrength: 0 0 0 0 0 0 0 0 0 0 0 0 0 gsm|lte [SUB1]
07-06 03:55:20.437 D/RILJ    ( 3720): [0315]> SIGNAL_STRENGTH [SUB1]
07-06 03:55:20.440 D/RILJ    ( 3720): [0315]< SIGNAL_STRENGTH SignalStrength: 0 0 0 0 0 0 0 0 0 0 0 0 0 gsm|lte [SUB1]
07-06 03:55:40.464 D/RILJ    ( 3720): [0316]> SIGNAL_STRENGTH [SUB1]
07-06 03:55:40.467 D/RILJ    ( 3720): [0316]< SIGNAL_STRENGTH SignalStrength: 0 0 0 0 0 0 0 0 0 0 0 0 0 gsm|lte [SUB1]
07-06 03:56:00.493 D/RILJ    ( 3720): [0317]> SIGNAL_STRENGTH [SUB1]
07-06 03:56:00.496 D/RILJ    ( 3720): [0317]< SIGNAL_STRENGTH SignalStrength: 0 0 0 0 0 0 0 0 0 0 0 0 0 gsm|lte [SUB1]
07-06 03:56:07.244 D/QtiSubscriptionController( 3720): getPhoneId, received dummy subId 2147483643
07-06 03:56:20.518 D/RILJ    ( 3720): [0318]> SIGNAL_STRENGTH [SUB1]
07-06 03:56:20.523 D/RILJ    ( 3720): [0318]< SIGNAL_STRENGTH SignalStrength: 0 0 0 0 0 0 0 0 0 0 0 0 0 gsm|lte [SUB1]
07-06 03:56:40.549 D/RILJ    ( 3720): [0319]> SIGNAL_STRENGTH [SUB1]
07-06 03:56:40.553 D/RILJ    ( 3720): [0319]< SIGNAL_STRENGTH SignalStrength: 0 0 0 0 0 0 0 0 0 0 0 0 0 gsm|lte [SUB1]
07-06 03:56:51.104 D/SubscriptionController( 3720): [getActiveSubInfoList] Sub Controller not ready
07-06 03:56:51.105 D/SubscriptionController( 3720): [getActiveSubscriptionInfoForSimSlotIndex]+ subList=null
07-06 03:57:00.567 D/RILJ    ( 3720): [0320]> SIGNAL_STRENGTH [SUB1]
07-06 03:57:00.571 D/RILJ    ( 3720): [0320]< SIGNAL_STRENGTH SignalStrength: 0 0 0 0 0 0 0 0 0 0 0 0 0 gsm|lte [SUB1]
07-06 03:57:20.595 D/RILJ    ( 3720): [0321]> SIGNAL_STRENGTH [SUB1]
07-06 03:57:20.599 D/RILJ    ( 3720): [0321]< SIGNAL_STRENGTH SignalStrength: 0 0 0 0 0 0 0 0 0 0 0 0 0 gsm|lte [SUB1]
07-06 03:57:40.623 D/RILJ    ( 3720): [0322]> SIGNAL_STRENGTH [SUB1]
07-06 03:57:40.627 D/RILJ    ( 3720): [0322]< SIGNAL_STRENGTH SignalStrength: 0 0 0 0 0 0 0 0 0 0 0 0 0 gsm|lte [SUB1]
07-06 03:58:00.653 D/RILJ    ( 3720): [0323]> SIGNAL_STRENGTH [SUB1]
07-06 03:58:00.657 D/RILJ    ( 3720): [0323]< SIGNAL_STRENGTH SignalStrength: 0 0 0 0 0 0 0 0 0 0 0 0 0 gsm|lte [SUB1]
07-06 03:58:07.314 D/QtiSubscriptionController( 3720): getPhoneId, received dummy subId 2147483643
07-06 03:58:20.682 D/RILJ    ( 3720): [0324]> SIGNAL_STRENGTH [SUB1]
07-06 03:58:20.686 D/RILJ    ( 3720): [0324]< SIGNAL_STRENGTH SignalStrength: 0 0 0 0 0 0 0 0 0 0 0 0 0 gsm|lte [SUB1]
07-06 03:58:40.711 D/RILJ    ( 3720): [0325]> SIGNAL_STRENGTH [SUB1]
07-06 03:58:40.715 D/RILJ    ( 3720): [0325]< SIGNAL_STRENGTH SignalStrength: 0 0 0 0 0 0 0 0 0 0 0 0 0 gsm|lte [SUB1]
07-06 03:59:00.740 D/RILJ    ( 3720): [0326]> SIGNAL_STRENGTH [SUB1]
07-06 03:59:00.744 D/RILJ    ( 3720): [0326]< SIGNAL_STRENGTH SignalStrength: 0 0 0 0 0 0 0 0 0 0 0 0 0 gsm|lte [SUB1]
07-06 03:59:20.770 D/RILJ    ( 3720): [0327]> SIGNAL_STRENGTH [SUB1]
07-06 03:59:20.774 D/RILJ    ( 3720): [0327]< SIGNAL_STRENGTH SignalStrength: 0 0 0 0 0 0 0 0 0 0 0 0 0 gsm|lte [SUB1]
07-06 03:59:40.799 D/RILJ    ( 3720): [0328]> SIGNAL_STRENGTH [SUB1]
07-06 03:59:40.803 D/RILJ    ( 3720): [0328]< SIGNAL_STRENGTH SignalStrength: 0 0 0 0 0 0 0 0 0 0 0 0 0 gsm|lte [SUB1]
07-06 04:00:00.830 D/RILJ    ( 3720): [0329]> SIGNAL_STRENGTH [SUB1]
07-06 04:00:00.834 D/RILJ    ( 3720): [0329]< SIGNAL_STRENGTH SignalStrength: 0 0 0 0 0 0 0 0 0 0 0 0 0 gsm|lte [SUB1]
07-06 04:00:07.399 D/QtiSubscriptionController( 3720): getPhoneId, received dummy subId 2147483643
07-06 04:00:20.859 D/RILJ    ( 3720): [0330]> SIGNAL_STRENGTH [SUB1]
07-06 04:00:20.863 D/RILJ    ( 3720): [0330]< SIGNAL_STRENGTH SignalStrength: 0 0 0 0 0 0 0 0 0 0 0 0 0 gsm|lte [SUB1]
07-06 04:00:40.889 D/RILJ    ( 3720): [0331]> SIGNAL_STRENGTH [SUB1]
07-06 04:00:40.892 D/RILJ    ( 3720): [0331]< SIGNAL_STRENGTH SignalStrength: 0 0 0 0 0 0 0 0 0 0 0 0 0 gsm|lte [SUB1]
07-06 04:01:00.916 D/RILJ    ( 3720): [0332]> SIGNAL_STRENGTH [SUB1]
07-06 04:01:00.920 D/RILJ    ( 3720): [0332]< SIGNAL_STRENGTH SignalStrength: 0 0 0 0 0 0 0 0 0 0 0 0 0 gsm|lte [SUB1]
07-06 04:01:07.525 D/QtiSubscriptionController( 3720): getPhoneId, received dummy subId 2147483643
07-06 04:01:20.945 D/RILJ    ( 3720): [0333]> SIGNAL_STRENGTH [SUB1]
07-06 04:01:20.950 D/RILJ    ( 3720): [0333]< SIGNAL_STRENGTH SignalStrength: 0 0 0 0 0 0 0 0 0 0 0 0 0 gsm|lte [SUB1]
07-06 04:01:40.975 D/RILJ    ( 3720): [0334]> SIGNAL_STRENGTH [SUB1]
07-06 04:01:40.979 D/RILJ    ( 3720): [0334]< SIGNAL_STRENGTH SignalStrength: 0 0 0 0 0 0 0 0 0 0 0 0 0 gsm|lte [SUB1]
07-06 04:02:01.004 D/RILJ    ( 3720): [0335]> SIGNAL_STRENGTH [SUB1]
07-06 04:02:01.008 D/RILJ    ( 3720): [0335]< SIGNAL_STRENGTH SignalStrength: 0 0 0 0 0 0 0 0 0 0 0 0 0 gsm|lte [SUB1]
07-06 04:02:07.457 D/QtiSubscriptionController( 3720): getPhoneId, received dummy subId 2147483643
07-06 04:02:21.033 D/RILJ    ( 3720): [0336]> SIGNAL_STRENGTH [SUB1]
07-06 04:02:21.037 D/RILJ    ( 3720): [0336]< SIGNAL_STRENGTH SignalStrength: 0 0 0 0 0 0 0 0 0 0 0 0 0 gsm|lte [SUB1]
07-06 04:02:41.062 D/RILJ    ( 3720): [0337]> SIGNAL_STRENGTH [SUB1]
07-06 04:02:41.067 D/RILJ    ( 3720): [0337]< SIGNAL_STRENGTH SignalStrength: 0 0 0 0 0 0 0 0 0 0 0 0 0 gsm|lte [SUB1]
07-06 04:03:01.091 D/RILJ    ( 3720): [0338]> SIGNAL_STRENGTH [SUB1]
07-06 04:03:01.094 D/RILJ    ( 3720): [0338]< SIGNAL_STRENGTH SignalStrength: 0 0 0 0 0 0 0 0 0 0 0 0 0 gsm|lte [SUB1]
07-06 04:03:21.118 D/RILJ    ( 3720): [0339]> SIGNAL_STRENGTH [SUB1]
07-06 04:03:21.121 D/RILJ    ( 3720): [0339]< SIGNAL_STRENGTH SignalStrength: 0 0 0 0 0 0 0 0 0 0 0 0 0 gsm|lte [SUB1]
07-06 04:03:41.145 D/RILJ    ( 3720): [0340]> SIGNAL_STRENGTH [SUB1]
07-06 04:03:41.148 D/RILJ    ( 3720): [0340]< SIGNAL_STRENGTH SignalStrength: 0 0 0 0 0 0 0 0 0 0 0 0 0 gsm|lte [SUB1]
07-06 04:04:01.173 D/RILJ    ( 3720): [0341]> SIGNAL_STRENGTH [SUB1]
07-06 04:04:01.177 D/RILJ    ( 3720): [0341]< SIGNAL_STRENGTH SignalStrength: 0 0 0 0 0 0 0 0 0 0 0 0 0 gsm|lte [SUB1]
07-06 04:04:07.522 D/QtiSubscriptionController( 3720): getPhoneId, received dummy subId 2147483643
07-06 04:04:21.202 D/RILJ    ( 3720): [0342]> SIGNAL_STRENGTH [SUB1]
07-06 04:04:21.207 D/RILJ    ( 3720): [0342]< SIGNAL_STRENGTH SignalStrength: 0 0 0 0 0 0 0 0 0 0 0 0 0 gsm|lte [SUB1]
07-06 04:04:41.231 D/RILJ    ( 3720): [0343]> SIGNAL_STRENGTH [SUB1]
07-06 04:04:41.235 D/RILJ    ( 3720): [0343]< SIGNAL_STRENGTH SignalStrength: 0 0 0 0 0 0 0 0 0 0 0 0 0 gsm|lte [SUB1]
07-06 04:05:01.259 D/RILJ    ( 3720): [0344]> SIGNAL_STRENGTH [SUB1]
07-06 04:05:01.262 D/RILJ    ( 3720): [0344]< SIGNAL_STRENGTH SignalStrength: 0 0 0 0 0 0 0 0 0 0 0 0 0 gsm|lte [SUB1]
07-06 04:05:21.286 D/RILJ    ( 3720): [0345]> SIGNAL_STRENGTH [SUB1]
07-06 04:05:21.290 D/RILJ    ( 3720): [0345]< SIGNAL_STRENGTH SignalStrength: 0 0 0 0 0 0 0 0 0 0 0 0 0 gsm|lte [SUB1]
07-06 04:05:41.315 D/RILJ    ( 3720): [0346]> SIGNAL_STRENGTH [SUB1]
07-06 04:05:41.317 D/RILJ    ( 3720): [0346]< SIGNAL_STRENGTH SignalStrength: 0 0 0 0 0 0 0 0 0 0 0 0 0 gsm|lte [SUB1]
07-06 04:06:01.341 D/RILJ    ( 3720): [0347]> SIGNAL_STRENGTH [SUB1]
07-06 04:06:01.346 D/RILJ    ( 3720): [0347]< SIGNAL_STRENGTH SignalStrength: 0 0 0 0 0 0 0 0 0 0 0 0 0 gsm|lte [SUB1]
07-06 04:06:07.616 D/QtiSubscriptionController( 3720): getPhoneId, received dummy subId 2147483643
07-06 04:06:21.372 D/RILJ    ( 3720): [0348]> SIGNAL_STRENGTH [SUB1]
07-06 04:06:21.376 D/RILJ    ( 3720): [0348]< SIGNAL_STRENGTH SignalStrength: 0 0 0 0 0 0 0 0 0 0 0 0 0 gsm|lte [SUB1]
07-06 04:06:41.401 D/RILJ    ( 3720): [0349]> SIGNAL_STRENGTH [SUB1]
07-06 04:06:41.405 D/RILJ    ( 3720): [0349]< SIGNAL_STRENGTH SignalStrength: 0 0 0 0 0 0 0 0 0 0 0 0 0 gsm|lte [SUB1]
07-06 04:06:51.101 D/SubscriptionController( 3720): [getActiveSubInfoList] Sub Controller not ready
07-06 04:06:51.102 D/SubscriptionController( 3720): [getActiveSubscriptionInfoForSimSlotIndex]+ subList=null
07-06 04:07:01.421 D/RILJ    ( 3720): [0350]> SIGNAL_STRENGTH [SUB1]
07-06 04:07:01.425 D/RILJ    ( 3720): [0350]< SIGNAL_STRENGTH SignalStrength: 0 0 0 0 0 0 0 0 0 0 0 0 0 gsm|lte [SUB1]
07-06 04:07:21.451 D/RILJ    ( 3720): [0351]> SIGNAL_STRENGTH [SUB1]
07-06 04:07:21.455 D/RILJ    ( 3720): [0351]< SIGNAL_STRENGTH SignalStrength: 0 0 0 0 0 0 0 0 0 0 0 0 0 gsm|lte [SUB1]
07-06 04:07:41.479 D/RILJ    ( 3720): [0352]> SIGNAL_STRENGTH [SUB1]
07-06 04:07:41.483 D/RILJ    ( 3720): [0352]< SIGNAL_STRENGTH SignalStrength: 0 0 0 0 0 0 0 0 0 0 0 0 0 gsm|lte [SUB1]
07-06 04:08:01.509 D/RILJ    ( 3720): [0353]> SIGNAL_STRENGTH [SUB1]
07-06 04:08:01.513 D/RILJ    ( 3720): [0353]< SIGNAL_STRENGTH SignalStrength: 0 0 0 0 0 0 0 0 0 0 0 0 0 gsm|lte [SUB1]
07-06 04:08:07.698 D/QtiSubscriptionController( 3720): getPhoneId, received dummy subId 2147483643
07-06 04:08:21.539 D/RILJ    ( 3720): [0354]> SIGNAL_STRENGTH [SUB1]
07-06 04:08:21.543 D/RILJ    ( 3720): [0354]< SIGNAL_STRENGTH SignalStrength: 0 0 0 0 0 0 0 0 0 0 0 0 0 gsm|lte [SUB1]
07-06 04:08:41.568 D/RILJ    ( 3720): [0355]> SIGNAL_STRENGTH [SUB1]
07-06 04:08:41.572 D/RILJ    ( 3720): [0355]< SIGNAL_STRENGTH SignalStrength: 0 0 0 0 0 0 0 0 0 0 0 0 0 gsm|lte [SUB1]
07-06 04:09:01.597 D/RILJ    ( 3720): [0356]> SIGNAL_STRENGTH [SUB1]
07-06 04:09:01.601 D/RILJ    ( 3720): [0356]< SIGNAL_STRENGTH SignalStrength: 0 0 0 0 0 0 0 0 0 0 0 0 0 gsm|lte [SUB1]
07-06 04:09:21.626 D/RILJ    ( 3720): [0357]> SIGNAL_STRENGTH [SUB1]
07-06 04:09:21.630 D/RILJ    ( 3720): [0357]< SIGNAL_STRENGTH SignalStrength: 0 0 0 0 0 0 0 0 0 0 0 0 0 gsm|lte [SUB1]
07-06 04:09:41.655 D/RILJ    ( 3720): [0358]> SIGNAL_STRENGTH [SUB1]
07-06 04:09:41.660 D/RILJ    ( 3720): [0358]< SIGNAL_STRENGTH SignalStrength: 0 0 0 0 0 0 0 0 0 0 0 0 0 gsm|lte [SUB1]
07-06 04:10:01.685 D/RILJ    ( 3720): [0359]> SIGNAL_STRENGTH [SUB1]
07-06 04:10:01.688 D/RILJ    ( 3720): [0359]< SIGNAL_STRENGTH SignalStrength: 0 0 0 0 0 0 0 0 0 0 0 0 0 gsm|lte [SUB1]
07-06 04:10:07.782 D/QtiSubscriptionController( 3720): getPhoneId, received dummy subId 2147483643
07-06 04:10:21.713 D/RILJ    ( 3720): [0360]> SIGNAL_STRENGTH [SUB1]
07-06 04:10:21.717 D/RILJ    ( 3720): [0360]< SIGNAL_STRENGTH SignalStrength: 0 0 0 0 0 0 0 0 0 0 0 0 0 gsm|lte [SUB1]
07-06 04:10:41.743 D/RILJ    ( 3720): [0361]> SIGNAL_STRENGTH [SUB1]
07-06 04:10:41.747 D/RILJ    ( 3720): [0361]< SIGNAL_STRENGTH SignalStrength: 0 0 0 0 0 0 0 0 0 0 0 0 0 gsm|lte [SUB1]
07-06 04:11:01.772 D/RILJ    ( 3720): [0362]> SIGNAL_STRENGTH [SUB1]
07-06 04:11:01.776 D/RILJ    ( 3720): [0362]< SIGNAL_STRENGTH SignalStrength: 0 0 0 0 0 0 0 0 0 0 0 0 0 gsm|lte [SUB1]
07-06 04:11:21.799 D/RILJ    ( 3720): [0363]> SIGNAL_STRENGTH [SUB1]
07-06 04:11:21.802 D/RILJ    ( 3720): [0363]< SIGNAL_STRENGTH SignalStrength: 0 0 0 0 0 0 0 0 0 0 0 0 0 gsm|lte [SUB1]
07-06 04:11:41.827 D/RILJ    ( 3720): [0364]> SIGNAL_STRENGTH [SUB1]
07-06 04:11:41.831 D/RILJ    ( 3720): [0364]< SIGNAL_STRENGTH SignalStrength: 0 0 0 0 0 0 0 0 0 0 0 0 0 gsm|lte [SUB1]
07-06 04:12:01.856 D/RILJ    ( 3720): [0365]> SIGNAL_STRENGTH [SUB1]
07-06 04:12:01.860 D/RILJ    ( 3720): [0365]< SIGNAL_STRENGTH SignalStrength: 0 0 0 0 0 0 0 0 0 0 0 0 0 gsm|lte [SUB1]
07-06 04:12:07.855 D/QtiSubscriptionController( 3720): getPhoneId, received dummy subId 2147483643
07-06 04:12:21.884 D/RILJ    ( 3720): [0366]> SIGNAL_STRENGTH [SUB1]
07-06 04:12:21.887 D/RILJ    ( 3720): [0366]< SIGNAL_STRENGTH SignalStrength: 0 0 0 0 0 0 0 0 0 0 0 0 0 gsm|lte [SUB1]
07-06 04:12:41.911 D/RILJ    ( 3720): [0367]> SIGNAL_STRENGTH [SUB1]
07-06 04:12:41.917 D/RILJ    ( 3720): [0367]< SIGNAL_STRENGTH SignalStrength: 0 0 0 0 0 0 0 0 0 0 0 0 0 gsm|lte [SUB1]
07-06 04:13:01.941 D/RILJ    ( 3720): [0368]> SIGNAL_STRENGTH [SUB1]
07-06 04:13:01.945 D/RILJ    ( 3720): [0368]< SIGNAL_STRENGTH SignalStrength: 0 0 0 0 0 0 0 0 0 0 0 0 0 gsm|lte [SUB1]
07-06 04:13:17.931 D/RILJ    ( 3720): [0369]> RIL_REQUEST_GET_ACTIVITY_INFO [SUB0]
07-06 04:13:17.936 D/RILJ    ( 3720): Modem activity info received: sleepModeTimeMs=153066398 idleModeTimeMs=-151275999 txModeTimeMs[]=[0, 0, 0, 0, 0] rxModeTimeMs=9603 [SUB0]
07-06 04:13:17.936 D/RILJ    ( 3720): [0369]< RIL_REQUEST_GET_ACTIVITY_INFO ModemActivityInfo{ mTimestamp=154592596 mSleepTimeMs=153066398 mIdleTimeMs=-151275999 mTxTimeMs[]=[0, 0, 0, 0, 0] mRxTimeMs=9603 mEnergyUsed=0} [SUB0]
07-06 04:13:21.954 D/RILJ    ( 3720): [0370]> SIGNAL_STRENGTH [SUB1]
07-06 04:13:21.957 D/RILJ    ( 3720): [0370]< SIGNAL_STRENGTH SignalStrength: 0 0 0 0 0 0 0 0 0 0 0 0 0 gsm|lte [SUB1]
07-06 04:13:41.981 D/RILJ    ( 3720): [0371]> SIGNAL_STRENGTH [SUB1]
07-06 04:13:41.984 D/RILJ    ( 3720): [0371]< SIGNAL_STRENGTH SignalStrength: 0 0 0 0 0 0 0 0 0 0 0 0 0 gsm|lte [SUB1]
07-06 04:14:02.007 D/RILJ    ( 3720): [0372]> SIGNAL_STRENGTH [SUB1]
07-06 04:14:02.011 D/RILJ    ( 3720): [0372]< SIGNAL_STRENGTH SignalStrength: 0 0 0 0 0 0 0 0 0 0 0 0 0 gsm|lte [SUB1]
07-06 04:14:07.923 D/QtiSubscriptionController( 3720): getPhoneId, received dummy subId 2147483643
07-06 04:14:22.027 D/RILJ    ( 3720): [0373]> SIGNAL_STRENGTH [SUB1]
07-06 04:14:22.030 D/RILJ    ( 3720): [0373]< SIGNAL_STRENGTH SignalStrength: 0 0 0 0 0 0 0 0 0 0 0 0 0 gsm|lte [SUB1]
07-06 04:14:42.054 D/RILJ    ( 3720): [0374]> SIGNAL_STRENGTH [SUB1]
07-06 04:14:42.058 D/RILJ    ( 3720): [0374]< SIGNAL_STRENGTH SignalStrength: 0 0 0 0 0 0 0 0 0 0 0 0 0 gsm|lte [SUB1]
07-06 04:15:02.082 D/RILJ    ( 3720): [0375]> SIGNAL_STRENGTH [SUB1]
07-06 04:15:02.086 D/RILJ    ( 3720): [0375]< SIGNAL_STRENGTH SignalStrength: 0 0 0 0 0 0 0 0 0 0 0 0 0 gsm|lte [SUB1]
07-06 04:15:22.111 D/RILJ    ( 3720): [0376]> SIGNAL_STRENGTH [SUB1]
07-06 04:15:22.115 D/RILJ    ( 3720): [0376]< SIGNAL_STRENGTH SignalStrength: 0 0 0 0 0 0 0 0 0 0 0 0 0 gsm|lte [SUB1]
07-06 04:15:42.141 D/RILJ    ( 3720): [0377]> SIGNAL_STRENGTH [SUB1]
07-06 04:15:42.145 D/RILJ    ( 3720): [0377]< SIGNAL_STRENGTH SignalStrength: 0 0 0 0 0 0 0 0 0 0 0 0 0 gsm|lte [SUB1]
07-06 04:16:02.170 D/RILJ    ( 3720): [0378]> SIGNAL_STRENGTH [SUB1]
07-06 04:16:02.174 D/RILJ    ( 3720): [0378]< SIGNAL_STRENGTH SignalStrength: 0 0 0 0 0 0 0 0 0 0 0 0 0 gsm|lte [SUB1]
07-06 04:16:08.012 D/QtiSubscriptionController( 3720): getPhoneId, received dummy subId 2147483643
07-06 04:16:22.200 D/RILJ    ( 3720): [0379]> SIGNAL_STRENGTH [SUB1]
07-06 04:16:22.204 D/RILJ    ( 3720): [0379]< SIGNAL_STRENGTH SignalStrength: 0 0 0 0 0 0 0 0 0 0 0 0 0 gsm|lte [SUB1]
07-06 04:16:42.229 D/RILJ    ( 3720): [0380]> SIGNAL_STRENGTH [SUB1]
07-06 04:16:42.233 D/RILJ    ( 3720): [0380]< SIGNAL_STRENGTH SignalStrength: 0 0 0 0 0 0 0 0 0 0 0 0 0 gsm|lte [SUB1]
07-06 04:16:51.100 D/RILJ    ( 3720): [0381]> RIL_REQUEST_GET_ACTIVITY_INFO [SUB0]
07-06 04:16:51.113 D/RILJ    ( 3720): Modem activity info received: sleepModeTimeMs=153277793 idleModeTimeMs=-153066117 txModeTimeMs[]=[0, 0, 0, 0, 0] rxModeTimeMs=1501 [SUB0]
07-06 04:16:51.113 D/RILJ    ( 3720): [0381]< RIL_REQUEST_GET_ACTIVITY_INFO ModemActivityInfo{ mTimestamp=154805773 mSleepTimeMs=153277793 mIdleTimeMs=-153066117 mTxTimeMs[]=[0, 0, 0, 0, 0] mRxTimeMs=1501 mEnergyUsed=0} [SUB0]
07-06 04:16:51.149 D/SubscriptionController( 3720): [getActiveSubInfoList] Sub Controller not ready
07-06 04:16:51.150 D/SubscriptionController( 3720): [getActiveSubscriptionInfoForSimSlotIndex]+ subList=null
07-06 04:17:02.248 D/RILJ    ( 3720): [0382]> SIGNAL_STRENGTH [SUB1]
07-06 04:17:02.252 D/RILJ    ( 3720): [0382]< SIGNAL_STRENGTH SignalStrength: 0 0 0 0 0 0 0 0 0 0 0 0 0 gsm|lte [SUB1]
07-06 04:17:22.277 D/RILJ    ( 3720): [0383]> SIGNAL_STRENGTH [SUB1]
07-06 04:17:22.281 D/RILJ    ( 3720): [0383]< SIGNAL_STRENGTH SignalStrength: 0 0 0 0 0 0 0 0 0 0 0 0 0 gsm|lte [SUB1]
07-06 04:17:42.306 D/RILJ    ( 3720): [0384]> SIGNAL_STRENGTH [SUB1]
07-06 04:17:42.311 D/RILJ    ( 3720): [0384]< SIGNAL_STRENGTH SignalStrength: 0 0 0 0 0 0 0 0 0 0 0 0 0 gsm|lte [SUB1]
07-06 04:18:02.336 D/RILJ    ( 3720): [0385]> SIGNAL_STRENGTH [SUB1]
07-06 04:18:02.340 D/RILJ    ( 3720): [0385]< SIGNAL_STRENGTH SignalStrength: 0 0 0 0 0 0 0 0 0 0 0 0 0 gsm|lte [SUB1]
07-06 04:18:08.100 D/QtiSubscriptionController( 3720): getPhoneId, received dummy subId 2147483643
07-06 04:18:16.358 D/SubscriptionController( 3720): [getActiveSubInfoList] Sub Controller not ready
07-06 04:18:16.358 D/SubscriptionController( 3720): [getActiveSubscriptionInfoForSimSlotIndex]+ subList=null
07-06 04:18:22.351 D/RILJ    ( 3720): [0386]> SIGNAL_STRENGTH [SUB1]
07-06 04:18:22.355 D/RILJ    ( 3720): [0386]< SIGNAL_STRENGTH SignalStrength: 0 0 0 0 0 0 0 0 0 0 0 0 0 gsm|lte [SUB1]
07-06 04:18:42.380 D/RILJ    ( 3720): [0387]> SIGNAL_STRENGTH [SUB1]
07-06 04:18:42.384 D/RILJ    ( 3720): [0387]< SIGNAL_STRENGTH SignalStrength: 0 0 0 0 0 0 0 0 0 0 0 0 0 gsm|lte [SUB1]
07-06 04:19:02.409 D/RILJ    ( 3720): [0388]> SIGNAL_STRENGTH [SUB1]
07-06 04:19:02.413 D/RILJ    ( 3720): [0388]< SIGNAL_STRENGTH SignalStrength: 0 0 0 0 0 0 0 0 0 0 0 0 0 gsm|lte [SUB1]
07-06 04:19:22.437 D/RILJ    ( 3720): [0389]> SIGNAL_STRENGTH [SUB1]
07-06 04:19:22.440 D/RILJ    ( 3720): [0389]< SIGNAL_STRENGTH SignalStrength: 0 0 0 0 0 0 0 0 0 0 0 0 0 gsm|lte [SUB1]
07-06 04:19:42.463 D/RILJ    ( 3720): [0390]> SIGNAL_STRENGTH [SUB1]
07-06 04:19:42.466 D/RILJ    ( 3720): [0390]< SIGNAL_STRENGTH SignalStrength: 0 0 0 0 0 0 0 0 0 0 0 0 0 gsm|lte [SUB1]
07-06 04:20:02.490 D/RILJ    ( 3720): [0391]> SIGNAL_STRENGTH [SUB1]
07-06 04:20:02.494 D/RILJ    ( 3720): [0391]< SIGNAL_STRENGTH SignalStrength: 0 0 0 0 0 0 0 0 0 0 0 0 0 gsm|lte [SUB1]
07-06 04:20:08.173 D/QtiSubscriptionController( 3720): getPhoneId, received dummy subId 2147483643
07-06 04:20:22.521 D/RILJ    ( 3720): [0392]> SIGNAL_STRENGTH [SUB1]
07-06 04:20:22.525 D/RILJ    ( 3720): [0392]< SIGNAL_STRENGTH SignalStrength: 0 0 0 0 0 0 0 0 0 0 0 0 0 gsm|lte [SUB1]
07-06 04:20:42.548 D/RILJ    ( 3720): [0393]> SIGNAL_STRENGTH [SUB1]
07-06 04:20:42.552 D/RILJ    ( 3720): [0393]< SIGNAL_STRENGTH SignalStrength: 0 0 0 0 0 0 0 0 0 0 0 0 0 gsm|lte [SUB1]
07-06 04:21:02.578 D/RILJ    ( 3720): [0394]> SIGNAL_STRENGTH [SUB1]
07-06 04:21:02.583 D/RILJ    ( 3720): [0394]< SIGNAL_STRENGTH SignalStrength: 0 0 0 0 0 0 0 0 0 0 0 0 0 gsm|lte [SUB1]
07-06 04:21:22.609 D/RILJ    ( 3720): [0395]> SIGNAL_STRENGTH [SUB1]
07-06 04:21:22.613 D/RILJ    ( 3720): [0395]< SIGNAL_STRENGTH SignalStrength: 0 0 0 0 0 0 0 0 0 0 0 0 0 gsm|lte [SUB1]
07-06 04:21:42.638 D/RILJ    ( 3720): [0396]> SIGNAL_STRENGTH [SUB1]
07-06 04:21:42.641 D/RILJ    ( 3720): [0396]< SIGNAL_STRENGTH SignalStrength: 0 0 0 0 0 0 0 0 0 0 0 0 0 gsm|lte [SUB1]
07-06 04:22:02.665 D/RILJ    ( 3720): [0397]> SIGNAL_STRENGTH [SUB1]
