07-04 09:16:52.809 D/RILD    (  590): **RIL Daemon Started**
07-04 09:16:52.809 D/RILD    (  653): **RIL Daemon Started**
07-04 09:16:52.809 D/RILD    (  590): **RILd param count=1**
07-04 09:16:52.809 D/RILD    (  653): **RILd param count=3**
07-04 09:16:53.508 I/chatty  (  590): uid=1001(radio) /system/bin/rild expire 13 lines
07-04 09:16:53.600 I/chatty  (  590): uid=1001(radio) /system/bin/rild expire 3 lines
07-04 09:16:53.614 I/chatty  (  653): uid=1001(radio) /system/bin/rild expire 14 lines
07-04 09:16:53.695 I/chatty  (  653): uid=1001(radio) /system/bin/rild expire 3 lines
07-04 09:16:53.700 I/chatty  (  653): uid=1001(radio) /system/bin/rild expire 3 lines
07-04 09:16:54.766 I/chatty  (  590): uid=1001(radio) /system/bin/rild expire 22 lines
07-04 09:16:54.852 I/chatty  (  590): uid=1001(radio) /system/bin/rild expire 2 lines
07-04 09:16:56.209 D/TelephonyManager(  576): No /proc/cmdline exception=java.io.FileNotFoundException: /proc/cmdline (Permission denied)
07-04 09:16:56.209 D/TelephonyManager(  576): /proc/cmdline=
07-04 09:16:56.217 D/TelephonyManager(  575): No /proc/cmdline exception=java.io.FileNotFoundException: /proc/cmdline (Permission denied)
07-04 09:16:56.217 D/TelephonyManager(  575): /proc/cmdline=
07-04 09:17:01.481 D/TelephonyRegistry( 3248): listen oscl: hasNotifySubscriptionInfoChangedOccurred==false no callback
07-04 09:17:01.607 D/TelephonyRegistry( 3248): listen oscl: hasNotifySubscriptionInfoChangedOccurred==false no callback
07-04 09:17:01.630 D/TelephonyRegistry( 3248): listen oscl: hasNotifySubscriptionInfoChangedOccurred==false no callback
07-04 09:17:01.668 D/TelephonyRegistry( 3248): systemRunning register for intents
07-04 09:17:01.881 I/chatty  ( 3720): uid=1001(radio) com.android.phone expire 134 lines
07-04 09:17:01.903 I/chatty  (  590): uid=1001(radio) /system/bin/rild expire 2 lines
07-04 09:17:01.903 I/chatty  ( 3720): uid=1001(radio) RILReceiver0 expire 23 lines
07-04 09:17:01.912 I/chatty  ( 3720): uid=1001(radio) RILReceiver1 expire 22 lines
07-04 09:17:01.960 D/TelephonyRegistry( 3248): notifyCellLocationForSubscriber: subId=0 cellLocation=Bundle[{cid=-1, lac=-1, psc=-1}]
07-04 09:17:01.961 I/chatty  ( 3720): uid=1001(radio) Binder:3720_1 expire 2 lines
07-04 09:17:01.961 D/TelephonyRegistry( 3248): notifyCellLocationForSubscriber: subId=1 cellLocation=Bundle[{cid=-1, lac=-1, psc=-1}]
07-04 09:17:01.962 I/chatty  ( 3720): uid=1001(radio) Binder:3720_2 expire 1 line
07-04 09:17:01.984 I/chatty  ( 3720): uid=1001(radio) GsmInboundSmsHa expire 5 lines
07-04 09:17:01.984 I/chatty  ( 3720): uid=1001(radio) CdmaInboundSmsH expire 5 lines
07-04 09:17:02.009 D/TelephonyRegistry( 3248): listen oscl: hasNotifySubscriptionInfoChangedOccurred==false no callback
07-04 09:17:02.024 D/TelephonyRegistry( 3248): listen oscl: hasNotifySubscriptionInfoChangedOccurred==false no callback
07-04 09:17:02.027 I/chatty  ( 3720): uid=1001(radio) DcHandlerThread expire 1 line
07-04 09:17:02.097 I/chatty  ( 3720): uid=1001(radio) com.android.phone expire 203 lines
07-04 09:17:02.099 I/chatty  ( 3720): uid=1001(radio) GsmInboundSmsHa expire 5 lines
07-04 09:17:02.100 I/chatty  ( 3720): uid=1001(radio) CdmaInboundSmsH expire 5 lines
07-04 09:17:02.106 I/chatty  ( 3720): uid=1001(radio) RILReceiver0 expire 23 lines
07-04 09:17:02.109 I/chatty  ( 3720): uid=1001(radio) RILReceiver1 expire 9 lines
07-04 09:17:02.110 D/TelephonyRegistry( 3248): listen oscl: hasNotifySubscriptionInfoChangedOccurred==false no callback
07-04 09:17:02.111 I/chatty  ( 3720): uid=1001(radio) Binder:3720_1 expire 4 lines
07-04 09:17:02.124 D/TelephonyRegistry( 3248): listen oscl: hasNotifySubscriptionInfoChangedOccurred==false no callback
07-04 09:17:02.127 I/chatty  ( 3720): uid=1001(radio) DcHandlerThread expire 1 line
07-04 09:17:02.204 D/TelephonyRegistry( 3248): listen oscl: hasNotifySubscriptionInfoChangedOccurred==false no callback
07-04 09:17:02.208 I/chatty  ( 3720): uid=1001(radio) Binder:3720_2 expire 4 lines
07-04 09:17:02.227 D/TelephonyRegistry( 3248): listen oscl: hasNotifySubscriptionInfoChangedOccurred==false no callback
07-04 09:17:02.230 D/TelephonyRegistry( 3248): listen oscl: hasNotifySubscriptionInfoChangedOccurred==false no callback
07-04 09:17:02.251 D/TelephonyRegistry( 3248): listen oscl: hasNotifySubscriptionInfoChangedOccurred==false no callback
07-04 09:17:02.263 D/TelephonyRegistry( 3248): listen oscl: hasNotifySubscriptionInfoChangedOccurred==false no callback
07-04 09:17:02.284 D/TelephonyRegistry( 3248): listen oscl: hasNotifySubscriptionInfoChangedOccurred==false no callback
07-04 09:17:02.302 I/chatty  ( 3720): uid=1001(radio) Binder:3720_3 expire 1 line
07-04 09:17:02.342 I/chatty  ( 3720): uid=1001(radio) com.android.phone expire 229 lines
07-04 09:17:02.402 I/chatty  ( 3720): uid=1001(radio) RILReceiver1 expire 20 lines
07-04 09:17:02.408 I/chatty  ( 3720): uid=1001(radio) RILReceiver0 expire 15 lines
07-04 09:17:02.469 I/chatty  ( 3720): uid=1001(radio) com.android.phone expire 211 lines
07-04 09:17:02.481 I/chatty  ( 3720): uid=1001(radio) Binder:3720_1 expire 6 lines
07-04 09:17:02.520 I/chatty  ( 3720): uid=1001(radio) RILReceiver1 expire 8 lines
07-04 09:17:02.521 D/TelephonyRegistry( 3248): listen oscl: hasNotifySubscriptionInfoChangedOccurred==false no callback
07-04 09:17:02.525 D/TelephonyRegistry( 3248): notifySubscriptionInfoChanged: first invocation mRecords.size=18
07-04 09:17:02.527 I/chatty  ( 3720): uid=1001(radio) Binder:3720_4 expire 5 lines
07-04 09:17:02.530 I/chatty  ( 3720): uid=1001(radio) Binder:3720_3 expire 8 lines
07-04 09:17:02.534 I/chatty  ( 3720): uid=1001(radio) Binder:3720_2 expire 5 lines
07-04 09:17:02.616 I/chatty  ( 3720): uid=1001(radio) Binder:3720_5 expire 12 lines
07-04 09:17:02.635 I/chatty  ( 3720): uid=1001(radio) com.android.phone expire 204 lines
07-04 09:17:02.721 I/chatty  ( 3720): uid=1001(radio) Binder:3720_2 expire 9 lines
07-04 09:17:02.725 I/chatty  ( 3720): uid=1001(radio) Binder:3720_1 expire 10 lines
07-04 09:17:02.746 I/chatty  ( 3720): uid=1001(radio) Binder:3720_3 expire 11 lines
07-04 09:17:02.750 I/chatty  ( 3720): uid=1001(radio) Binder:3720_4 expire 15 lines
07-04 09:17:02.850 I/chatty  ( 3720): uid=1001(radio) com.android.phone expire 222 lines
07-04 09:17:02.852 I/chatty  ( 3720): uid=1001(radio) Binder:3720_2 expire 5 lines
07-04 09:17:02.853 I/chatty  ( 3720): uid=1001(radio) Binder:3720_5 expire 7 lines
07-04 09:17:02.855 I/chatty  ( 3720): uid=1001(radio) Binder:3720_1 expire 4 lines
07-04 09:17:02.855 I/chatty  ( 3720): uid=1001(radio) Binder:3720_3 expire 4 lines
07-04 09:17:03.413 I/chatty  ( 3720): uid=1001(radio) com.android.phone expire 2 lines
07-04 09:17:03.416 I/chatty  ( 3720): uid=1001(radio) com.android.phone expire 3 lines
07-04 09:17:03.434 I/chatty  ( 3720): uid=1001(radio) org.codeaurora. expire 3 lines
07-04 09:17:03.788 I/chatty  ( 3720): uid=1001(radio) com.android.phone expire 2 lines
07-04 09:17:03.895 I/chatty  ( 3720): uid=1001(radio) Binder:3720_3 expire 20 lines
07-04 09:17:03.895 I/chatty  ( 3720): uid=1001(radio) Binder:3720_1 expire 21 lines
07-04 09:17:03.896 I/chatty  ( 3720): uid=1001(radio) Binder:3720_4 expire 17 lines
07-04 09:17:03.896 I/chatty  ( 3720): uid=1001(radio) Binder:3720_2 expire 14 lines
07-04 09:17:03.898 I/chatty  ( 3720): uid=1001(radio) Binder:3720_5 expire 18 lines
07-04 09:17:04.486 I/chatty  ( 3720): uid=1001(radio) com.android.phone expire 119 lines
07-04 09:17:04.968 I/chatty  ( 3720): uid=1001(radio) GsmCellBroadcas expire 1 line
07-04 09:17:04.975 I/chatty  ( 3720): uid=1001(radio) CellBroadcastHa expire 1 line
07-04 09:17:04.982 I/chatty  ( 3720): uid=1001(radio) CdmaServiceCate expire 1 line
07-04 09:17:05.089 I/chatty  ( 3720): uid=1001(radio) GsmCellBroadcas expire 1 line
07-04 09:17:05.097 I/chatty  ( 3720): uid=1001(radio) CellBroadcastHa expire 1 line
07-04 09:17:05.101 I/chatty  ( 3720): uid=1001(radio) CdmaServiceCate expire 1 line
07-04 09:17:05.648 I/chatty  ( 3720): uid=1001(radio) RILReceiver0 expire 13 lines
07-04 09:17:05.652 I/chatty  ( 3720): uid=1001(radio) RILReceiver1 expire 8 lines
07-04 09:17:05.986 D/TelephonyManager( 3248): getCellLocation returning null due to NullPointerException java.lang.NullPointerException: Attempt to invoke virtual method 'boolean android.os.Bundle.isEmpty()' on a null object reference
07-04 09:17:06.880 I/chatty  ( 3720): uid=1001(radio) com.android.phone expire 2 lines
07-04 09:17:06.883 I/chatty  ( 3720): uid=1001(radio) com.android.phone expire 3 lines
07-04 09:17:06.918 I/chatty  ( 3720): uid=1001(radio) com.android.phone expire 2 lines
07-04 09:17:06.920 I/chatty  ( 3720): uid=1001(radio) com.android.phone expire 3 lines
07-04 09:17:07.612 I/chatty  ( 3720): uid=1001(radio) Stk App Service expire 5 lines
07-04 09:17:12.907 I/chatty  ( 3720): uid=1001(radio) com.android.phone expire 1 line
07-04 09:17:12.909 I/chatty  ( 3720): uid=1001(radio) org.codeaurora. expire 3 lines
07-04 09:17:12.912 I/chatty  ( 3720): uid=1001(radio) RILReceiver0 expire 14 lines
07-04 09:17:12.912 I/chatty  ( 3720): uid=1001(radio) com.android.phone expire 135 lines
07-04 09:17:12.924 I/chatty  ( 3720): uid=1001(radio) Binder:3720_3 expire 16 lines
07-04 09:17:12.932 I/chatty  ( 3720): uid=1001(radio) Binder:3720_5 expire 17 lines
07-04 09:17:12.932 I/chatty  ( 3720): uid=1001(radio) Binder:3720_1 expire 14 lines
07-04 09:17:12.935 I/chatty  ( 3720): uid=1001(radio) Binder:3720_4 expire 15 lines
07-04 09:17:12.936 I/chatty  ( 3720): uid=1001(radio) Binder:3720_2 expire 11 lines
07-04 09:17:12.945 I/chatty  ( 3720): uid=1001(radio) Binder:3720_6 expire 10 lines
07-04 09:17:12.953 I/chatty  ( 3720): uid=1001(radio) Binder:3720_7 expire 16 lines
07-04 09:17:12.956 D/TelephonyRegistry( 3248): notifyCellLocationForSubscriber: subId=2147483643 cellLocation=Bundle[mParcelledData.dataSize=64]
07-04 09:17:12.965 D/TelephonyManager( 3248): getCellLocation returning null due to NullPointerException java.lang.NullPointerException: Attempt to invoke virtual method 'boolean android.os.Bundle.isEmpty()' on a null object reference
07-04 09:17:13.001 I/chatty  ( 3720): uid=1001(radio) com.android.phone expire 1 line
07-04 09:17:13.018 I/chatty  ( 3720): uid=1001(radio) com.android.phone expire 1 line
07-04 09:17:18.315 D/TelephonyManager( 5525): getCellLocation returning null due to NullPointerException java.lang.NullPointerException: Attempt to invoke virtual method 'boolean android.os.Bundle.isEmpty()' on a null object reference
07-04 09:17:18.329 I/chatty  ( 3720): uid=1001(radio) RILReceiver1 expire 7 lines
07-04 09:19:10.899 I/chatty  ( 3720): uid=1001(radio) Binder:3720_7 expire 5 lines
07-04 09:19:10.915 I/chatty  ( 3720): uid=1001(radio) Binder:3720_1 expire 2 lines
07-04 09:19:10.920 I/chatty  ( 3720): uid=1001(radio) Binder:3720_2 expire 8 lines
07-04 09:19:10.929 I/chatty  ( 3720): uid=1001(radio) Binder:3720_3 expire 6 lines
07-04 09:19:16.421 I/chatty  ( 3720): uid=1001(radio) Binder:3720_6 expire 1 line
07-04 09:19:42.500 I/chatty  ( 3720): uid=1001(radio) com.android.phone expire 15 lines
07-04 09:21:15.927 I/chatty  ( 3720): uid=1001(radio) RILReceiver0 expire 36 lines
07-04 09:21:15.942 D/TelephonyRegistry( 3248): notifyCellLocationForSubscriber: subId=2147483643 cellLocation=Bundle[mParcelledData.dataSize=64]
07-04 09:21:15.943 I/chatty  ( 3720): uid=1001(radio) com.android.phone expire 43 lines
07-04 09:21:15.951 D/TelephonyManager( 3248): getCellLocation returning null due to NullPointerException java.lang.NullPointerException: Attempt to invoke virtual method 'boolean android.os.Bundle.isEmpty()' on a null object reference
07-04 09:35:38.148 D/TelephonyRegistry( 3248): notifyCellLocationForSubscriber: subId=2147483643 cellLocation=Bundle[mParcelledData.dataSize=64]
07-04 09:35:38.149 I/chatty  ( 3720): uid=1001(radio) com.android.phone expire 15 lines
07-04 09:35:38.155 D/TelephonyManager( 3248): getCellLocation returning null due to NullPointerException java.lang.NullPointerException: Attempt to invoke virtual method 'boolean android.os.Bundle.isEmpty()' on a null object reference
07-04 09:35:38.157 I/chatty  ( 3720): uid=1001(radio) Binder:3720_5 expire 2 lines
07-04 09:35:49.003 I/chatty  ( 3720): uid=1001(radio) RILReceiver0 expire 26 lines
07-04 09:35:49.018 D/TelephonyRegistry( 3248): notifyCellLocationForSubscriber: subId=2147483643 cellLocation=Bundle[mParcelledData.dataSize=64]
07-04 09:35:49.018 I/chatty  ( 3720): uid=1001(radio) com.android.phone expire 31 lines
07-04 09:35:49.024 I/chatty  ( 3720): uid=1001(radio) Binder:3720_4 expire 2 lines
07-04 09:35:49.025 D/TelephonyManager( 3248): getCellLocation returning null due to NullPointerException java.lang.NullPointerException: Attempt to invoke virtual method 'boolean android.os.Bundle.isEmpty()' on a null object reference
07-04 09:35:56.516 D/TelephonyRegistry( 3248): notifyCellLocationForSubscriber: subId=2147483643 cellLocation=Bundle[mParcelledData.dataSize=64]
07-04 09:35:56.523 D/TelephonyManager( 3248): getCellLocation returning null due to NullPointerException java.lang.NullPointerException: Attempt to invoke virtual method 'boolean android.os.Bundle.isEmpty()' on a null object reference
07-04 09:36:10.165 D/TelephonyRegistry( 3248): notifyCellLocationForSubscriber: subId=2147483643 cellLocation=Bundle[mParcelledData.dataSize=64]
07-04 09:36:10.166 I/chatty  ( 3720): uid=1001(radio) com.android.phone expire 35 lines
07-04 09:36:10.171 D/TelephonyManager( 3248): getCellLocation returning null due to NullPointerException java.lang.NullPointerException: Attempt to invoke virtual method 'boolean android.os.Bundle.isEmpty()' on a null object reference
07-04 09:40:58.688 I/chatty  ( 3720): uid=1001(radio) RILReceiver0 expire 28 lines
07-04 09:43:32.019 I/chatty  ( 3720): uid=1001(radio) com.android.phone expire 28 lines
07-04 09:43:32.028 D/TelephonyRegistry( 3248): notifyCellLocationForSubscriber: subId=2147483643 cellLocation=Bundle[mParcelledData.dataSize=64]
07-04 09:43:32.034 I/chatty  ( 3720): uid=1001(radio) Binder:3720_3 expire 2 lines
07-04 09:43:32.035 D/TelephonyManager( 3248): getCellLocation returning null due to NullPointerException java.lang.NullPointerException: Attempt to invoke virtual method 'boolean android.os.Bundle.isEmpty()' on a null object reference
07-04 09:43:32.038 I/chatty  ( 3720): uid=1001(radio) Binder:3720_7 expire 6 lines
07-04 09:46:36.223 I/chatty  ( 3720): uid=1001(radio) RILReceiver0 expire 18 lines
07-04 09:46:36.238 D/TelephonyRegistry( 3248): notifyCellLocationForSubscriber: subId=2147483643 cellLocation=Bundle[mParcelledData.dataSize=64]
07-04 09:46:36.239 I/chatty  ( 3720): uid=1001(radio) com.android.phone expire 20 lines
07-04 09:46:36.242 I/chatty  ( 3720): uid=1001(radio) Binder:3720_1 expire 1 line
07-04 09:46:36.243 D/TelephonyManager( 3248): getCellLocation returning null due to NullPointerException java.lang.NullPointerException: Attempt to invoke virtual method 'boolean android.os.Bundle.isEmpty()' on a null object reference
07-04 09:46:36.245 I/chatty  ( 3720): uid=1001(radio) Binder:3720_6 expire 3 lines
07-04 09:47:30.157 I/chatty  ( 3720): uid=1001(radio) Binder:3720_4 expire 7 lines
07-04 09:53:24.367 I/chatty  ( 3720): uid=1001(radio) RILReceiver1 expire 10 lines
07-04 09:58:01.859 D/TelephonyRegistry( 3248): notifyCellLocationForSubscriber: subId=2147483643 cellLocation=Bundle[mParcelledData.dataSize=64]
07-04 09:58:01.860 I/chatty  ( 3720): uid=1001(radio) com.android.phone expire 16 lines
07-04 09:58:01.864 I/chatty  ( 3720): uid=1001(radio) Binder:3720_2 expire 5 lines
07-04 09:58:01.865 D/TelephonyManager( 3248): getCellLocation returning null due to NullPointerException java.lang.NullPointerException: Attempt to invoke virtual method 'boolean android.os.Bundle.isEmpty()' on a null object reference
07-04 09:58:01.866 I/chatty  ( 3720): uid=1001(radio) Binder:3720_5 expire 1 line
07-04 09:58:35.300 I/chatty  ( 3720): uid=1001(radio) RILReceiver0 expire 39 lines
07-04 09:58:35.313 D/TelephonyRegistry( 3248): notifyCellLocationForSubscriber: subId=2147483643 cellLocation=Bundle[mParcelledData.dataSize=64]
07-04 09:58:35.314 I/chatty  ( 3720): uid=1001(radio) com.android.phone expire 257 lines
07-04 09:58:35.320 D/TelephonyManager( 3248): getCellLocation returning null due to NullPointerException java.lang.NullPointerException: Attempt to invoke virtual method 'boolean android.os.Bundle.isEmpty()' on a null object reference
07-04 11:47:09.765 I/chatty  ( 3720): uid=1001(radio) RILReceiver1 expire 21 lines
07-04 11:54:01.020 I/chatty  ( 3720): uid=1001(radio) Binder:3720_3 expire 2 lines
07-04 11:54:01.110 I/chatty  ( 3720): uid=1001(radio) RILReceiver0 expire 28 lines
07-04 11:54:01.528 I/chatty  ( 3720): uid=1001(radio) Binder:3720_4 expire 1 line
07-04 11:54:16.521 I/chatty  ( 3720): uid=1001(radio) Binder:3720_7 expire 1 line
07-04 11:54:16.545 I/chatty  ( 3720): uid=1001(radio) Binder:3720_2 expire 5 lines
07-04 11:54:16.671 I/chatty  ( 3720): uid=1001(radio) Binder:3720_6 expire 2 lines
07-04 13:43:03.458 I/chatty  ( 3720): uid=1001(radio) Binder:3720_5 expire 1 line
07-04 13:43:03.491 I/chatty  ( 3720): uid=1001(radio) Binder:3720_1 expire 5 lines
07-04 21:56:55.476 I/chatty  ( 3720): uid=1001(radio) RILReceiver0 expire 20 lines
07-04 21:56:55.506 I/chatty  ( 3720): uid=1001(radio) com.android.phone expire 29 lines
07-04 21:57:26.822 D/TelephonyRegistry( 3248): notifyCellLocationForSubscriber: subId=2147483643 cellLocation=Bundle[mParcelledData.dataSize=64]
07-04 21:57:26.823 I/chatty  ( 3720): uid=1001(radio) com.android.phone expire 20 lines
07-04 21:57:26.829 I/chatty  ( 3720): uid=1001(radio) Binder:3720_6 expire 5 lines
07-04 21:57:26.830 D/TelephonyManager( 3248): getCellLocation returning null due to NullPointerException java.lang.NullPointerException: Attempt to invoke virtual method 'boolean android.os.Bundle.isEmpty()' on a null object reference
07-04 21:57:26.833 I/chatty  ( 3720): uid=1001(radio) Binder:3720_5 expire 2 lines
07-04 22:05:55.158 I/chatty  ( 3720): uid=1001(radio) RILReceiver1 expire 8 lines
07-04 22:31:28.046 I/chatty  ( 3720): uid=1001(radio) RILReceiver0 expire 58 lines
07-04 22:31:28.057 D/TelephonyRegistry( 3248): notifyCellLocationForSubscriber: subId=2147483643 cellLocation=Bundle[mParcelledData.dataSize=64]
07-04 22:31:28.058 I/chatty  ( 3720): uid=1001(radio) com.android.phone expire 98 lines
07-04 22:31:28.064 I/chatty  ( 3720): uid=1001(radio) Binder:3720_3 expire 3 lines
07-04 22:31:28.065 D/TelephonyManager( 3248): getCellLocation returning null due to NullPointerException java.lang.NullPointerException: Attempt to invoke virtual method 'boolean android.os.Bundle.isEmpty()' on a null object reference
07-04 22:31:28.068 I/chatty  ( 3720): uid=1001(radio) Binder:3720_4 expire 2 lines
07-04 23:30:17.021 I/chatty  ( 3720): uid=1001(radio) Binder:3720_2 expire 7 lines
07-04 23:52:59.877 D/TelephonyRegistry( 3248): notifyCellLocationForSubscriber: subId=2147483643 cellLocation=Bundle[mParcelledData.dataSize=64]
07-04 23:52:59.878 I/chatty  ( 3720): uid=1001(radio) com.android.phone expire 1 line
07-04 23:52:59.885 D/TelephonyManager( 3248): getCellLocation returning null due to NullPointerException java.lang.NullPointerException: Attempt to invoke virtual method 'boolean android.os.Bundle.isEmpty()' on a null object reference
07-04 23:53:49.453 I/chatty  ( 3720): uid=1001(radio) RILReceiver0 expire 18 lines
07-04 23:53:49.453 I/chatty  ( 3720): uid=1001(radio) com.android.phone expire 32 lines
07-04 23:53:49.465 D/TelephonyRegistry( 3248): notifyCellLocationForSubscriber: subId=2147483643 cellLocation=Bundle[mParcelledData.dataSize=64]
07-04 23:53:49.471 I/chatty  ( 3720): uid=1001(radio) Binder:3720_6 expire 1 line
07-04 23:53:49.473 D/TelephonyManager( 3248): getCellLocation returning null due to NullPointerException java.lang.NullPointerException: Attempt to invoke virtual method 'boolean android.os.Bundle.isEmpty()' on a null object reference
07-04 23:53:49.475 I/chatty  ( 3720): uid=1001(radio) Binder:3720_3 expire 2 lines
07-04 23:58:24.400 D/TelephonyRegistry( 3248): notifyCellLocationForSubscriber: subId=2147483643 cellLocation=Bundle[mParcelledData.dataSize=64]
07-04 23:58:24.401 I/chatty  ( 3720): uid=1001(radio) com.android.phone expire 15 lines
07-04 23:58:24.406 I/chatty  ( 3720): uid=1001(radio) Binder:3720_5 expire 1 line
07-04 23:58:24.407 D/TelephonyManager( 3248): getCellLocation returning null due to NullPointerException java.lang.NullPointerException: Attempt to invoke virtual method 'boolean android.os.Bundle.isEmpty()' on a null object reference
07-04 23:58:24.410 I/chatty  ( 3720): uid=1001(radio) Binder:3720_4 expire 1 line
07-04 23:59:43.639 I/chatty  ( 3720): uid=1001(radio) RILReceiver0 expire 18 lines
07-04 23:59:43.652 D/TelephonyRegistry( 3248): notifyCellLocationForSubscriber: subId=2147483643 cellLocation=Bundle[mParcelledData.dataSize=64]
07-04 23:59:43.653 I/chatty  ( 3720): uid=1001(radio) com.android.phone expire 16 lines
07-04 23:59:43.658 I/chatty  ( 3720): uid=1001(radio) Binder:3720_7 expire 2 lines
07-04 23:59:43.659 D/TelephonyManager( 3248): getCellLocation returning null due to NullPointerException java.lang.NullPointerException: Attempt to invoke virtual method 'boolean android.os.Bundle.isEmpty()' on a null object reference
07-04 23:59:43.662 I/chatty  ( 3720): uid=1001(radio) Binder:3720_2 expire 2 lines
07-05 00:01:43.889 D/TelephonyRegistry( 3248): notifyCellLocationForSubscriber: subId=2147483643 cellLocation=Bundle[mParcelledData.dataSize=64]
07-05 00:01:43.889 I/chatty  ( 3720): uid=1001(radio) com.android.phone expire 22 lines
07-05 00:01:43.894 D/TelephonyManager( 3248): getCellLocation returning null due to NullPointerException java.lang.NullPointerException: Attempt to invoke virtual method 'boolean android.os.Bundle.isEmpty()' on a null object reference
07-05 00:01:43.896 I/chatty  ( 3720): uid=1001(radio) Binder:3720_1 expire 1 line
07-05 00:07:44.905 I/chatty  ( 3720): uid=1001(radio) RILReceiver1 expire 1 line
07-05 00:07:53.285 I/chatty  ( 3720): uid=1001(radio) RILReceiver0 expire 52 lines
07-05 00:07:53.307 D/TelephonyRegistry( 3248): notifyCellLocationForSubscriber: subId=2147483643 cellLocation=Bundle[mParcelledData.dataSize=64]
07-05 00:07:53.308 I/chatty  ( 3720): uid=1001(radio) com.android.phone expire 204 lines
07-05 00:07:53.318 D/TelephonyManager( 3248): getCellLocation returning null due to NullPointerException java.lang.NullPointerException: Attempt to invoke virtual method 'boolean android.os.Bundle.isEmpty()' on a null object reference
07-05 00:37:49.013 I/chatty  ( 3720): uid=1001(radio) RILReceiver0 expire 31 lines
07-05 00:38:04.013 I/chatty  ( 3720): uid=1001(radio) RILReceiver1 expire 40 lines
07-05 00:43:56.871 I/chatty  ( 3720): uid=1001(radio) Binder:3720_1 expire 3 lines
07-05 00:43:57.010 I/chatty  ( 3720): uid=1001(radio) Binder:3720_2 expire 8 lines
07-05 00:43:57.020 I/chatty  ( 3720): uid=1001(radio) Binder:3720_6 expire 7 lines
07-05 00:43:57.021 I/chatty  ( 3720): uid=1001(radio) Binder:3720_3 expire 8 lines
07-05 00:43:58.598 I/chatty  ( 3720): uid=1001(radio) Binder:3720_5 expire 3 lines
07-05 00:43:58.715 I/chatty  ( 3720): uid=1001(radio) Binder:3720_4 expire 10 lines
07-05 00:44:00.168 I/chatty  ( 3720): uid=1001(radio) Binder:3720_7 expire 11 lines
07-05 00:55:59.988 I/chatty  ( 3720): uid=1001(radio) Binder:3720_5 expire 10 lines
07-05 00:56:00.001 I/chatty  ( 3720): uid=1001(radio) RILReceiver0 expire 25 lines
07-05 00:56:00.012 I/chatty  ( 3720): uid=1001(radio) RILReceiver1 expire 41 lines
07-05 00:56:00.013 I/chatty  ( 3720): uid=1001(radio) com.android.phone expire 120 lines
07-05 00:56:18.551 I/chatty  ( 3720): uid=1001(radio) Binder:3720_4 expire 13 lines
07-05 00:56:18.555 I/chatty  ( 3720): uid=1001(radio) Binder:3720_3 expire 3 lines
07-05 00:56:18.558 I/chatty  ( 3720): uid=1001(radio) Binder:3720_2 expire 14 lines
07-05 00:56:18.570 I/chatty  ( 3720): uid=1001(radio) Binder:3720_6 expire 11 lines
07-05 00:56:19.522 I/chatty  ( 3720): uid=1001(radio) Binder:3720_1 expire 10 lines
07-05 00:56:19.524 D/SubscriptionManager( 3749): [getSubId]- fail
07-05 01:08:53.957 I/chatty  ( 3720): uid=1001(radio) com.android.phone expire 96 lines
07-05 01:08:53.960 I/chatty  ( 3720): uid=1001(radio) RILReceiver1 expire 46 lines
07-05 01:09:21.200 I/chatty  ( 3720): uid=1001(radio) Binder:3720_2 expire 27 lines
07-05 01:09:21.208 I/chatty  ( 3720): uid=1001(radio) RILReceiver0 expire 9 lines
07-05 01:09:29.990 I/chatty  ( 3720): uid=1001(radio) Binder:3720_5 expire 12 lines
07-05 01:09:33.419 I/chatty  ( 3720): uid=1001(radio) Binder:3720_7 expire 15 lines
07-05 01:09:33.787 I/chatty  ( 3720): uid=1001(radio) Binder:3720_3 expire 19 lines
07-05 01:10:12.233 I/chatty  ( 3720): uid=1001(radio) Binder:3720_6 expire 7 lines
07-05 01:10:12.300 I/chatty  ( 3720): uid=1001(radio) Binder:3720_4 expire 19 lines
07-05 01:21:14.676 I/chatty  ( 3720): uid=1001(radio) com.android.phone expire 110 lines
07-05 01:21:14.680 I/chatty  ( 3720): uid=1001(radio) RILReceiver1 expire 54 lines
07-05 01:21:41.622 I/chatty  ( 3720): uid=1001(radio) Binder:3720_5 expire 15 lines
07-05 01:22:02.809 I/chatty  ( 3720): uid=1001(radio) Binder:3720_6 expire 8 lines
07-05 01:22:41.662 I/chatty  ( 3720): uid=1001(radio) Binder:3720_1 expire 15 lines
07-05 01:24:01.526 I/chatty  ( 3720): uid=1001(radio) Binder:3720_3 expire 8 lines
07-05 01:24:01.534 I/chatty  ( 3720): uid=1001(radio) RILReceiver0 expire 12 lines
07-05 01:24:21.607 I/chatty  ( 3720): uid=1001(radio) Binder:3720_7 expire 9 lines
07-05 01:34:39.597 I/chatty  ( 3720): uid=1001(radio) Binder:3720_2 expire 28 lines
07-05 01:36:56.606 I/chatty  ( 3720): uid=1001(radio) com.android.phone expire 76 lines
07-05 01:36:56.618 I/chatty  ( 3720): uid=1001(radio) RILReceiver0 expire 14 lines
07-05 01:36:56.626 I/chatty  ( 3720): uid=1001(radio) RILReceiver1 expire 33 lines
07-05 01:36:56.848 I/chatty  ( 3720): uid=1001(radio) Binder:3720_5 expire 17 lines
07-05 01:37:11.426 I/chatty  ( 3720): uid=1001(radio) Binder:3720_1 expire 16 lines
07-05 01:37:14.468 I/chatty  ( 3720): uid=1001(radio) Binder:3720_7 expire 20 lines
07-05 01:37:14.591 I/chatty  ( 3720): uid=1001(radio) Binder:3720_3 expire 26 lines
07-05 01:37:14.810 I/chatty  ( 3720): uid=1001(radio) Binder:3720_4 expire 15 lines
07-05 01:38:31.563 I/chatty  ( 3720): uid=1001(radio) Binder:3720_6 expire 27 lines
07-05 01:43:56.417 I/chatty  ( 3720): uid=1001(radio) com.android.phone expire 93 lines
07-05 01:43:56.623 I/chatty  ( 3720): uid=1001(radio) Binder:3720_2 expire 8 lines
07-05 01:44:14.356 I/chatty  ( 3720): uid=1001(radio) Binder:3720_3 expire 4 lines
07-05 01:44:14.481 I/chatty  ( 3720): uid=1001(radio) Binder:3720_7 expire 5 lines
07-05 01:44:14.486 I/chatty  ( 3720): uid=1001(radio) RILReceiver0 expire 44 lines
07-05 01:44:14.494 I/chatty  ( 3720): uid=1001(radio) RILReceiver1 expire 20 lines
07-05 01:44:32.422 I/chatty  ( 3720): uid=1001(radio) Binder:3720_1 expire 6 lines
07-05 01:44:32.641 I/chatty  ( 3720): uid=1001(radio) Binder:3720_4 expire 5 lines
07-05 01:48:29.348 I/chatty  ( 3720): uid=1001(radio) Binder:3720_5 expire 2 lines
07-05 01:50:10.012 D/TelephonyRegistry( 3248): notifyCellLocationForSubscriber: subId=2147483643 cellLocation=Bundle[mParcelledData.dataSize=64]
07-05 01:50:10.013 I/chatty  ( 3720): uid=1001(radio) RILReceiver0 expire 26 lines
07-05 01:50:10.014 I/chatty  ( 3720): uid=1001(radio) com.android.phone expire 36 lines
07-05 01:50:10.022 D/TelephonyManager( 3248): getCellLocation returning null due to NullPointerException java.lang.NullPointerException: Attempt to invoke virtual method 'boolean android.os.Bundle.isEmpty()' on a null object reference
07-05 01:50:16.303 I/chatty  ( 3720): uid=1001(radio) RILReceiver1 expire 36 lines
07-05 01:50:17.676 D/TelephonyRegistry( 3248): notifyCellLocationForSubscriber: subId=2147483643 cellLocation=Bundle[mParcelledData.dataSize=64]
07-05 01:50:17.682 I/chatty  ( 3720): uid=1001(radio) Binder:3720_7 expire 11 lines
07-05 01:50:17.683 D/TelephonyManager( 3248): getCellLocation returning null due to NullPointerException java.lang.NullPointerException: Attempt to invoke virtual method 'boolean android.os.Bundle.isEmpty()' on a null object reference
07-05 01:50:17.685 I/chatty  ( 3720): uid=1001(radio) Binder:3720_5 expire 15 lines
07-05 01:50:31.421 I/chatty  ( 3720): uid=1001(radio) com.android.phone expire 119 lines
07-05 01:50:34.660 I/chatty  ( 3720): uid=1001(radio) RILReceiver0 expire 34 lines
07-05 01:52:29.417 I/chatty  ( 3720): uid=1001(radio) Binder:3720_1 expire 14 lines
07-05 01:56:29.482 I/chatty  ( 3720): uid=1001(radio) Binder:3720_6 expire 8 lines
07-05 01:58:29.507 I/chatty  ( 3720): uid=1001(radio) Binder:3720_2 expire 5 lines
07-05 01:59:00.365 I/chatty  ( 3720): uid=1001(radio) Binder:3720_4 expire 8 lines
07-05 01:59:18.260 I/chatty  ( 3720): uid=1001(radio) Binder:3720_3 expire 16 lines
07-05 02:00:15.911 I/chatty  ( 3720): uid=1001(radio) com.android.phone expire 130 lines
07-05 02:00:16.879 I/chatty  ( 3720): uid=1001(radio) RILReceiver1 expire 65 lines
07-05 02:00:30.144 I/chatty  ( 3720): uid=1001(radio) Binder:3720_2 expire 6 lines
07-05 02:00:30.262 I/chatty  ( 3720): uid=1001(radio) Binder:3720_4 expire 12 lines
07-05 02:00:30.268 I/chatty  ( 3720): uid=1001(radio) RILReceiver0 expire 5 lines
07-05 02:00:30.479 I/chatty  ( 3720): uid=1001(radio) Binder:3720_1 expire 12 lines
07-05 02:00:48.490 I/chatty  ( 3720): uid=1001(radio) Binder:3720_7 expire 10 lines
07-05 02:01:33.130 I/chatty  ( 3720): uid=1001(radio) Binder:3720_6 expire 1 line
07-05 02:02:27.139 I/chatty  ( 3720): uid=1001(radio) Binder:3720_5 expire 16 lines
07-05 02:20:58.124 I/chatty  ( 3720): uid=1001(radio) com.android.phone expire 123 lines
07-05 02:20:58.127 I/chatty  ( 3720): uid=1001(radio) RILReceiver1 expire 49 lines
07-05 02:22:12.142 I/chatty  ( 3720): uid=1001(radio) Binder:3720_4 expire 16 lines
07-05 02:22:54.660 I/chatty  ( 3720): uid=1001(radio) Binder:3720_2 expire 9 lines
07-05 02:23:12.183 I/chatty  ( 3720): uid=1001(radio) Binder:3720_7 expire 9 lines
07-05 02:24:52.140 I/chatty  ( 3720): uid=1001(radio) Binder:3720_1 expire 13 lines
07-05 02:26:51.106 I/chatty  ( 3720): uid=1001(radio) RILReceiver0 expire 5 lines
07-05 02:30:48.619 I/chatty  ( 3720): uid=1001(radio) Binder:3720_6 expire 12 lines
07-05 02:30:53.129 I/chatty  ( 3720): uid=1001(radio) Binder:3720_3 expire 22 lines
07-05 02:36:59.049 I/chatty  ( 3720): uid=1001(radio) com.android.phone expire 78 lines
07-05 02:36:59.051 I/chatty  ( 3720): uid=1001(radio) RILReceiver1 expire 59 lines
07-05 02:37:00.653 I/chatty  ( 3720): uid=1001(radio) Binder:3720_2 expire 15 lines
07-05 02:37:01.301 I/chatty  ( 3720): uid=1001(radio) Binder:3720_6 expire 15 lines
07-05 02:37:01.308 I/chatty  ( 3720): uid=1001(radio) RILReceiver0 expire 10 lines
07-05 02:37:17.238 I/chatty  ( 3720): uid=1001(radio) Binder:3720_4 expire 14 lines
07-05 02:37:17.245 I/chatty  ( 3720): uid=1001(radio) Binder:3720_7 expire 19 lines
07-05 02:37:17.257 I/chatty  ( 3720): uid=1001(radio) Binder:3720_5 expire 17 lines
07-05 02:38:39.823 I/chatty  ( 3720): uid=1001(radio) Binder:3720_1 expire 24 lines
07-05 02:55:20.386 I/chatty  ( 3720): uid=1001(radio) com.android.phone expire 106 lines
07-05 02:55:20.389 I/chatty  ( 3720): uid=1001(radio) RILReceiver1 expire 86 lines
07-05 02:56:43.855 I/chatty  ( 3720): uid=1001(radio) Binder:3720_3 expire 7 lines
07-05 02:56:51.108 I/chatty  ( 3720): uid=1001(radio) RILReceiver0 expire 11 lines
07-05 02:57:00.880 I/chatty  ( 3720): uid=1001(radio) Binder:3720_2 expire 5 lines
07-05 02:58:44.182 I/chatty  ( 3720): uid=1001(radio) Binder:3720_7 expire 12 lines
07-05 02:59:04.391 I/chatty  ( 3720): uid=1001(radio) Binder:3720_5 expire 6 lines
07-05 03:00:00.097 I/chatty  ( 3720): uid=1001(radio) Binder:3720_4 expire 8 lines
07-05 03:12:00.855 I/chatty  ( 3720): uid=1001(radio) Binder:3720_6 expire 16 lines
07-05 03:22:43.812 D/TelephonyManager(11560): getCellLocation returning null due to NullPointerException java.lang.NullPointerException: Attempt to invoke virtual method 'boolean android.os.Bundle.isEmpty()' on a null object reference
07-05 03:22:44.252 I/chatty  ( 3720): uid=1001(radio) Binder:3720_2 expire 19 lines
07-05 03:22:44.255 I/chatty  ( 3720): uid=1001(radio) Binder:3720_1 expire 20 lines
07-05 03:22:44.264 I/chatty  ( 3720): uid=1001(radio) Binder:3720_3 expire 23 lines
07-05 03:22:44.265 I/chatty  ( 3720): uid=1001(radio) Binder:3720_4 expire 19 lines
07-05 03:22:44.268 I/chatty  ( 3720): uid=1001(radio) Binder:3720_7 expire 16 lines
07-05 03:22:44.275 I/chatty  ( 3720): uid=1001(radio) Binder:3720_5 expire 18 lines
07-05 03:23:02.353 I/chatty  ( 3720): uid=1001(radio) com.android.phone expire 63 lines
07-05 03:23:02.356 I/chatty  ( 3720): uid=1001(radio) RILReceiver1 expire 53 lines
07-05 03:23:49.302 I/chatty  ( 3720): uid=1001(radio) RILReceiver0 expire 19 lines
07-05 03:39:43.426 I/chatty  ( 3720): uid=1001(radio) com.android.phone expire 112 lines
07-05 03:39:43.428 I/chatty  ( 3720): uid=1001(radio) RILReceiver1 expire 94 lines
07-05 03:40:08.700 I/chatty  ( 3720): uid=1001(radio) Binder:3720_6 expire 6 lines
07-05 03:41:18.237 I/chatty  ( 3720): uid=1001(radio) Binder:3720_7 expire 6 lines
07-05 03:41:42.122 I/chatty  ( 3720): uid=1001(radio) Binder:3720_3 expire 4 lines
07-05 03:43:18.337 I/chatty  ( 3720): uid=1001(radio) Binder:3720_2 expire 7 lines
07-05 03:44:08.785 I/chatty  ( 3720): uid=1001(radio) Binder:3720_1 expire 5 lines
07-05 03:45:18.441 I/chatty  ( 3720): uid=1001(radio) Binder:3720_5 expire 6 lines
07-05 03:46:08.823 I/chatty  ( 3720): uid=1001(radio) Binder:3720_4 expire 15 lines
07-05 04:10:49.585 I/chatty  ( 3720): uid=1001(radio) Binder:3720_3 expire 9 lines
07-05 04:11:05.552 I/chatty  ( 3720): uid=1001(radio) com.android.phone expire 105 lines
07-05 04:11:05.556 I/chatty  ( 3720): uid=1001(radio) RILReceiver1 expire 92 lines
07-05 04:11:49.640 I/chatty  ( 3720): uid=1001(radio) Binder:3720_6 expire 4 lines
07-05 04:12:09.238 I/chatty  ( 3720): uid=1001(radio) Binder:3720_5 expire 11 lines
07-05 04:12:49.684 I/chatty  ( 3720): uid=1001(radio) Binder:3720_1 expire 8 lines
07-05 04:13:28.735 I/chatty  ( 3720): uid=1001(radio) RILReceiver0 expire 10 lines
07-05 04:13:49.731 I/chatty  ( 3720): uid=1001(radio) Binder:3720_7 expire 5 lines
07-05 04:15:28.676 I/chatty  ( 3720): uid=1001(radio) Binder:3720_2 expire 16 lines
07-05 04:41:07.949 I/chatty  ( 3720): uid=1001(radio) RILReceiver1 expire 52 lines
07-05 04:41:27.956 I/chatty  ( 3720): uid=1001(radio) com.android.phone expire 89 lines
07-05 04:41:29.098 I/chatty  ( 3720): uid=1001(radio) Binder:3720_4 expire 13 lines
07-05 04:43:28.994 I/chatty  ( 3720): uid=1001(radio) RILReceiver0 expire 19 lines
07-05 04:43:29.082 I/chatty  ( 3720): uid=1001(radio) Binder:3720_6 expire 13 lines
07-05 04:43:30.355 I/chatty  ( 3720): uid=1001(radio) Binder:3720_3 expire 11 lines
07-05 04:43:33.538 I/chatty  ( 3720): uid=1001(radio) Binder:3720_7 expire 21 lines
07-05 04:43:33.540 I/chatty  ( 3720): uid=1001(radio) Binder:3720_1 expire 16 lines
07-05 04:43:33.571 I/chatty  ( 3720): uid=1001(radio) Binder:3720_5 expire 17 lines
07-05 05:37:12.515 I/chatty  ( 3720): uid=1001(radio) Binder:3720_1 expire 15 lines
07-05 05:37:28.134 I/chatty  ( 3720): uid=1001(radio) Binder:3720_3 expire 6 lines
07-05 05:37:31.140 I/chatty  ( 3720): uid=1001(radio) Binder:3720_4 expire 8 lines
07-05 05:37:31.265 I/chatty  ( 3720): uid=1001(radio) Binder:3720_7 expire 15 lines
07-05 05:37:31.271 I/chatty  ( 3720): uid=1001(radio) RILReceiver0 expire 16 lines
07-05 05:37:31.277 I/chatty  ( 3720): uid=1001(radio) RILReceiver1 expire 69 lines
07-05 05:37:31.277 I/chatty  ( 3720): uid=1001(radio) com.android.phone expire 96 lines
07-05 05:37:45.783 I/chatty  ( 3720): uid=1001(radio) Binder:3720_2 expire 12 lines
07-05 05:39:28.186 I/chatty  ( 3720): uid=1001(radio) Binder:3720_6 expire 15 lines
07-05 05:59:04.723 I/chatty  ( 3720): uid=1001(radio) com.android.phone expire 114 lines
07-05 05:59:04.732 I/chatty  ( 3720): uid=1001(radio) RILReceiver0 expire 13 lines
07-05 05:59:13.220 I/chatty  ( 3720): uid=1001(radio) RILReceiver1 expire 87 lines
07-05 05:59:20.695 I/chatty  ( 3720): uid=1001(radio) Binder:3720_3 expire 5 lines
07-05 05:59:41.547 I/chatty  ( 3720): uid=1001(radio) Binder:3720_7 expire 9 lines
07-05 06:00:35.065 I/chatty  ( 3720): uid=1001(radio) Binder:3720_4 expire 7 lines
07-05 06:02:50.262 I/chatty  ( 3720): uid=1001(radio) Binder:3720_1 expire 5 lines
07-05 06:03:52.547 I/chatty  ( 3720): uid=1001(radio) Binder:3720_5 expire 4 lines
07-05 06:04:50.287 I/chatty  ( 3720): uid=1001(radio) Binder:3720_2 expire 12 lines
07-05 06:27:55.356 I/chatty  ( 3720): uid=1001(radio) com.android.phone expire 80 lines
07-05 06:27:55.359 I/chatty  ( 3720): uid=1001(radio) RILReceiver1 expire 58 lines
07-05 06:28:06.567 I/chatty  ( 3720): uid=1001(radio) Binder:3720_5 expire 23 lines
07-05 06:28:53.329 I/chatty  ( 3720): uid=1001(radio) Binder:3720_4 expire 19 lines
07-05 06:28:53.954 I/chatty  ( 3720): uid=1001(radio) Binder:3720_7 expire 11 lines
07-05 06:29:07.065 I/chatty  ( 3720): uid=1001(radio) Binder:3720_3 expire 20 lines
07-05 06:29:54.011 I/chatty  ( 3720): uid=1001(radio) Binder:3720_6 expire 12 lines
07-05 06:30:38.223 I/chatty  ( 3720): uid=1001(radio) Binder:3720_1 expire 12 lines
07-05 06:35:49.419 I/chatty  ( 3720): uid=1001(radio) RILReceiver0 expire 25 lines
07-05 06:45:16.603 I/chatty  ( 3720): uid=1001(radio) Binder:3720_5 expire 7 lines
07-05 06:45:16.725 I/chatty  ( 3720): uid=1001(radio) Binder:3720_4 expire 10 lines
07-05 06:45:16.740 I/chatty  ( 3720): uid=1001(radio) RILReceiver1 expire 87 lines
07-05 06:45:16.740 I/chatty  ( 3720): uid=1001(radio) com.android.phone expire 107 lines
07-05 06:45:16.942 I/chatty  ( 3720): uid=1001(radio) Binder:3720_2 expire 9 lines
07-05 06:45:57.528 I/chatty  ( 3720): uid=1001(radio) Binder:3720_3 expire 7 lines
07-05 06:51:18.911 I/chatty  ( 3720): uid=1001(radio) Binder:3720_1 expire 7 lines
07-05 06:52:15.827 I/chatty  ( 3720): uid=1001(radio) Binder:3720_7 expire 3 lines
07-05 06:54:15.970 I/chatty  ( 3720): uid=1001(radio) Binder:3720_6 expire 18 lines
07-05 07:13:58.694 I/chatty  ( 3720): uid=1001(radio) RILReceiver1 expire 72 lines
07-05 07:14:17.065 I/chatty  ( 3720): uid=1001(radio) Binder:3720_4 expire 14 lines
07-05 07:14:18.718 I/chatty  ( 3720): uid=1001(radio) com.android.phone expire 96 lines
07-05 07:15:17.109 I/chatty  ( 3720): uid=1001(radio) Binder:3720_3 expire 10 lines
07-05 07:16:01.269 I/chatty  ( 3720): uid=1001(radio) Binder:3720_2 expire 10 lines
07-05 07:16:17.162 I/chatty  ( 3720): uid=1001(radio) Binder:3720_1 expire 13 lines
07-05 07:16:51.111 I/chatty  ( 3720): uid=1001(radio) RILReceiver0 expire 12 lines
07-05 07:22:17.474 I/chatty  ( 3720): uid=1001(radio) Binder:3720_7 expire 8 lines
07-05 07:23:17.533 I/chatty  ( 3720): uid=1001(radio) Binder:3720_5 expire 13 lines
07-05 07:37:06.165 I/chatty  ( 3720): uid=1001(radio) Binder:3720_4 expire 13 lines
07-05 07:37:06.375 I/chatty  ( 3720): uid=1001(radio) Binder:3720_2 expire 10 lines
07-05 07:37:18.418 I/chatty  ( 3720): uid=1001(radio) Binder:3720_6 expire 9 lines
07-05 07:37:20.466 I/chatty  ( 3720): uid=1001(radio) com.android.phone expire 97 lines
07-05 07:37:20.469 I/chatty  ( 3720): uid=1001(radio) RILReceiver1 expire 75 lines
07-05 07:37:35.395 I/chatty  ( 3720): uid=1001(radio) Binder:3720_7 expire 15 lines
07-05 07:39:35.409 I/chatty  ( 3720): uid=1001(radio) Binder:3720_1 expire 9 lines
07-05 07:40:18.618 I/chatty  ( 3720): uid=1001(radio) Binder:3720_3 expire 10 lines
07-05 07:43:06.535 I/chatty  ( 3720): uid=1001(radio) RILReceiver0 expire 18 lines
07-05 08:01:02.163 I/chatty  ( 3720): uid=1001(radio) com.android.phone expire 108 lines
07-05 08:01:02.166 I/chatty  ( 3720): uid=1001(radio) RILReceiver1 expire 87 lines
07-05 08:01:17.683 I/chatty  ( 3720): uid=1001(radio) Binder:3720_2 expire 8 lines
07-05 08:02:17.746 I/chatty  ( 3720): uid=1001(radio) Binder:3720_4 expire 6 lines
07-05 08:03:17.790 I/chatty  ( 3720): uid=1001(radio) Binder:3720_6 expire 8 lines
07-05 08:04:17.842 I/chatty  ( 3720): uid=1001(radio) Binder:3720_3 expire 5 lines
07-05 08:05:17.902 I/chatty  ( 3720): uid=1001(radio) Binder:3720_1 expire 8 lines
07-05 08:07:17.988 I/chatty  ( 3720): uid=1001(radio) Binder:3720_5 expire 9 lines
07-05 08:08:18.037 I/chatty  ( 3720): uid=1001(radio) Binder:3720_7 expire 10 lines
07-05 08:29:59.964 I/chatty  ( 3720): uid=1001(radio) RILReceiver0 expire 67 lines
07-05 08:29:59.964 I/chatty  ( 3720): uid=1001(radio) com.android.phone expire 127 lines
07-05 08:30:04.421 I/chatty  ( 3720): uid=1001(radio) RILReceiver1 expire 51 lines
07-05 08:30:08.111 D/TelephonyRegistry( 3248): notifyCellLocationForSubscriber: subId=2147483643 cellLocation=Bundle[mParcelledData.dataSize=64]
07-05 08:30:08.117 I/chatty  ( 3720): uid=1001(radio) Binder:3720_6 expire 3 lines
07-05 08:30:08.119 D/TelephonyManager( 3248): getCellLocation returning null due to NullPointerException java.lang.NullPointerException: Attempt to invoke virtual method 'boolean android.os.Bundle.isEmpty()' on a null object reference
07-05 08:30:08.121 I/chatty  ( 3720): uid=1001(radio) Binder:3720_1 expire 2 lines
07-05 08:33:55.027 I/chatty  ( 3720): uid=1001(radio) Binder:3720_5 expire 1 line
07-05 08:35:55.102 I/chatty  ( 3720): uid=1001(radio) Binder:3720_7 expire 1 line
07-05 08:37:55.172 I/chatty  ( 3720): uid=1001(radio) Binder:3720_4 expire 1 line
07-05 08:39:55.262 I/chatty  ( 3720): uid=1001(radio) Binder:3720_3 expire 1 line
07-05 08:43:55.422 I/chatty  ( 3720): uid=1001(radio) Binder:3720_2 expire 4 lines
07-05 08:46:51.137 I/chatty  ( 3720): uid=1001(radio) RILReceiver0 expire 5 lines
07-05 08:46:51.163 I/chatty  ( 3720): uid=1001(radio) com.android.phone expire 120 lines
07-05 08:47:05.810 I/chatty  ( 3720): uid=1001(radio) RILReceiver1 expire 108 lines
07-05 08:47:55.560 I/chatty  ( 3720): uid=1001(radio) Binder:3720_5 expire 3 lines
07-05 08:49:55.622 I/chatty  ( 3720): uid=1001(radio) Binder:3720_7 expire 2 lines
07-05 08:53:19.598 I/chatty  ( 3720): uid=1001(radio) Binder:3720_1 expire 4 lines
07-05 08:53:55.721 I/chatty  ( 3720): uid=1001(radio) Binder:3720_4 expire 4 lines
07-05 08:55:55.811 I/chatty  ( 3720): uid=1001(radio) Binder:3720_3 expire 3 lines
07-05 08:57:55.857 I/chatty  ( 3720): uid=1001(radio) Binder:3720_6 expire 6 lines
07-05 09:23:08.782 I/chatty  ( 3720): uid=1001(radio) com.android.phone expire 117 lines
07-05 09:23:08.784 I/chatty  ( 3720): uid=1001(radio) RILReceiver1 expire 104 lines
07-05 09:23:56.822 I/chatty  ( 3720): uid=1001(radio) Binder:3720_5 expire 4 lines
07-05 09:25:56.895 I/chatty  ( 3720): uid=1001(radio) Binder:3720_7 expire 5 lines
07-05 09:26:57.311 I/chatty  ( 3720): uid=1001(radio) RILReceiver0 expire 7 lines
07-05 09:27:56.928 I/chatty  ( 3720): uid=1001(radio) Binder:3720_3 expire 3 lines
07-05 09:29:57.007 I/chatty  ( 3720): uid=1001(radio) Binder:3720_4 expire 3 lines
07-05 09:35:57.236 I/chatty  ( 3720): uid=1001(radio) Binder:3720_2 expire 6 lines
07-05 09:45:57.642 I/chatty  ( 3720): uid=1001(radio) Binder:3720_1 expire 9 lines
07-05 09:57:18.112 I/chatty  ( 3720): uid=1001(radio) RILReceiver0 expire 22 lines
07-05 09:57:18.121 I/chatty  ( 3720): uid=1001(radio) RILReceiver1 expire 92 lines
07-05 09:57:18.121 I/chatty  ( 3720): uid=1001(radio) com.android.phone expire 115 lines
07-05 09:57:38.120 I/chatty  ( 3720): uid=1001(radio) Binder:3720_3 expire 7 lines
07-05 09:57:58.035 I/chatty  ( 3720): uid=1001(radio) Binder:3720_2 expire 2 lines
07-05 09:57:58.118 I/chatty  ( 3720): uid=1001(radio) Binder:3720_7 expire 5 lines
07-05 09:59:58.129 I/chatty  ( 3720): uid=1001(radio) Binder:3720_6 expire 3 lines
07-05 10:03:58.285 I/chatty  ( 3720): uid=1001(radio) Binder:3720_4 expire 6 lines
07-05 10:26:56.865 I/chatty  ( 3720): uid=1001(radio) RILReceiver0 expire 48 lines
07-05 10:26:56.865 I/chatty  ( 3720): uid=1001(radio) com.android.phone expire 128 lines
07-05 10:26:56.872 D/TelephonyRegistry( 3248): notifyCellLocationForSubscriber: subId=2147483643 cellLocation=Bundle[mParcelledData.dataSize=64]
07-05 10:26:56.878 I/chatty  ( 3720): uid=1001(radio) Binder:3720_6 expire 3 lines
07-05 10:26:56.880 D/TelephonyManager( 3248): getCellLocation returning null due to NullPointerException java.lang.NullPointerException: Attempt to invoke virtual method 'boolean android.os.Bundle.isEmpty()' on a null object reference
07-05 10:26:56.883 I/chatty  ( 3720): uid=1001(radio) Binder:3720_2 expire 3 lines
07-05 10:27:14.076 I/chatty  ( 3720): uid=1001(radio) RILReceiver1 expire 65 lines
07-05 10:29:59.334 I/chatty  ( 3720): uid=1001(radio) Binder:3720_1 expire 2 lines
07-05 10:35:59.577 I/chatty  ( 3720): uid=1001(radio) Binder:3720_5 expire 2 lines
07-05 10:37:59.643 I/chatty  ( 3720): uid=1001(radio) Binder:3720_3 expire 2 lines
07-05 10:48:55.019 I/chatty  ( 3720): uid=1001(radio) RILReceiver0 expire 100 lines
07-05 10:48:55.020 I/chatty  ( 3720): uid=1001(radio) com.android.phone expire 134 lines
07-05 10:48:55.788 I/chatty  ( 3720): uid=1001(radio) RILReceiver1 expire 17 lines
07-05 10:50:00.032 I/chatty  ( 3720): uid=1001(radio) Binder:3720_4 expire 1 line
07-05 10:53:19.709 I/chatty  ( 3720): uid=1001(radio) Binder:3720_2 expire 1 line
07-05 10:54:00.178 I/chatty  ( 3720): uid=1001(radio) Binder:3720_5 expire 1 line
07-05 10:54:29.191 I/chatty  ( 3720): uid=1001(radio) RILReceiver0 expire 107 lines
07-05 10:54:29.191 I/chatty  ( 3720): uid=1001(radio) com.android.phone expire 136 lines
07-05 10:54:36.211 I/chatty  ( 3720): uid=1001(radio) RILReceiver1 expire 10 lines
07-05 10:56:00.257 I/chatty  ( 3720): uid=1001(radio) Binder:3720_3 expire 1 line
07-05 10:57:00.446 I/chatty  ( 3720): uid=1001(radio) Binder:3720_2 expire 5 lines
07-05 10:57:52.100 I/chatty  ( 3720): uid=1001(radio) com.android.phone expire 129 lines
07-05 10:57:56.443 I/chatty  ( 3720): uid=1001(radio) RILReceiver1 expire 68 lines
07-05 11:02:00.465 I/chatty  ( 3720): uid=1001(radio) Binder:3720_1 expire 2 lines
07-05 11:04:00.535 I/chatty  ( 3720): uid=1001(radio) Binder:3720_7 expire 2 lines
07-05 11:06:00.613 I/chatty  ( 3720): uid=1001(radio) Binder:3720_3 expire 2 lines
07-05 11:13:17.762 I/chatty  ( 3720): uid=1001(radio) RILReceiver0 expire 46 lines
07-05 11:14:00.948 I/chatty  ( 3720): uid=1001(radio) Binder:3720_4 expire 1 line
07-05 11:18:01.072 I/chatty  ( 3720): uid=1001(radio) Binder:3720_5 expire 2 lines
07-05 11:20:38.346 I/chatty  ( 3720): uid=1001(radio) RILReceiver1 expire 109 lines
07-05 11:20:58.371 I/chatty  ( 3720): uid=1001(radio) com.android.phone expire 118 lines
07-05 11:22:01.238 I/chatty  ( 3720): uid=1001(radio) Binder:3720_4 expire 4 lines
07-05 11:24:01.343 I/chatty  ( 3720): uid=1001(radio) Binder:3720_7 expire 4 lines
07-05 11:26:01.432 I/chatty  ( 3720): uid=1001(radio) Binder:3720_3 expire 4 lines
07-05 11:28:01.500 I/chatty  ( 3720): uid=1001(radio) Binder:3720_1 expire 4 lines
07-05 11:30:01.589 I/chatty  ( 3720): uid=1001(radio) Binder:3720_2 expire 4 lines
07-05 11:31:01.869 I/chatty  ( 3720): uid=1001(radio) RILReceiver0 expire 12 lines
07-05 11:56:51.153 I/chatty  ( 3720): uid=1001(radio) com.android.phone expire 121 lines
07-05 11:57:01.359 I/chatty  ( 3720): uid=1001(radio) RILReceiver1 expire 109 lines
07-05 11:58:02.587 I/chatty  ( 3720): uid=1001(radio) Binder:3720_3 expire 4 lines
07-05 12:00:02.658 I/chatty  ( 3720): uid=1001(radio) Binder:3720_5 expire 5 lines
07-05 12:02:02.691 I/chatty  ( 3720): uid=1001(radio) Binder:3720_6 expire 2 lines
07-05 12:04:02.785 I/chatty  ( 3720): uid=1001(radio) Binder:3720_1 expire 3 lines
07-05 12:06:02.857 I/chatty  ( 3720): uid=1001(radio) Binder:3720_2 expire 4 lines
07-05 12:20:03.415 I/chatty  ( 3720): uid=1001(radio) Binder:3720_4 expire 1 line
07-05 12:22:03.492 I/chatty  ( 3720): uid=1001(radio) Binder:3720_7 expire 4 lines
07-05 12:33:24.365 I/chatty  ( 3720): uid=1001(radio) com.android.phone expire 122 lines
07-05 12:33:24.370 I/chatty  ( 3720): uid=1001(radio) RILReceiver1 expire 109 lines
07-05 12:34:03.939 I/chatty  ( 3720): uid=1001(radio) Binder:3720_6 expire 5 lines
07-05 12:36:04.010 I/chatty  ( 3720): uid=1001(radio) Binder:3720_1 expire 2 lines
07-05 12:38:04.098 I/chatty  ( 3720): uid=1001(radio) Binder:3720_5 expire 4 lines
07-05 12:42:04.236 I/chatty  ( 3720): uid=1001(radio) Binder:3720_4 expire 4 lines
07-05 12:43:17.799 I/chatty  ( 3720): uid=1001(radio) RILReceiver0 expire 4 lines
07-05 12:51:59.836 I/chatty  ( 3720): uid=1001(radio) Binder:3720_3 expire 6 lines
07-05 13:09:47.440 I/chatty  ( 3720): uid=1001(radio) RILReceiver1 expire 108 lines
07-05 13:10:00.457 I/chatty  ( 3720): uid=1001(radio) Binder:3720_5 expire 4 lines
07-05 13:10:07.456 I/chatty  ( 3720): uid=1001(radio) com.android.phone expire 119 lines
07-05 13:12:00.536 I/chatty  ( 3720): uid=1001(radio) Binder:3720_6 expire 3 lines
07-05 13:13:17.804 I/chatty  ( 3720): uid=1001(radio) RILReceiver0 expire 8 lines
07-05 13:16:00.681 I/chatty  ( 3720): uid=1001(radio) Binder:3720_7 expire 4 lines
07-05 13:20:00.841 I/chatty  ( 3720): uid=1001(radio) Binder:3720_2 expire 2 lines
07-05 13:26:01.088 I/chatty  ( 3720): uid=1001(radio) Binder:3720_4 expire 5 lines
07-05 13:45:50.501 I/chatty  ( 3720): uid=1001(radio) com.android.phone expire 121 lines
07-05 13:45:50.504 I/chatty  ( 3720): uid=1001(radio) RILReceiver1 expire 108 lines
07-05 13:46:01.775 I/chatty  ( 3720): uid=1001(radio) Binder:3720_3 expire 3 lines
07-05 13:46:51.109 I/chatty  ( 3720): uid=1001(radio) RILReceiver0 expire 6 lines
07-05 13:50:01.946 I/chatty  ( 3720): uid=1001(radio) Binder:3720_5 expire 2 lines
07-05 13:52:02.006 I/chatty  ( 3720): uid=1001(radio) Binder:3720_6 expire 5 lines
07-05 13:53:19.868 I/chatty  ( 3720): uid=1001(radio) Binder:3720_1 expire 4 lines
