07-06 06:13:01.768 D/RILJ    ( 3720): [0771]< QUERY_NETWORK_SELECTION_MODE {0} [SUB0]
07-06 06:13:01.768 D/SST     ( 3720): EVENT_POLL_STATE_NETWORK_SELECTION_MODE
07-06 06:13:01.769 D/QtiSubscriptionController( 3720): getPhoneId, received dummy subId 2147483643
07-06 06:13:01.770 D/SST     ( 3720): Poll ServiceState done:  oldSS=[1 1 voice home data home null null null null null null  Unknown Unknown CSS not supported -1 -1 RoamInd=-1 DefRoamInd=-1 EmergOnly=true IsDataRoamingFromRegistration=false IsUsingCarrierAggregation=false mRilImsRadioTechnology=0] newSS=[1 1 voice home data home null null null null null null  Unknown Unknown CSS not supported -1 -1 RoamInd=-1 DefRoamInd=-1 EmergOnly=true IsDataRoamingFromRegistration=false IsUsingCarrierAggregation=false mRilImsRadioTechnology=0] oldMaxDataCalls=20 mNewMaxDataCalls=20 oldReasonDataDenied=-1 mNewReasonDataDenied=-1
07-06 06:13:01.770 D/SST     ( 3720): SST.getAllCellInfo(): return last, same thread can't block
07-06 06:13:01.770 D/SST     ( 3720): getCellLocation(): X ret WCDMA info=[36088,39869337,101]
07-06 06:13:01.770 D/TelephonyRegistry( 3248): notifyCellLocationForSubscriber: subId=2147483643 cellLocation=Bundle[mParcelledData.dataSize=64]
07-06 06:13:01.771 D/QtiSubscriptionController( 3720): getPhoneId, received dummy subId 2147483643
07-06 06:13:01.776 D/SubscriptionController( 3720): [getPhoneId]- invalid subId return=-1
07-06 06:13:01.777 D/TelephonyManager( 3248): getCellLocation returning null due to NullPointerException java.lang.NullPointerException: Attempt to invoke virtual method 'boolean android.os.Bundle.isEmpty()' on a null object reference
07-06 06:13:01.779 D/QtiSubscriptionController( 3720): getPhoneId, received dummy subId 2147483643
07-06 06:13:11.826 D/RILJ    ( 3720): [0772]> SIGNAL_STRENGTH [SUB1]
07-06 06:13:11.829 D/RILJ    ( 3720): [0772]< SIGNAL_STRENGTH SignalStrength: 0 0 0 0 0 0 0 0 0 0 0 0 0 gsm|lte [SUB1]
07-06 06:13:17.911 D/RILJ    ( 3720): [0773]> RIL_REQUEST_GET_ACTIVITY_INFO [SUB0]
07-06 06:13:17.918 D/RILJ    ( 3720): Modem activity info received: sleepModeTimeMs=160213099 idleModeTimeMs=-160194370 txModeTimeMs[]=[0, 0, 0, 0, 0] rxModeTimeMs=736 [SUB0]
07-06 06:13:17.918 D/RILJ    ( 3720): [0773]< RIL_REQUEST_GET_ACTIVITY_INFO ModemActivityInfo{ mTimestamp=161792577 mSleepTimeMs=160213099 mIdleTimeMs=-160194370 mTxTimeMs[]=[0, 0, 0, 0, 0] mRxTimeMs=736 mEnergyUsed=0} [SUB0]
07-06 06:13:31.847 D/RILJ    ( 3720): [0774]> SIGNAL_STRENGTH [SUB1]
07-06 06:13:31.850 D/RILJ    ( 3720): [0774]< SIGNAL_STRENGTH SignalStrength: 0 0 0 0 0 0 0 0 0 0 0 0 0 gsm|lte [SUB1]
07-06 06:13:37.073 D/QtiSubscriptionController( 3720): getPhoneId, received dummy subId 2147483643
07-06 06:13:51.873 D/RILJ    ( 3720): [0775]> SIGNAL_STRENGTH [SUB1]
07-06 06:13:51.876 D/RILJ    ( 3720): [0775]< SIGNAL_STRENGTH SignalStrength: 0 0 0 0 0 0 0 0 0 0 0 0 0 gsm|lte [SUB1]
07-06 06:14:11.900 D/RILJ    ( 3720): [0776]> SIGNAL_STRENGTH [SUB1]
07-06 06:14:11.903 D/RILJ    ( 3720): [0776]< SIGNAL_STRENGTH SignalStrength: 0 0 0 0 0 0 0 0 0 0 0 0 0 gsm|lte [SUB1]
07-06 06:14:16.220 D/QtiSubscriptionController( 3720): getPhoneId, received dummy subId 2147483643
07-06 06:14:16.389 D/RILJ    ( 3720): Unsol response received for UNSOL_OEM_HOOK_RAW Sending ack to ril.cpp [SUB0]
07-06 06:14:16.390 V/RILJ    ( 3720): [UNSL]< UNSOL_OEM_HOOK_RAW 514f454d484f4f4bef0308000100000003 [SUB0]
07-06 06:14:16.390 D/QtiGsmCdmaPhone( 3720): handleMessage: Event: 34
07-06 06:14:16.390 D/RILJ    ( 3720): Unsol response received for UNSOL_RESPONSE_VOICE_NETWORK_STATE_CHANGED Sending ack to ril.cpp [SUB0]
07-06 06:14:16.390 D/RILJ    ( 3720): [UNSL]< UNSOL_RESPONSE_VOICE_NETWORK_STATE_CHANGED [SUB0]
07-06 06:14:16.391 D/RILJ    ( 3720): [0779]> OPERATOR [SUB0]
07-06 06:14:16.392 D/RILJ    ( 3720): [0780]> DATA_REGISTRATION_STATE [SUB0]
07-06 06:14:16.393 D/RILJ    ( 3720): [0781]> VOICE_REGISTRATION_STATE [SUB0]
07-06 06:14:16.393 D/RILJ    ( 3720): [0782]> QUERY_NETWORK_SELECTION_MODE [SUB0]
07-06 06:14:16.394 D/RILJ    ( 3720): [0779]< OPERATOR {null, null, null} [SUB0]
07-06 06:14:16.396 D/RILJ    ( 3720): [0780]< DATA_REGISTRATION_STATE {2, null, null, null, 0, 20, null, null, null, null, null} [SUB0]
07-06 06:14:16.397 D/RILJ    ( 3720): [0781]< VOICE_REGISTRATION_STATE {12, null, null, 0, null, null, null, 0, null, null, null, null, null, 0, 195} [SUB0]
07-06 06:14:16.397 D/SST     ( 3720): handlPollStateResultMessage: GsmSST setDataRegState=1 regState=2 dataRadioTechnology=0
07-06 06:14:16.397 D/RILJ    ( 3720): [0782]< QUERY_NETWORK_SELECTION_MODE {0} [SUB0]
07-06 06:14:16.397 D/SST     ( 3720): EVENT_POLL_STATE_NETWORK_SELECTION_MODE
07-06 06:14:16.398 D/QtiSubscriptionController( 3720): getPhoneId, received dummy subId 2147483643
07-06 06:14:16.399 D/SST     ( 3720): Poll ServiceState done:  oldSS=[1 1 voice home data home null null null null null null  Unknown Unknown CSS not supported -1 -1 RoamInd=-1 DefRoamInd=-1 EmergOnly=true IsDataRoamingFromRegistration=false IsUsingCarrierAggregation=false mRilImsRadioTechnology=0] newSS=[1 1 voice home data home null null null null null null  Unknown Unknown CSS not supported -1 -1 RoamInd=-1 DefRoamInd=-1 EmergOnly=true IsDataRoamingFromRegistration=false IsUsingCarrierAggregation=false mRilImsRadioTechnology=0] oldMaxDataCalls=20 mNewMaxDataCalls=20 oldReasonDataDenied=-1 mNewReasonDataDenied=-1
07-06 06:14:16.399 D/SST     ( 3720): SST.getAllCellInfo(): return last, same thread can't block
07-06 06:14:16.399 D/SST     ( 3720): getCellLocation(): X ret WCDMA info=[36088,39869337,101]
07-06 06:14:16.399 D/TelephonyRegistry( 3248): notifyCellLocationForSubscriber: subId=2147483643 cellLocation=Bundle[mParcelledData.dataSize=64]
07-06 06:14:16.400 D/QtiSubscriptionController( 3720): getPhoneId, received dummy subId 2147483643
07-06 06:14:16.403 D/SubscriptionController( 3720): [getPhoneId]- invalid subId return=-1
07-06 06:14:16.404 D/TelephonyManager( 3248): getCellLocation returning null due to NullPointerException java.lang.NullPointerException: Attempt to invoke virtual method 'boolean android.os.Bundle.isEmpty()' on a null object reference
07-06 06:14:16.405 D/QtiSubscriptionController( 3720): getPhoneId, received dummy subId 2147483643
07-06 06:14:20.806 D/RILJ    ( 3720): Unsol response received for UNSOL_OEM_HOOK_RAW Sending ack to ril.cpp [SUB0]
07-06 06:14:20.807 V/RILJ    ( 3720): [UNSL]< UNSOL_OEM_HOOK_RAW 514f454d484f4f4bef0308000100000003 [SUB0]
07-06 06:14:20.807 D/QtiGsmCdmaPhone( 3720): handleMessage: Event: 34
07-06 06:14:20.808 D/RILJ    ( 3720): Unsol response received for UNSOL_RESPONSE_VOICE_NETWORK_STATE_CHANGED Sending ack to ril.cpp [SUB0]
07-06 06:14:20.808 D/RILJ    ( 3720): [UNSL]< UNSOL_RESPONSE_VOICE_NETWORK_STATE_CHANGED [SUB0]
07-06 06:14:20.808 D/RILJ    ( 3720): [0785]> OPERATOR [SUB0]
07-06 06:14:20.810 D/RILJ    ( 3720): [0786]> DATA_REGISTRATION_STATE [SUB0]
07-06 06:14:20.812 D/RILJ    ( 3720): [0787]> VOICE_REGISTRATION_STATE [SUB0]
07-06 06:14:20.812 D/RILJ    ( 3720): [0785]< OPERATOR {null, null, null} [SUB0]
07-06 06:14:20.814 D/RILJ    ( 3720): [0788]> QUERY_NETWORK_SELECTION_MODE [SUB0]
07-06 06:14:20.817 D/RILJ    ( 3720): [0786]< DATA_REGISTRATION_STATE {2, null, null, null, 0, 20, null, null, null, null, null} [SUB0]
07-06 06:14:20.817 D/SST     ( 3720): handlPollStateResultMessage: GsmSST setDataRegState=1 regState=2 dataRadioTechnology=0
07-06 06:14:20.817 D/RILJ    ( 3720): [0787]< VOICE_REGISTRATION_STATE {12, null, null, 0, null, null, null, 0, null, null, null, null, null, 0, 65} [SUB0]
07-06 06:14:20.818 D/RILJ    ( 3720): [0788]< QUERY_NETWORK_SELECTION_MODE {0} [SUB0]
07-06 06:14:20.818 D/SST     ( 3720): EVENT_POLL_STATE_NETWORK_SELECTION_MODE
07-06 06:14:20.819 D/QtiSubscriptionController( 3720): getPhoneId, received dummy subId 2147483643
07-06 06:14:20.820 D/SST     ( 3720): Poll ServiceState done:  oldSS=[1 1 voice home data home null null null null null null  Unknown Unknown CSS not supported -1 -1 RoamInd=-1 DefRoamInd=-1 EmergOnly=true IsDataRoamingFromRegistration=false IsUsingCarrierAggregation=false mRilImsRadioTechnology=0] newSS=[1 1 voice home data home null null null null null null  Unknown Unknown CSS not supported -1 -1 RoamInd=-1 DefRoamInd=-1 EmergOnly=true IsDataRoamingFromRegistration=false IsUsingCarrierAggregation=false mRilImsRadioTechnology=0] oldMaxDataCalls=20 mNewMaxDataCalls=20 oldReasonDataDenied=-1 mNewReasonDataDenied=-1
07-06 06:14:20.820 D/SST     ( 3720): SST.getAllCellInfo(): return last, same thread can't block
07-06 06:14:20.820 D/SST     ( 3720): getCellLocation(): X ret WCDMA info=[36088,39869337,101]
07-06 06:14:20.821 D/TelephonyRegistry( 3248): notifyCellLocationForSubscriber: subId=2147483643 cellLocation=Bundle[mParcelledData.dataSize=64]
07-06 06:14:20.822 D/QtiSubscriptionController( 3720): getPhoneId, received dummy subId 2147483643
07-06 06:14:20.827 D/SubscriptionController( 3720): [getPhoneId]- invalid subId return=-1
07-06 06:14:20.828 D/TelephonyManager( 3248): getCellLocation returning null due to NullPointerException java.lang.NullPointerException: Attempt to invoke virtual method 'boolean android.os.Bundle.isEmpty()' on a null object reference
07-06 06:14:20.831 D/QtiSubscriptionController( 3720): getPhoneId, received dummy subId 2147483643
07-06 06:14:31.918 D/RILJ    ( 3720): [0789]> SIGNAL_STRENGTH [SUB1]
07-06 06:14:31.921 D/RILJ    ( 3720): [0789]< SIGNAL_STRENGTH SignalStrength: 0 0 0 0 0 0 0 0 0 0 0 0 0 gsm|lte [SUB1]
07-06 06:14:37.138 D/QtiSubscriptionController( 3720): getPhoneId, received dummy subId 2147483643
07-06 06:14:51.944 D/RILJ    ( 3720): [0790]> SIGNAL_STRENGTH [SUB1]
07-06 06:14:51.947 D/RILJ    ( 3720): [0790]< SIGNAL_STRENGTH SignalStrength: 0 0 0 0 0 0 0 0 0 0 0 0 0 gsm|lte [SUB1]
07-06 06:15:11.966 D/RILJ    ( 3720): [0791]> SIGNAL_STRENGTH [SUB1]
07-06 06:15:11.969 D/RILJ    ( 3720): [0791]< SIGNAL_STRENGTH SignalStrength: 0 0 0 0 0 0 0 0 0 0 0 0 0 gsm|lte [SUB1]
07-06 06:15:17.301 D/RILJ    ( 3720): Unsol response received for UNSOL_OEM_HOOK_RAW Sending ack to ril.cpp [SUB0]
07-06 06:15:17.301 V/RILJ    ( 3720): [UNSL]< UNSOL_OEM_HOOK_RAW 514f454d484f4f4bef0308000100000003 [SUB0]
07-06 06:15:17.301 D/QtiGsmCdmaPhone( 3720): handleMessage: Event: 34
07-06 06:15:17.302 D/RILJ    ( 3720): Unsol response received for UNSOL_RESPONSE_VOICE_NETWORK_STATE_CHANGED Sending ack to ril.cpp [SUB0]
07-06 06:15:17.303 D/RILJ    ( 3720): [UNSL]< UNSOL_RESPONSE_VOICE_NETWORK_STATE_CHANGED [SUB0]
07-06 06:15:17.303 D/RILJ    ( 3720): [0794]> OPERATOR [SUB0]
07-06 06:15:17.304 D/RILJ    ( 3720): [0795]> DATA_REGISTRATION_STATE [SUB0]
07-06 06:15:17.305 D/RILJ    ( 3720): [0796]> VOICE_REGISTRATION_STATE [SUB0]
07-06 06:15:17.306 D/RILJ    ( 3720): [0797]> QUERY_NETWORK_SELECTION_MODE [SUB0]
07-06 06:15:17.307 D/RILJ    ( 3720): [0794]< OPERATOR {null, null, null} [SUB0]
07-06 06:15:17.313 D/RILJ    ( 3720): [0795]< DATA_REGISTRATION_STATE {2, null, null, null, 0, 20, null, null, null, null, null} [SUB0]
07-06 06:15:17.313 D/SST     ( 3720): handlPollStateResultMessage: GsmSST setDataRegState=1 regState=2 dataRadioTechnology=0
07-06 06:15:17.314 D/RILJ    ( 3720): [0797]< QUERY_NETWORK_SELECTION_MODE {0} [SUB0]
07-06 06:15:17.314 D/SST     ( 3720): EVENT_POLL_STATE_NETWORK_SELECTION_MODE
07-06 06:15:17.314 D/RILJ    ( 3720): [0796]< VOICE_REGISTRATION_STATE {12, null, null, 0, null, null, null, 0, null, null, null, null, null, 0, 195} [SUB0]
07-06 06:15:17.317 D/QtiSubscriptionController( 3720): getPhoneId, received dummy subId 2147483643
07-06 06:15:17.317 D/SST     ( 3720): Poll ServiceState done:  oldSS=[1 1 voice home data home null null null null null null  Unknown Unknown CSS not supported -1 -1 RoamInd=-1 DefRoamInd=-1 EmergOnly=true IsDataRoamingFromRegistration=false IsUsingCarrierAggregation=false mRilImsRadioTechnology=0] newSS=[1 1 voice home data home null null null null null null  Unknown Unknown CSS not supported -1 -1 RoamInd=-1 DefRoamInd=-1 EmergOnly=true IsDataRoamingFromRegistration=false IsUsingCarrierAggregation=false mRilImsRadioTechnology=0] oldMaxDataCalls=20 mNewMaxDataCalls=20 oldReasonDataDenied=-1 mNewReasonDataDenied=-1
07-06 06:15:17.317 D/SST     ( 3720): SST.getAllCellInfo(): return last, same thread can't block
07-06 06:15:17.317 D/SST     ( 3720): getCellLocation(): X ret WCDMA info=[36088,39869337,101]
07-06 06:15:17.318 D/TelephonyRegistry( 3248): notifyCellLocationForSubscriber: subId=2147483643 cellLocation=Bundle[mParcelledData.dataSize=64]
07-06 06:15:17.320 D/QtiSubscriptionController( 3720): getPhoneId, received dummy subId 2147483643
07-06 06:15:17.325 D/SubscriptionController( 3720): [getPhoneId]- invalid subId return=-1
07-06 06:15:17.326 D/TelephonyManager( 3248): getCellLocation returning null due to NullPointerException java.lang.NullPointerException: Attempt to invoke virtual method 'boolean android.os.Bundle.isEmpty()' on a null object reference
07-06 06:15:17.329 D/QtiSubscriptionController( 3720): getPhoneId, received dummy subId 2147483643
07-06 06:15:29.845 D/RILJ    ( 3720): Unsol response received for UNSOL_OEM_HOOK_RAW Sending ack to ril.cpp [SUB0]
07-06 06:15:29.845 V/RILJ    ( 3720): [UNSL]< UNSOL_OEM_HOOK_RAW 514f454d484f4f4bef0308000100000003 [SUB0]
07-06 06:15:29.846 D/QtiGsmCdmaPhone( 3720): handleMessage: Event: 34
07-06 06:15:29.846 D/RILJ    ( 3720): Unsol response received for UNSOL_RESPONSE_VOICE_NETWORK_STATE_CHANGED Sending ack to ril.cpp [SUB0]
07-06 06:15:29.846 D/RILJ    ( 3720): [UNSL]< UNSOL_RESPONSE_VOICE_NETWORK_STATE_CHANGED [SUB0]
07-06 06:15:29.847 D/RILJ    ( 3720): [0800]> OPERATOR [SUB0]
07-06 06:15:29.848 D/RILJ    ( 3720): [0801]> DATA_REGISTRATION_STATE [SUB0]
07-06 06:15:29.850 D/RILJ    ( 3720): [0802]> VOICE_REGISTRATION_STATE [SUB0]
07-06 06:15:29.850 D/RILJ    ( 3720): [0803]> QUERY_NETWORK_SELECTION_MODE [SUB0]
07-06 06:15:29.850 D/RILJ    ( 3720): [0800]< OPERATOR {null, null, null} [SUB0]
07-06 06:15:29.855 D/RILJ    ( 3720): [0801]< DATA_REGISTRATION_STATE {2, null, null, null, 0, 20, null, null, null, null, null} [SUB0]
07-06 06:15:29.855 D/SST     ( 3720): handlPollStateResultMessage: GsmSST setDataRegState=1 regState=2 dataRadioTechnology=0
07-06 06:15:29.855 D/RILJ    ( 3720): [0803]< QUERY_NETWORK_SELECTION_MODE {0} [SUB0]
07-06 06:15:29.855 D/SST     ( 3720): EVENT_POLL_STATE_NETWORK_SELECTION_MODE
07-06 06:15:29.855 D/RILJ    ( 3720): [0802]< VOICE_REGISTRATION_STATE {12, null, null, 0, null, null, null, 0, null, null, null, null, null, 0, 65} [SUB0]
07-06 06:15:29.857 D/QtiSubscriptionController( 3720): getPhoneId, received dummy subId 2147483643
07-06 06:15:29.858 D/SST     ( 3720): Poll ServiceState done:  oldSS=[1 1 voice home data home null null null null null null  Unknown Unknown CSS not supported -1 -1 RoamInd=-1 DefRoamInd=-1 EmergOnly=true IsDataRoamingFromRegistration=false IsUsingCarrierAggregation=false mRilImsRadioTechnology=0] newSS=[1 1 voice home data home null null null null null null  Unknown Unknown CSS not supported -1 -1 RoamInd=-1 DefRoamInd=-1 EmergOnly=true IsDataRoamingFromRegistration=false IsUsingCarrierAggregation=false mRilImsRadioTechnology=0] oldMaxDataCalls=20 mNewMaxDataCalls=20 oldReasonDataDenied=-1 mNewReasonDataDenied=-1
07-06 06:15:29.858 D/SST     ( 3720): SST.getAllCellInfo(): return last, same thread can't block
07-06 06:15:29.858 D/SST     ( 3720): getCellLocation(): X ret WCDMA info=[36088,39869337,101]
07-06 06:15:29.859 D/TelephonyRegistry( 3248): notifyCellLocationForSubscriber: subId=2147483643 cellLocation=Bundle[mParcelledData.dataSize=64]
07-06 06:15:29.860 D/QtiSubscriptionController( 3720): getPhoneId, received dummy subId 2147483643
07-06 06:15:29.865 D/SubscriptionController( 3720): [getPhoneId]- invalid subId return=-1
07-06 06:15:29.866 D/TelephonyManager( 3248): getCellLocation returning null due to NullPointerException java.lang.NullPointerException: Attempt to invoke virtual method 'boolean android.os.Bundle.isEmpty()' on a null object reference
07-06 06:15:29.868 D/QtiSubscriptionController( 3720): getPhoneId, received dummy subId 2147483643
07-06 06:15:31.973 D/RILJ    ( 3720): [0804]> SIGNAL_STRENGTH [SUB1]
07-06 06:15:31.976 D/RILJ    ( 3720): [0804]< SIGNAL_STRENGTH SignalStrength: 0 0 0 0 0 0 0 0 0 0 0 0 0 gsm|lte [SUB1]
07-06 06:15:51.999 D/RILJ    ( 3720): [0805]> SIGNAL_STRENGTH [SUB1]
07-06 06:15:52.002 D/RILJ    ( 3720): [0805]< SIGNAL_STRENGTH SignalStrength: 0 0 0 0 0 0 0 0 0 0 0 0 0 gsm|lte [SUB1]
07-06 06:16:11.525 D/QtiSubscriptionController( 3720): getPhoneId, received dummy subId 2147483643
07-06 06:16:12.016 D/RILJ    ( 3720): [0806]> SIGNAL_STRENGTH [SUB1]
07-06 06:16:12.019 D/RILJ    ( 3720): [0806]< SIGNAL_STRENGTH SignalStrength: 0 0 0 0 0 0 0 0 0 0 0 0 0 gsm|lte [SUB1]
07-06 06:16:26.447 D/RILJ    ( 3720): Unsol response received for UNSOL_RESPONSE_VOICE_NETWORK_STATE_CHANGED Sending ack to ril.cpp [SUB0]
07-06 06:16:26.447 D/RILJ    ( 3720): [UNSL]< UNSOL_RESPONSE_VOICE_NETWORK_STATE_CHANGED [SUB0]
07-06 06:16:26.448 D/RILJ    ( 3720): [0808]> OPERATOR [SUB0]
07-06 06:16:26.449 D/RILJ    ( 3720): Unsol response received for UNSOL_VOICE_RADIO_TECH_CHANGED Sending ack to ril.cpp [SUB0]
07-06 06:16:26.449 D/RILJ    ( 3720): [0810]> DATA_REGISTRATION_STATE [SUB0]
07-06 06:16:26.449 D/RILJ    ( 3720): [UNSL]< UNSOL_VOICE_RADIO_TECH_CHANGED {1} [SUB0]
07-06 06:16:26.450 D/RILJ    ( 3720): [0812]> VOICE_REGISTRATION_STATE [SUB0]
07-06 06:16:26.451 D/RILJ    ( 3720): Unsol response received for UNSOL_RESPONSE_VOICE_NETWORK_STATE_CHANGED Sending ack to ril.cpp [SUB0]
07-06 06:16:26.451 D/RILJ    ( 3720): [UNSL]< UNSOL_RESPONSE_VOICE_NETWORK_STATE_CHANGED [SUB0]
07-06 06:16:26.451 D/RILJ    ( 3720): [0808]< OPERATOR {null, null, null} [SUB0]
07-06 06:16:26.451 D/RILJ    ( 3720): [0813]> QUERY_NETWORK_SELECTION_MODE [SUB0]
07-06 06:16:26.452 D/QtiGsmCdmaPhone( 3720): handleMessage: Event: 39
07-06 06:16:26.452 D/GsmCdmaPhone( 3720): [GsmCdmaPhone] EVENT_VOICE_RADIO_TECH_CHANGED: newVoiceTech=1
07-06 06:16:26.452 D/GsmCdmaPhone( 3720): [GsmCdmaPhone] phoneObjectUpdater: newVoiceRadioTech=1
07-06 06:16:26.452 D/GsmCdmaPhone( 3720): [GsmCdmaPhone] phoneObjectUpdater: No change ignore, newVoiceRadioTech=1 mActivePhone=GSM
07-06 06:16:26.454 D/RILJ    ( 3720): [0814]> OPERATOR [SUB0]
07-06 06:16:26.454 D/RILJ    ( 3720): [0810]< DATA_REGISTRATION_STATE {2, null, null, null, 0, 20, null, null, null, null, null} [SUB0]
07-06 06:16:26.456 D/RILJ    ( 3720): [0815]> DATA_REGISTRATION_STATE [SUB0]
07-06 06:16:26.458 D/RILJ    ( 3720): [0816]> VOICE_REGISTRATION_STATE [SUB0]
07-06 06:16:26.459 D/RILJ    ( 3720): [0817]> QUERY_NETWORK_SELECTION_MODE [SUB0]
07-06 06:16:26.460 D/RILJ    ( 3720): [0813]< QUERY_NETWORK_SELECTION_MODE {0} [SUB0]
07-06 06:16:26.460 D/RILJ    ( 3720): [0812]< VOICE_REGISTRATION_STATE {12, null, null, 0, null, null, null, 0, null, null, null, null, null, 0, null} [SUB0]
07-06 06:16:26.461 D/SST     ( 3720): EVENT_POLL_STATE_NETWORK_SELECTION_MODE
07-06 06:16:26.461 D/RILJ    ( 3720): Unsol response received for UNSOL_RESPONSE_VOICE_NETWORK_STATE_CHANGED Sending ack to ril.cpp [SUB0]
07-06 06:16:26.461 D/RILJ    ( 3720): [UNSL]< UNSOL_RESPONSE_VOICE_NETWORK_STATE_CHANGED [SUB0]
07-06 06:16:26.461 D/RILJ    ( 3720): [0819]> OPERATOR [SUB0]
07-06 06:16:26.462 D/RILJ    ( 3720): [0814]< OPERATOR {null, null, null} [SUB0]
07-06 06:16:26.462 D/RILJ    ( 3720): [0820]> DATA_REGISTRATION_STATE [SUB0]
07-06 06:16:26.463 D/RILJ    ( 3720): [0821]> VOICE_REGISTRATION_STATE [SUB0]
07-06 06:16:26.464 D/RILJ    ( 3720): [0815]< DATA_REGISTRATION_STATE {2, null, null, null, 0, 20, null, null, null, null, null} [SUB0]
07-06 06:16:26.464 D/RILJ    ( 3720): [0822]> QUERY_NETWORK_SELECTION_MODE [SUB0]
07-06 06:16:26.464 D/RILJ    ( 3720): [0816]< VOICE_REGISTRATION_STATE {12, null, null, 0, null, null, null, 0, null, null, null, null, null, 0, null} [SUB0]
07-06 06:16:26.465 D/RILJ    ( 3720): [0817]< QUERY_NETWORK_SELECTION_MODE {0} [SUB0]
07-06 06:16:26.466 D/SST     ( 3720): EVENT_POLL_STATE_NETWORK_SELECTION_MODE
07-06 06:16:26.466 D/RILJ    ( 3720): [0819]< OPERATOR {null, null, null} [SUB0]
07-06 06:16:26.467 D/RILJ    ( 3720): [0820]< DATA_REGISTRATION_STATE {2, null, null, null, 0, 20, null, null, null, null, null} [SUB0]
07-06 06:16:26.467 D/SST     ( 3720): handlPollStateResultMessage: GsmSST setDataRegState=1 regState=2 dataRadioTechnology=0
07-06 06:16:26.468 D/RILJ    ( 3720): [0821]< VOICE_REGISTRATION_STATE {12, null, null, 0, null, null, null, 0, null, null, null, null, null, 0, null} [SUB0]
07-06 06:16:26.468 D/RILJ    ( 3720): [0822]< QUERY_NETWORK_SELECTION_MODE {0} [SUB0]
07-06 06:16:26.468 D/SST     ( 3720): EVENT_POLL_STATE_NETWORK_SELECTION_MODE
07-06 06:16:26.469 D/QtiSubscriptionController( 3720): getPhoneId, received dummy subId 2147483643
07-06 06:16:26.469 D/SST     ( 3720): Poll ServiceState done:  oldSS=[1 1 voice home data home null null null null null null  Unknown Unknown CSS not supported -1 -1 RoamInd=-1 DefRoamInd=-1 EmergOnly=true IsDataRoamingFromRegistration=false IsUsingCarrierAggregation=false mRilImsRadioTechnology=0] newSS=[1 1 voice home data home null null null null null null  Unknown Unknown CSS not supported -1 -1 RoamInd=-1 DefRoamInd=-1 EmergOnly=true IsDataRoamingFromRegistration=false IsUsingCarrierAggregation=false mRilImsRadioTechnology=0] oldMaxDataCalls=20 mNewMaxDataCalls=20 oldReasonDataDenied=-1 mNewReasonDataDenied=-1
07-06 06:16:26.469 D/SST     ( 3720): SST.getAllCellInfo(): return last, same thread can't block
07-06 06:16:26.469 D/SST     ( 3720): getCellLocation(): X ret WCDMA info=[36088,39869337,101]
07-06 06:16:26.472 D/TelephonyRegistry( 3248): notifyCellLocationForSubscriber: subId=2147483643 cellLocation=Bundle[mParcelledData.dataSize=64]
07-06 06:16:26.473 D/QtiSubscriptionController( 3720): getPhoneId, received dummy subId 2147483643
07-06 06:16:26.477 D/SubscriptionController( 3720): [getPhoneId]- invalid subId return=-1
07-06 06:16:26.477 D/TelephonyManager( 3248): getCellLocation returning null due to NullPointerException java.lang.NullPointerException: Attempt to invoke virtual method 'boolean android.os.Bundle.isEmpty()' on a null object reference
07-06 06:16:26.479 D/QtiSubscriptionController( 3720): getPhoneId, received dummy subId 2147483643
07-06 06:16:32.028 D/RILJ    ( 3720): [0823]> SIGNAL_STRENGTH [SUB1]
07-06 06:16:32.031 D/RILJ    ( 3720): [0823]< SIGNAL_STRENGTH SignalStrength: 0 0 0 0 0 0 0 0 0 0 0 0 0 gsm|lte [SUB1]
07-06 06:16:51.098 D/SubscriptionController( 3720): [getActiveSubInfoList] Sub Controller not ready
07-06 06:16:51.098 D/SubscriptionController( 3720): [getActiveSubscriptionInfoForSimSlotIndex]+ subList=null
07-06 06:16:51.944 D/RILJ    ( 3720): Unsol response received for UNSOL_RESPONSE_VOICE_NETWORK_STATE_CHANGED Sending ack to ril.cpp [SUB0]
07-06 06:16:51.944 D/RILJ    ( 3720): [UNSL]< UNSOL_RESPONSE_VOICE_NETWORK_STATE_CHANGED [SUB0]
07-06 06:16:51.944 D/RILJ    ( 3720): [0825]> OPERATOR [SUB0]
07-06 06:16:51.945 D/RILJ    ( 3720): [0826]> DATA_REGISTRATION_STATE [SUB0]
07-06 06:16:51.946 D/RILJ    ( 3720): [0827]> VOICE_REGISTRATION_STATE [SUB0]
07-06 06:16:51.947 D/RILJ    ( 3720): [0825]< OPERATOR {null, null, null} [SUB0]
07-06 06:16:51.948 D/RILJ    ( 3720): [0828]> QUERY_NETWORK_SELECTION_MODE [SUB0]
07-06 06:16:51.950 D/RILJ    ( 3720): [0826]< DATA_REGISTRATION_STATE {2, null, null, null, 0, 20, null, null, null, null, null} [SUB0]
07-06 06:16:51.951 D/SST     ( 3720): handlPollStateResultMessage: GsmSST setDataRegState=1 regState=2 dataRadioTechnology=0
07-06 06:16:51.951 D/RILJ    ( 3720): [0827]< VOICE_REGISTRATION_STATE {12, null, null, 0, null, null, null, 0, null, null, null, null, null, 0, null} [SUB0]
07-06 06:16:51.952 D/RILJ    ( 3720): [0828]< QUERY_NETWORK_SELECTION_MODE {0} [SUB0]
07-06 06:16:51.952 D/SST     ( 3720): EVENT_POLL_STATE_NETWORK_SELECTION_MODE
07-06 06:16:51.954 D/QtiSubscriptionController( 3720): getPhoneId, received dummy subId 2147483643
07-06 06:16:51.954 D/SST     ( 3720): Poll ServiceState done:  oldSS=[1 1 voice home data home null null null null null null  Unknown Unknown CSS not supported -1 -1 RoamInd=-1 DefRoamInd=-1 EmergOnly=true IsDataRoamingFromRegistration=false IsUsingCarrierAggregation=false mRilImsRadioTechnology=0] newSS=[1 1 voice home data home null null null null null null  Unknown Unknown CSS not supported -1 -1 RoamInd=-1 DefRoamInd=-1 EmergOnly=true IsDataRoamingFromRegistration=false IsUsingCarrierAggregation=false mRilImsRadioTechnology=0] oldMaxDataCalls=20 mNewMaxDataCalls=20 oldReasonDataDenied=-1 mNewReasonDataDenied=-1
07-06 06:16:51.962 D/RILJ    ( 3720): Unsol response received for UNSOL_OEM_HOOK_RAW Sending ack to ril.cpp [SUB0]
07-06 06:16:51.962 V/RILJ    ( 3720): [UNSL]< UNSOL_OEM_HOOK_RAW 514f454d484f4f4bef0308000100000003 [SUB0]
07-06 06:16:51.962 D/QtiGsmCdmaPhone( 3720): handleMessage: Event: 34
07-06 06:16:51.964 D/RILJ    ( 3720): Unsol response received for UNSOL_RESPONSE_VOICE_NETWORK_STATE_CHANGED Sending ack to ril.cpp [SUB0]
07-06 06:16:51.964 D/RILJ    ( 3720): [UNSL]< UNSOL_RESPONSE_VOICE_NETWORK_STATE_CHANGED [SUB0]
07-06 06:16:51.965 D/RILJ    ( 3720): [0832]> OPERATOR [SUB0]
07-06 06:16:51.965 D/RILJ    ( 3720): Unsol response received for UNSOL_VOICE_RADIO_TECH_CHANGED Sending ack to ril.cpp [SUB0]
07-06 06:16:51.966 D/RILJ    ( 3720): [UNSL]< UNSOL_VOICE_RADIO_TECH_CHANGED {3} [SUB0]
07-06 06:16:51.966 D/RILJ    ( 3720): [0833]> DATA_REGISTRATION_STATE [SUB0]
07-06 06:16:51.967 D/RILJ    ( 3720): [0834]> VOICE_REGISTRATION_STATE [SUB0]
07-06 06:16:51.967 D/RILJ    ( 3720): [0832]< OPERATOR {null, null, null} [SUB0]
07-06 06:16:51.968 D/RILJ    ( 3720): [0835]> QUERY_NETWORK_SELECTION_MODE [SUB0]
07-06 06:16:51.969 D/RILJ    ( 3720): Unsol response received for UNSOL_OEM_HOOK_RAW Sending ack to ril.cpp [SUB0]
07-06 06:16:51.969 V/RILJ    ( 3720): [UNSL]< UNSOL_OEM_HOOK_RAW 514f454d484f4f4bef0308000100000003 [SUB0]
07-06 06:16:51.970 D/QtiGsmCdmaPhone( 3720): handleMessage: Event: 39
07-06 06:16:51.970 D/GsmCdmaPhone( 3720): [GsmCdmaPhone] EVENT_VOICE_RADIO_TECH_CHANGED: newVoiceTech=3
07-06 06:16:51.971 D/GsmCdmaPhone( 3720): [GsmCdmaPhone] phoneObjectUpdater: newVoiceRadioTech=3
07-06 06:16:51.971 D/RILJ    ( 3720): Unsol response received for UNSOL_RESPONSE_VOICE_NETWORK_STATE_CHANGED Sending ack to ril.cpp [SUB0]
07-06 06:16:51.971 D/GsmCdmaPhone( 3720): [GsmCdmaPhone] phoneObjectUpdater: No change ignore, newVoiceRadioTech=3 mActivePhone=GSM
07-06 06:16:51.971 D/RILJ    ( 3720): [UNSL]< UNSOL_RESPONSE_VOICE_NETWORK_STATE_CHANGED [SUB0]
07-06 06:16:51.972 D/RILJ    ( 3720): [0833]< DATA_REGISTRATION_STATE {2, null, null, null, 0, 20, null, null, null, null, null} [SUB0]
07-06 06:16:51.972 D/RILJ    ( 3720): [0834]< VOICE_REGISTRATION_STATE {12, null, null, 0, null, null, null, 0, null, null, null, null, null, 0, 65} [SUB0]
07-06 06:16:51.973 D/QtiGsmCdmaPhone( 3720): handleMessage: Event: 34
07-06 06:16:51.973 D/RILJ    ( 3720): [0835]< QUERY_NETWORK_SELECTION_MODE {0} [SUB0]
07-06 06:16:51.974 D/RILJ    ( 3720): [0838]> OPERATOR [SUB0]
07-06 06:16:51.976 D/RILJ    ( 3720): [0839]> DATA_REGISTRATION_STATE [SUB0]
07-06 06:16:51.977 D/RILJ    ( 3720): [0840]> VOICE_REGISTRATION_STATE [SUB0]
07-06 06:16:51.977 D/RILJ    ( 3720): [0838]< OPERATOR {null, null, null} [SUB0]
07-06 06:16:51.978 D/RILJ    ( 3720): [0841]> QUERY_NETWORK_SELECTION_MODE [SUB0]
07-06 06:16:51.978 D/SST     ( 3720): EVENT_POLL_STATE_NETWORK_SELECTION_MODE
07-06 06:16:51.984 D/RILJ    ( 3720): [0839]< DATA_REGISTRATION_STATE {2, null, null, null, 0, 20, null, null, null, null, null} [SUB0]
07-06 06:16:51.984 D/SST     ( 3720): handlPollStateResultMessage: GsmSST setDataRegState=1 regState=2 dataRadioTechnology=0
07-06 06:16:51.984 D/RILJ    ( 3720): [0840]< VOICE_REGISTRATION_STATE {12, null, null, 0, null, null, null, 0, null, null, null, null, null, 0, 65} [SUB0]
07-06 06:16:51.985 D/RILJ    ( 3720): [0841]< QUERY_NETWORK_SELECTION_MODE {0} [SUB0]
07-06 06:16:51.985 D/SST     ( 3720): EVENT_POLL_STATE_NETWORK_SELECTION_MODE
07-06 06:16:51.986 D/QtiSubscriptionController( 3720): getPhoneId, received dummy subId 2147483643
07-06 06:16:51.986 D/SST     ( 3720): Poll ServiceState done:  oldSS=[1 1 voice home data home null null null null null null  Unknown Unknown CSS not supported -1 -1 RoamInd=-1 DefRoamInd=-1 EmergOnly=true IsDataRoamingFromRegistration=false IsUsingCarrierAggregation=false mRilImsRadioTechnology=0] newSS=[1 1 voice home data home null null null null null null  Unknown Unknown CSS not supported -1 -1 RoamInd=-1 DefRoamInd=-1 EmergOnly=true IsDataRoamingFromRegistration=false IsUsingCarrierAggregation=false mRilImsRadioTechnology=0] oldMaxDataCalls=20 mNewMaxDataCalls=20 oldReasonDataDenied=-1 mNewReasonDataDenied=-1
07-06 06:16:51.986 D/SST     ( 3720): SST.getAllCellInfo(): return last, same thread can't block
07-06 06:16:51.986 D/SST     ( 3720): getCellLocation(): X ret WCDMA info=[36088,39869337,101]
07-06 06:16:51.987 D/TelephonyRegistry( 3248): notifyCellLocationForSubscriber: subId=2147483643 cellLocation=Bundle[mParcelledData.dataSize=64]
07-06 06:16:51.987 D/QtiSubscriptionController( 3720): getPhoneId, received dummy subId 2147483643
07-06 06:16:51.991 D/SubscriptionController( 3720): [getPhoneId]- invalid subId return=-1
07-06 06:16:51.992 D/TelephonyManager( 3248): getCellLocation returning null due to NullPointerException java.lang.NullPointerException: Attempt to invoke virtual method 'boolean android.os.Bundle.isEmpty()' on a null object reference
07-06 06:16:51.993 D/QtiSubscriptionController( 3720): getPhoneId, received dummy subId 2147483643
07-06 06:16:52.035 D/RILJ    ( 3720): [0842]> SIGNAL_STRENGTH [SUB1]
07-06 06:16:52.038 D/RILJ    ( 3720): [0842]< SIGNAL_STRENGTH SignalStrength: 0 0 0 0 0 0 0 0 0 0 0 0 0 gsm|lte [SUB1]
07-06 06:17:12.061 D/RILJ    ( 3720): [0843]> SIGNAL_STRENGTH [SUB1]
07-06 06:17:12.064 D/RILJ    ( 3720): [0843]< SIGNAL_STRENGTH SignalStrength: 0 0 0 0 0 0 0 0 0 0 0 0 0 gsm|lte [SUB1]
07-06 06:17:32.085 D/RILJ    ( 3720): [0844]> SIGNAL_STRENGTH [SUB1]
07-06 06:17:32.088 D/RILJ    ( 3720): [0844]< SIGNAL_STRENGTH SignalStrength: 0 0 0 0 0 0 0 0 0 0 0 0 0 gsm|lte [SUB1]
07-06 06:17:38.688 D/RILJ    ( 3720): [0845]> RIL_REQUEST_GET_CELL_INFO_LIST [SUB0]
07-06 06:17:38.695 D/RILJ    ( 3720): [0845]< RIL_REQUEST_GET_CELL_INFO_LIST [CellInfoWcdma:{mRegistered=NO mTimeStampType=oem_ril mTimeStamp=104661268504085ns CellIdentityWcdma:{ mMcc=404 mMnc=7 mLac=36088 mCid=39869337 mPsc=101 mUarfcn=10807} CellSignalStrengthWcdma: ss=10 ber=99}, CellInfoWcdma:{mRegistered=NO mTimeStampType=oem_ril mTimeStamp=104661268504085ns CellIdentityWcdma:{ mMcc=2147483647 mMnc=2147483647 mLac=2147483647 mCid=2147483647 mPsc=405 mUarfcn=10807} CellSignalStrengthWcdma: ss=7 ber=99}] [SUB0]
07-06 06:17:38.696 D/SST     ( 3720): SST.getAllCellInfo(): return last, back to back calls
07-06 06:17:38.696 D/RILJ    ( 3720): [0846]> RIL_REQUEST_GET_CELL_INFO_LIST [SUB1]
07-06 06:17:38.702 D/RilRequest( 3720): [0846]< RIL_REQUEST_GET_CELL_INFO_LIST error: com.android.internal.telephony.CommandException: SYSTEM_ERR ret=
07-06 06:17:38.702 D/SST     ( 3720): EVENT_GET_CELL_INFO_LIST: error ret null, e=com.android.internal.telephony.CommandException: SYSTEM_ERR
07-06 06:17:38.702 D/SST     ( 3720): SST.getAllCellInfo(): X size=0 list=null
07-06 06:17:38.715 D/QtiSubscriptionController( 3720): getPhoneId, received dummy subId 2147483643
07-06 06:17:52.104 D/RILJ    ( 3720): [0847]> SIGNAL_STRENGTH [SUB1]
07-06 06:17:52.107 D/RILJ    ( 3720): [0847]< SIGNAL_STRENGTH SignalStrength: 0 0 0 0 0 0 0 0 0 0 0 0 0 gsm|lte [SUB1]
07-06 06:18:12.131 D/RILJ    ( 3720): [0848]> SIGNAL_STRENGTH [SUB1]
07-06 06:18:12.134 D/RILJ    ( 3720): [0848]< SIGNAL_STRENGTH SignalStrength: 0 0 0 0 0 0 0 0 0 0 0 0 0 gsm|lte [SUB1]
07-06 06:18:15.098 D/QtiSubscriptionController( 3720): getPhoneId, received dummy subId 2147483643
07-06 06:18:32.156 D/RILJ    ( 3720): [0849]> SIGNAL_STRENGTH [SUB1]
07-06 06:18:32.159 D/RILJ    ( 3720): [0849]< SIGNAL_STRENGTH SignalStrength: 0 0 0 0 0 0 0 0 0 0 0 0 0 gsm|lte [SUB1]
07-06 06:18:38.766 D/QtiSubscriptionController( 3720): getPhoneId, received dummy subId 2147483643
07-06 06:18:52.182 D/RILJ    ( 3720): [0850]> SIGNAL_STRENGTH [SUB1]
07-06 06:18:52.187 D/RILJ    ( 3720): [0850]< SIGNAL_STRENGTH SignalStrength: 0 0 0 0 0 0 0 0 0 0 0 0 0 gsm|lte [SUB1]
07-06 06:19:12.212 D/RILJ    ( 3720): [0851]> SIGNAL_STRENGTH [SUB1]
07-06 06:19:12.215 D/RILJ    ( 3720): [0851]< SIGNAL_STRENGTH SignalStrength: 0 0 0 0 0 0 0 0 0 0 0 0 0 gsm|lte [SUB1]
07-06 06:19:32.227 D/RILJ    ( 3720): [0852]> SIGNAL_STRENGTH [SUB1]
07-06 06:19:32.230 D/RILJ    ( 3720): [0852]< SIGNAL_STRENGTH SignalStrength: 0 0 0 0 0 0 0 0 0 0 0 0 0 gsm|lte [SUB1]
07-06 06:19:52.253 D/RILJ    ( 3720): [0853]> SIGNAL_STRENGTH [SUB1]
07-06 06:19:52.258 D/RILJ    ( 3720): [0853]< SIGNAL_STRENGTH SignalStrength: 0 0 0 0 0 0 0 0 0 0 0 0 0 gsm|lte [SUB1]
07-06 06:20:10.420 D/QtiSubscriptionController( 3720): getPhoneId, received dummy subId 2147483643
07-06 06:20:12.277 D/RILJ    ( 3720): [0854]> SIGNAL_STRENGTH [SUB1]
07-06 06:20:12.280 D/RILJ    ( 3720): [0854]< SIGNAL_STRENGTH SignalStrength: 0 0 0 0 0 0 0 0 0 0 0 0 0 gsm|lte [SUB1]
07-06 06:20:32.301 D/RILJ    ( 3720): [0855]> SIGNAL_STRENGTH [SUB1]
07-06 06:20:32.304 D/RILJ    ( 3720): [0855]< SIGNAL_STRENGTH SignalStrength: 0 0 0 0 0 0 0 0 0 0 0 0 0 gsm|lte [SUB1]
07-06 06:20:52.327 D/RILJ    ( 3720): [0856]> SIGNAL_STRENGTH [SUB1]
07-06 06:20:52.330 D/RILJ    ( 3720): [0856]< SIGNAL_STRENGTH SignalStrength: 0 0 0 0 0 0 0 0 0 0 0 0 0 gsm|lte [SUB1]
07-06 06:21:10.467 D/QtiSubscriptionController( 3720): getPhoneId, received dummy subId 2147483643
07-06 06:21:12.352 D/RILJ    ( 3720): [0857]> SIGNAL_STRENGTH [SUB1]
07-06 06:21:12.355 D/RILJ    ( 3720): [0857]< SIGNAL_STRENGTH SignalStrength: 0 0 0 0 0 0 0 0 0 0 0 0 0 gsm|lte [SUB1]
07-06 06:21:32.376 D/RILJ    ( 3720): [0858]> SIGNAL_STRENGTH [SUB1]
07-06 06:21:32.379 D/RILJ    ( 3720): [0858]< SIGNAL_STRENGTH SignalStrength: 0 0 0 0 0 0 0 0 0 0 0 0 0 gsm|lte [SUB1]
07-06 06:21:52.402 D/RILJ    ( 3720): [0859]> SIGNAL_STRENGTH [SUB1]
07-06 06:21:52.404 D/RILJ    ( 3720): [0859]< SIGNAL_STRENGTH SignalStrength: 0 0 0 0 0 0 0 0 0 0 0 0 0 gsm|lte [SUB1]
07-06 06:22:10.512 D/QtiSubscriptionController( 3720): getPhoneId, received dummy subId 2147483643
07-06 06:22:12.427 D/RILJ    ( 3720): [0860]> SIGNAL_STRENGTH [SUB1]
07-06 06:22:12.430 D/RILJ    ( 3720): [0860]< SIGNAL_STRENGTH SignalStrength: 0 0 0 0 0 0 0 0 0 0 0 0 0 gsm|lte [SUB1]
07-06 06:22:32.446 D/RILJ    ( 3720): [0861]> SIGNAL_STRENGTH [SUB1]
07-06 06:22:32.449 D/RILJ    ( 3720): [0861]< SIGNAL_STRENGTH SignalStrength: 0 0 0 0 0 0 0 0 0 0 0 0 0 gsm|lte [SUB1]
07-06 06:22:50.328 D/SubscriptionController( 3720): [getActiveSubInfoList] Sub Controller not ready
07-06 06:22:50.328 D/SubscriptionController( 3720): [getActiveSubscriptionInfoForSimSlotIndex]+ subList=null
07-06 06:22:50.329 D/RILJ    ( 3720): [0862]> RIL_REQUEST_GET_ACTIVITY_INFO [SUB0]
07-06 06:22:50.340 D/RILJ    ( 3720): Modem activity info received: sleepModeTimeMs=160776691 idleModeTimeMs=-160211786 txModeTimeMs[]=[0, 0, 0, 0, 0] rxModeTimeMs=7514 [SUB0]
07-06 06:22:50.340 D/RILJ    ( 3720): [0862]< RIL_REQUEST_GET_ACTIVITY_INFO ModemActivityInfo{ mTimestamp=162364999 mSleepTimeMs=160776691 mIdleTimeMs=-160211786 mTxTimeMs[]=[0, 0, 0, 0, 0] mRxTimeMs=7514 mEnergyUsed=0} [SUB0]
07-06 06:22:50.487 D/SubscriptionController( 3720): [getActiveSubInfoList] Sub Controller not ready
07-06 06:22:50.487 D/SubscriptionController( 3720): [getActiveSubscriptionInfoForSimSlotIndex]+ subList=null
07-06 06:22:50.488 D/RILJ    ( 3720): [0863]> RIL_REQUEST_GET_ACTIVITY_INFO [SUB0]
07-06 06:22:50.498 D/RILJ    ( 3720): Modem activity info received: sleepModeTimeMs=160776691 idleModeTimeMs=-160211786 txModeTimeMs[]=[0, 0, 0, 0, 0] rxModeTimeMs=7514 [SUB0]
07-06 06:22:50.498 D/RILJ    ( 3720): [0863]< RIL_REQUEST_GET_ACTIVITY_INFO ModemActivityInfo{ mTimestamp=162365157 mSleepTimeMs=160776691 mIdleTimeMs=-160211786 mTxTimeMs[]=[0, 0, 0, 0, 0] mRxTimeMs=7514 mEnergyUsed=0} [SUB0]
07-06 06:22:50.550 D/SubscriptionController( 3720): [getActiveSubInfoList] Sub Controller not ready
07-06 06:22:50.551 D/SubscriptionController( 3720): [getActiveSubscriptionInfoForSimSlotIndex]+ subList=null
07-06 06:22:50.551 D/RILJ    ( 3720): [0864]> RIL_REQUEST_GET_ACTIVITY_INFO [SUB0]
07-06 06:22:50.555 D/RILJ    ( 3720): Modem activity info received: sleepModeTimeMs=160776691 idleModeTimeMs=-160211786 txModeTimeMs[]=[0, 0, 0, 0, 0] rxModeTimeMs=7514 [SUB0]
07-06 06:22:50.555 D/RILJ    ( 3720): [0864]< RIL_REQUEST_GET_ACTIVITY_INFO ModemActivityInfo{ mTimestamp=162365214 mSleepTimeMs=160776691 mIdleTimeMs=-160211786 mTxTimeMs[]=[0, 0, 0, 0, 0] mRxTimeMs=7514 mEnergyUsed=0} [SUB0]
07-06 06:22:52.453 D/RILJ    ( 3720): [0865]> SIGNAL_STRENGTH [SUB1]
07-06 06:22:52.456 D/RILJ    ( 3720): [0865]< SIGNAL_STRENGTH SignalStrength: 0 0 0 0 0 0 0 0 0 0 0 0 0 gsm|lte [SUB1]
07-06 06:23:10.553 D/QtiSubscriptionController( 3720): getPhoneId, received dummy subId 2147483643
07-06 06:23:12.478 D/RILJ    ( 3720): [0866]> SIGNAL_STRENGTH [SUB1]
07-06 06:23:12.481 D/RILJ    ( 3720): [0866]< SIGNAL_STRENGTH SignalStrength: 0 0 0 0 0 0 0 0 0 0 0 0 0 gsm|lte [SUB1]
07-06 06:23:20.706 D/SubscriptionController( 3720): [getActiveSubInfoList] Sub Controller not ready
07-06 06:23:20.707 D/SubscriptionController( 3720): [getActiveSubscriptionInfoForSimSlotIndex]+ subList=null
07-06 06:23:32.494 D/RILJ    ( 3720): [0867]> SIGNAL_STRENGTH [SUB1]
07-06 06:23:32.496 D/RILJ    ( 3720): [0867]< SIGNAL_STRENGTH SignalStrength: 0 0 0 0 0 0 0 0 0 0 0 0 0 gsm|lte [SUB1]
07-06 06:23:38.697 D/RILJ    ( 3720): [0868]> RIL_REQUEST_GET_CELL_INFO_LIST [SUB0]
07-06 06:23:38.706 D/RILJ    ( 3720): [0868]< RIL_REQUEST_GET_CELL_INFO_LIST [CellInfoWcdma:{mRegistered=NO mTimeStampType=oem_ril mTimeStamp=105021278299885ns CellIdentityWcdma:{ mMcc=404 mMnc=7 mLac=36088 mCid=39869337 mPsc=101 mUarfcn=10807} CellSignalStrengthWcdma: ss=8 ber=99}, CellInfoWcdma:{mRegistered=NO mTimeStampType=oem_ril mTimeStamp=105021278299885ns CellIdentityWcdma:{ mMcc=2147483647 mMnc=2147483647 mLac=2147483647 mCid=2147483647 mPsc=404 mUarfcn=10807} CellSignalStrengthWcdma: ss=8 ber=99}, CellInfoWcdma:{mRegistered=NO mTimeStampType=oem_ril mTimeStamp=105021278299885ns CellIdentityWcdma:{ mMcc=2147483647 mMnc=2147483647 mLac=2147483647 mCid=2147483647 mPsc=405 mUarfcn=10807} CellSignalStrengthWcdma: ss=4 ber=99}, CellInfoGsm:{mRegistered=NO mTimeStampType=oem_ril mTimeStamp=105021278299885ns CellIdentityGsm:{ mMcc=2147483647 mMnc=2147483647 mLac=2147483647 mCid=2147483647 mArfcn=752 mBsic=0x7fffffff} CellSignalStrengthGsm: ss=8 ber=99 mTa=2147483647}, CellInfoGsm:{mRegistered=NO mTimeStampType=oem_ril mTimeStamp=105021278299885ns CellIdentityGsm:{ mMcc=2147483647 mMnc=2147483647 mLac=2147483647 mCid=2147483647 mArfcn=752 mBsic=0x7fffffff} CellSignalStrengthGsm: ss=8 ber=99 mTa=2147483647}, CellInfoGsm:{mRegistered=NO mTimeStampType=oem_ril mTimeStamp=105021278299885ns CellIdentityGsm:{ mMcc=2147483647 mMnc=2147483647 mLac=2147483647 mCid=2147483647 mArfcn=748 mBsic=0x7fffffff} CellSignalStrengthGsm: ss=8 ber=99 mTa=2147483647}, CellInfoGsm:{mRegistered=NO mTimeStampType=oem_ril mTimeStamp=105021278299885ns CellIdentityGsm:{ mMcc=2147483647 mMnc=2147483647 mLac=2147483647 mCid=2147483647 mArfcn=747 mBsic=0x7fffffff} CellSignalStrengthGsm: ss=7 ber=99 mTa=2147483647}, CellInfoGsm:{mRegistered=NO mTimeStampType=oem_ril mTimeStamp=105021278299885ns CellIdentityGsm:{ mMcc=2147483647 mMnc=2147483647 mLac=2147483647 mCid=2147483647 mArfcn=24 mBsic=0x7fffffff} CellSignalStrengthGsm: ss=6 ber=99 mTa=2147483647}, CellInfoGsm:{mRegistered=NO mTimeStampType=oem_ril mTimeStamp=105021278299885ns CellIdentityGsm:{ mMcc=2147483647 mMnc=2147483647 mLac=2147483647 mCid=2147483647 mArfcn=746 mBsic=0x7fffffff} CellSignalStrengthGsm: ss=5 ber=99 mTa=2147483647}, CellInfoGsm:{mRegistered=NO mTimeStampType=oem_ril mTimeStamp=105021278299885ns CellIdentityGsm:{ mMcc=2147483647 mMnc=2147483647 mLac=2147483647 mCid=2147483647 mArfcn=746 mBsic=0x7fffffff} CellSignalStrengthGsm: ss=5 ber=99 mTa=2147483647}, CellInfoGsm:{mRegistered=NO mTimeStampType=oem_ril mTimeStamp=105021278299885ns CellIdentityGsm:{ mMcc=2147483647 mMnc=2147483647 mLac=2147483647 mCid=2147483647 mArfcn=746 mBsic=0x7fffffff} CellSignalStrengthGsm: ss=4 ber=99 mTa=2147483647}] [SUB0]
07-06 06:23:38.708 D/SST     ( 3720): SST.getAllCellInfo(): return last, back to back calls
07-06 06:23:38.708 D/RILJ    ( 3720): [0869]> RIL_REQUEST_GET_CELL_INFO_LIST [SUB1]
07-06 06:23:38.715 D/RilRequest( 3720): [0869]< RIL_REQUEST_GET_CELL_INFO_LIST error: com.android.internal.telephony.CommandException: SYSTEM_ERR ret=
07-06 06:23:38.715 D/SST     ( 3720): EVENT_GET_CELL_INFO_LIST: error ret null, e=com.android.internal.telephony.CommandException: SYSTEM_ERR
07-06 06:23:38.716 D/SST     ( 3720): SST.getAllCellInfo(): X size=0 list=null
07-06 06:23:42.373 D/RILJ    ( 3720): Unsol response received for UNSOL_RESPONSE_VOICE_NETWORK_STATE_CHANGED Sending ack to ril.cpp [SUB0]
07-06 06:23:42.373 D/RILJ    ( 3720): [UNSL]< UNSOL_RESPONSE_VOICE_NETWORK_STATE_CHANGED [SUB0]
07-06 06:23:42.373 D/RILJ    ( 3720): [0872]> OPERATOR [SUB0]
07-06 06:23:42.375 D/RILJ    ( 3720): Unsol response received for UNSOL_VOICE_RADIO_TECH_CHANGED Sending ack to ril.cpp [SUB0]
07-06 06:23:42.375 D/RILJ    ( 3720): [0873]> DATA_REGISTRATION_STATE [SUB0]
07-06 06:23:42.375 D/RILJ    ( 3720): [UNSL]< UNSOL_VOICE_RADIO_TECH_CHANGED {1} [SUB0]
07-06 06:23:42.376 D/RILJ    ( 3720): [0874]> VOICE_REGISTRATION_STATE [SUB0]
07-06 06:23:42.376 D/RILJ    ( 3720): [0872]< OPERATOR {null, null, null} [SUB0]
07-06 06:23:42.378 D/RILJ    ( 3720): [0875]> QUERY_NETWORK_SELECTION_MODE [SUB0]
07-06 06:23:42.379 D/QtiGsmCdmaPhone( 3720): handleMessage: Event: 39
07-06 06:23:42.379 D/GsmCdmaPhone( 3720): [GsmCdmaPhone] EVENT_VOICE_RADIO_TECH_CHANGED: newVoiceTech=1
07-06 06:23:42.379 D/GsmCdmaPhone( 3720): [GsmCdmaPhone] phoneObjectUpdater: newVoiceRadioTech=1
07-06 06:23:42.379 D/GsmCdmaPhone( 3720): [GsmCdmaPhone] phoneObjectUpdater: No change ignore, newVoiceRadioTech=1 mActivePhone=GSM
07-06 06:23:42.380 D/RILJ    ( 3720): [0873]< DATA_REGISTRATION_STATE {2, null, null, null, 0, 20, null, null, null, null, null} [SUB0]
07-06 06:23:42.381 D/RILJ    ( 3720): [0874]< VOICE_REGISTRATION_STATE {12, null, null, 0, null, null, null, 0, null, null, null, null, null, 0, null} [SUB0]
07-06 06:23:42.381 D/SST     ( 3720): handlPollStateResultMessage: GsmSST setDataRegState=1 regState=2 dataRadioTechnology=0
07-06 06:23:42.382 D/RILJ    ( 3720): [0875]< QUERY_NETWORK_SELECTION_MODE {0} [SUB0]
07-06 06:23:42.382 D/SST     ( 3720): EVENT_POLL_STATE_NETWORK_SELECTION_MODE
07-06 06:23:42.384 D/RILJ    ( 3720): Unsol response received for UNSOL_RESPONSE_VOICE_NETWORK_STATE_CHANGED Sending ack to ril.cpp [SUB0]
07-06 06:23:42.384 D/RILJ    ( 3720): [UNSL]< UNSOL_RESPONSE_VOICE_NETWORK_STATE_CHANGED [SUB0]
07-06 06:23:42.384 D/QtiSubscriptionController( 3720): getPhoneId, received dummy subId 2147483643
07-06 06:23:42.385 D/SST     ( 3720): Poll ServiceState done:  oldSS=[1 1 voice home data home null null null null null null  Unknown Unknown CSS not supported -1 -1 RoamInd=-1 DefRoamInd=-1 EmergOnly=true IsDataRoamingFromRegistration=false IsUsingCarrierAggregation=false mRilImsRadioTechnology=0] newSS=[1 1 voice home data home null null null null null null  Unknown Unknown CSS not supported -1 -1 RoamInd=-1 DefRoamInd=-1 EmergOnly=true IsDataRoamingFromRegistration=false IsUsingCarrierAggregation=false mRilImsRadioTechnology=0] oldMaxDataCalls=20 mNewMaxDataCalls=20 oldReasonDataDenied=-1 mNewReasonDataDenied=-1
07-06 06:23:42.385 D/SST     ( 3720): SST.getAllCellInfo(): return last, same thread can't block
07-06 06:23:42.385 D/SST     ( 3720): getCellLocation(): X ret WCDMA info=[36088,39869337,101]
07-06 06:23:42.385 D/RILJ    ( 3720): Unsol response received for UNSOL_RESPONSE_VOICE_NETWORK_STATE_CHANGED Sending ack to ril.cpp [SUB0]
07-06 06:23:42.385 D/RILJ    ( 3720): [UNSL]< UNSOL_RESPONSE_VOICE_NETWORK_STATE_CHANGED [SUB0]
07-06 06:23:42.385 D/TelephonyRegistry( 3248): notifyCellLocationForSubscriber: subId=2147483643 cellLocation=Bundle[mParcelledData.dataSize=64]
07-06 06:23:42.386 D/QtiSubscriptionController( 3720): getPhoneId, received dummy subId 2147483643
07-06 06:23:42.391 D/SubscriptionController( 3720): [getPhoneId]- invalid subId return=-1
07-06 06:23:42.391 D/RILJ    ( 3720): [0878]> OPERATOR [SUB0]
07-06 06:23:42.392 D/TelephonyManager( 3248): getCellLocation returning null due to NullPointerException java.lang.NullPointerException: Attempt to invoke virtual method 'boolean android.os.Bundle.isEmpty()' on a null object reference
07-06 06:23:42.393 D/RILJ    ( 3720): [0879]> DATA_REGISTRATION_STATE [SUB0]
07-06 06:23:42.395 D/QtiSubscriptionController( 3720): getPhoneId, received dummy subId 2147483643
07-06 06:23:42.395 D/RILJ    ( 3720): [0880]> VOICE_REGISTRATION_STATE [SUB0]
07-06 06:23:42.395 D/RILJ    ( 3720): [0878]< OPERATOR {null, null, null} [SUB0]
07-06 06:23:42.396 D/RILJ    ( 3720): [0881]> QUERY_NETWORK_SELECTION_MODE [SUB0]
07-06 06:23:42.397 D/RILJ    ( 3720): [0882]> OPERATOR [SUB0]
07-06 06:23:42.397 D/RILJ    ( 3720): [0883]> DATA_REGISTRATION_STATE [SUB0]
07-06 06:23:42.398 D/RILJ    ( 3720): [0884]> VOICE_REGISTRATION_STATE [SUB0]
07-06 06:23:42.399 D/RILJ    ( 3720): [0885]> QUERY_NETWORK_SELECTION_MODE [SUB0]
07-06 06:23:42.399 D/RILJ    ( 3720): [0879]< DATA_REGISTRATION_STATE {2, null, null, null, 0, 20, null, null, null, null, null} [SUB0]
07-06 06:23:42.400 D/RILJ    ( 3720): [0883]< DATA_REGISTRATION_STATE {2, null, null, null, 0, 20, null, null, null, null, null} [SUB0]
07-06 06:23:42.400 D/SST     ( 3720): handlPollStateResultMessage: GsmSST setDataRegState=1 regState=2 dataRadioTechnology=0
07-06 06:23:42.400 D/RILJ    ( 3720): [0880]< VOICE_REGISTRATION_STATE {12, null, null, 0, null, null, null, 0, null, null, null, null, null, 0, null} [SUB0]
07-06 06:23:42.400 D/RILJ    ( 3720): [0884]< VOICE_REGISTRATION_STATE {12, null, null, 0, null, null, null, 0, null, null, null, null, null, 0, null} [SUB0]
07-06 06:23:42.400 D/RILJ    ( 3720): [0882]< OPERATOR {null, null, null} [SUB0]
07-06 06:23:42.400 D/RILJ    ( 3720): [0881]< QUERY_NETWORK_SELECTION_MODE {0} [SUB0]
07-06 06:23:42.400 D/SST     ( 3720): EVENT_POLL_STATE_NETWORK_SELECTION_MODE
07-06 06:23:42.400 D/RILJ    ( 3720): [0885]< QUERY_NETWORK_SELECTION_MODE {0} [SUB0]
07-06 06:23:42.400 D/SST     ( 3720): EVENT_POLL_STATE_NETWORK_SELECTION_MODE
07-06 06:23:42.401 D/QtiSubscriptionController( 3720): getPhoneId, received dummy subId 2147483643
07-06 06:23:42.402 D/SST     ( 3720): Poll ServiceState done:  oldSS=[1 1 voice home data home null null null null null null  Unknown Unknown CSS not supported -1 -1 RoamInd=-1 DefRoamInd=-1 EmergOnly=true IsDataRoamingFromRegistration=false IsUsingCarrierAggregation=false mRilImsRadioTechnology=0] newSS=[1 1 voice home data home null null null null null null  Unknown Unknown CSS not supported -1 -1 RoamInd=-1 DefRoamInd=-1 EmergOnly=true IsDataRoamingFromRegistration=false IsUsingCarrierAggregation=false mRilImsRadioTechnology=0] oldMaxDataCalls=20 mNewMaxDataCalls=20 oldReasonDataDenied=-1 mNewReasonDataDenied=-1
07-06 06:23:50.706 D/SubscriptionController( 3720): [getActiveSubInfoList] Sub Controller not ready
07-06 06:23:50.707 D/SubscriptionController( 3720): [getActiveSubscriptionInfoForSimSlotIndex]+ subList=null
07-06 06:23:52.501 D/RILJ    ( 3720): [0886]> SIGNAL_STRENGTH [SUB1]
07-06 06:23:52.505 D/RILJ    ( 3720): [0886]< SIGNAL_STRENGTH SignalStrength: 0 0 0 0 0 0 0 0 0 0 0 0 0 gsm|lte [SUB1]
07-06 06:24:10.644 D/QtiSubscriptionController( 3720): getPhoneId, received dummy subId 2147483643
07-06 06:24:12.528 D/RILJ    ( 3720): [0887]> SIGNAL_STRENGTH [SUB1]
07-06 06:24:12.531 D/RILJ    ( 3720): [0887]< SIGNAL_STRENGTH SignalStrength: 0 0 0 0 0 0 0 0 0 0 0 0 0 gsm|lte [SUB1]
07-06 06:24:14.190 D/RILJ    ( 3720): Unsol response received for UNSOL_RESPONSE_VOICE_NETWORK_STATE_CHANGED Sending ack to ril.cpp [SUB0]
07-06 06:24:14.190 D/RILJ    ( 3720): [UNSL]< UNSOL_RESPONSE_VOICE_NETWORK_STATE_CHANGED [SUB0]
07-06 06:24:14.190 D/RILJ    ( 3720): [0889]> OPERATOR [SUB0]
07-06 06:24:14.192 D/RILJ    ( 3720): [0890]> DATA_REGISTRATION_STATE [SUB0]
07-06 06:24:14.193 D/RILJ    ( 3720): [0891]> VOICE_REGISTRATION_STATE [SUB0]
07-06 06:24:14.194 D/RILJ    ( 3720): [0892]> QUERY_NETWORK_SELECTION_MODE [SUB0]
07-06 06:24:14.195 D/RILJ    ( 3720): [0889]< OPERATOR {null, null, null} [SUB0]
07-06 06:24:14.199 D/RILJ    ( 3720): [0890]< DATA_REGISTRATION_STATE {2, null, null, null, 0, 20, null, null, null, null, null} [SUB0]
07-06 06:24:14.199 D/SST     ( 3720): handlPollStateResultMessage: GsmSST setDataRegState=1 regState=2 dataRadioTechnology=0
07-06 06:24:14.199 D/RILJ    ( 3720): [0892]< QUERY_NETWORK_SELECTION_MODE {0} [SUB0]
07-06 06:24:14.199 D/SST     ( 3720): EVENT_POLL_STATE_NETWORK_SELECTION_MODE
07-06 06:24:14.200 D/RILJ    ( 3720): [0891]< VOICE_REGISTRATION_STATE {12, null, null, 0, null, null, null, 0, null, null, null, null, null, 0, null} [SUB0]
07-06 06:24:14.201 D/QtiSubscriptionController( 3720): getPhoneId, received dummy subId 2147483643
